******************************************************************************
               TMS320C6x Linker Unix v8.1.3                    
******************************************************************************
>> Linked Tue Jan  9 15:07:25 2018

OUTPUT FILE NAME:   <xwr16xx_mmw_dss.xe674>
ENTRY POINT SYMBOL: "_c_int00"  address: 007fd540


MEMORY CONFIGURATION

         name            origin    length      used     unused   attr    fill
----------------------  --------  ---------  --------  --------  ----  --------
PAGE 0:
  L2SRAM_UMAP1          007e0000   00020000  00020000  00000000  RWIX
  L2SRAM_UMAP0          00800000   00020000  00016a31  000095cf  RWIX
  L1PSRAM               00e00000   00004000  00003f00  00000100  RWIX
  L1DSRAM               00f00000   00004000  00004000  00000000  RWIX
  L3SRAM                20000000   000a0000  00004a20  0009b5e0  RWIX
  HSRAM                 21080000   00008000  00000004  00007ffc  RWIX

PAGE 1:
  L3SRAM                20000000   000a0000  000a0000  00000000  RWIX


SEGMENT ALLOCATION MAP

run origin  load origin   length   init length attrs members
----------  ----------- ---------- ----------- ----- -------
007e0000    007e0000    00022620   00022620    r-x
  007e0000    007e0000    00000200   00000200    r-x .vecs
  007e0200    007e0200    0001fe00   0001fe00    r-x .text.1
  00800000    00800000    00002620   00002620    r-x .text.2
00802620    00802620    00010000   00000000    rw-
  00802620    00802620    0000c000   00000000    rw- .l2data
  0080e620    0080e620    00004000   00000000    rw- systemHeap
00812620    00812620    00001de9   00001de9    r--
  00812620    00812620    00001de9   00001de9    r-- .const
00814410    00814410    00002380   0000121c    rw-
  00814410    00814410    0000121c   0000121c    rw- .fardata
  00815630    00815630    00000d44   00000000    rw- .far
  00816378    00816378    00000418   00000000    rw- .stack
00816790    00816790    00000114   00000114    r--
  00816790    00816790    00000114   00000114    r-- .switch
008168a8    008168a8    00000120   00000000    rw-
  008168a8    008168a8    00000120   00000000    rw- .cio
008169c8    008169c8    0000006c   0000006c    rw-
  008169c8    008169c8    00000038   00000038    rw- .data
  00816a00    00816a00    00000034   00000034    rw- .neardata
00816a38    00816a38    00000010   00000010    r--
  00816a38    00816a38    00000010   00000010    r-- .ovly
00e00000    20000000    00003f00   00003f00    r-x
  00e00000    20000000    00003f00   00003f00    r-x .fastCode
00f00000    00f00000    00004000   00000000    rw-
  00f00000    00f00000    00004000   00000000    rw- .l1data
20003f00    20003f00    00000b20   00000b20    r-x
  20003f00    20003f00    00000b20   00000b20    r-x .overlay
21080000    21080000    00000004   00000000    rw-
  21080000    21080000    00000004   00000000    rw- .demoSharedMem
20000000    20000000    000a0000   00000000    rw-
  20000000    20000000    000a0000   00000000    rw- .l3data


SECTION ALLOCATION MAP

 output                                  attributes/
section   page    origin      length       input sections
--------  ----  ----------  ----------   ----------------
.vecs      0    007e0000    00000200     
                  007e0000    00000200     dss_mmw_pe674.oe674 (.vecs)

.text.1    0    007e0200    0001fe00     
                  007e0200    00000bc0     dss_main.oe674 (.text:MmwDemo_dssDataPathTask)
                  007e0dc0    000008a0     ti.targets.rts6000.ae674 : System.oe674 (.text:xdc_runtime_System_doPrint__I)
                  007e1660    00000780     sysbios.ae674 : BIOS.obj (.text:ti_sysbios_family_c64p_Exception_handler__I)
                  007e1de0    00000740                   : BIOS.obj (.text:ti_sysbios_knl_Event_pend__E)
                  007e2520    00000740                   : BIOS.obj (.text:ti_sysbios_knl_Semaphore_pend__E)
                  007e2c60    00000660     dss_main.oe674 (.text:MmwDemo_parseProfileAndChirpConfig)
                  007e32c0    00000640     sysbios.ae674 : BIOS.obj (.text:ti_sysbios_family_c64p_Cache_Module_startup__E)
                  007e3900    00000640                   : BIOS.obj (.text:ti_sysbios_heaps_HeapMem_allocUnprotected__E)
                  007e3f40    00000620     dss_data_path.oe674 (.text:MmwDemo_dataPathConfigEdma)
                  007e4560    00000600     libmmwavelink_xwr16xx.ae674 : rl_driver.oe674 (.text:rlDriverCmdSendRetry)
                  007e4b60    000005e0     sysbios.ae674 : BIOS.obj (.text:ti_sysbios_knl_Task_Instance_finalize__E)
                  007e5140    000005c0     dss_data_path.oe674 (.text:MmwDemo_dataPathConfigFFTs)
                  007e5700    000005c0     rts6740_elf.lib : divd.obj (.text:__c6xabi_divd)
                  007e5cc0    000005c0     sysbios.ae674 : BIOS.obj (.text:ti_sysbios_heaps_HeapMem_freeUnprotected__E)
                  007e6280    00000580     libcrc_xwr16xx.ae674 : crc.oe674 (.text:CRC_open)
                  007e6800    00000560     dss_main.oe674 (.text:MmwDemo_dssSendProcessOutputToMSS)
                  007e6d60    00000540     dss_data_path.oe674 (.text:MmwDemo_dataPathConfigBuffers)
                  007e72a0    00000540     gen_twiddle_fft16x16.oe674 (.text:gen_twiddle_fft16x16)
                  007e77e0    00000520     sysbios.ae674 : BIOS.obj (.text:ti_sysbios_timers_rti_Timer_Module_startup__E)
                  007e7d00    00000500     libmailbox_xwr16xx.ae674 : mailbox.oe674 (.text:Mailbox_open)
                  007e8200    000004e0     libadcbuf_xwr16xx.ae674 : adcbuf_mmwave.oe674 (.text:ADCBUF_MMWave_control)
                  007e86e0    000004c0     libedma_xwr16xx.ae674 : edma.oe674 (.text:EDMA_configChannel)
                  007e8ba0    000004c0     libuart_xwr16xx.ae674 : uartsci.oe674 (.text:UartSci_open)
                  007e9060    00000460                           : uartsci.oe674 (.text:UartSci_ISR)
                  007e94c0    00000440     libmmwavelink_xwr16xx.ae674 : rl_driver.oe674 (.text:rlDriverMsgRead)
                  007e9900    00000440     sysbios.ae674 : BIOS.obj (.text:ti_sysbios_knl_Task_sleep__E)
                  007e9d40    00000400     libmmwavelink_xwr16xx.ae674 : rl_driver.oe674 (.text:rlDriverSendResponse)
                  007ea140    00000400     sysbios.ae674 : BIOS.obj (.text:ti_sysbios_knl_Task_Instance_init__E)
                  007ea540    000003e0     dss_data_path.oe674 (.text:MmwDemo_dcRangeSignatureCompensation)
                  007ea920    000003c0     sysbios.ae674 : BIOS.obj (.text:ti_sysbios_knl_Task_schedule__I)
                  007eace0    00000380     libedma_xwr16xx.ae674 : edma.oe674 (.text:EDMA_error_isr)
                  007eb060    00000360     libmmwave_xwr16xx.ae674 : mmwave_xwr16xx.oe674 (.text:MMWave_deviceExecuteFxn)
                  007eb3c0    00000340     libmmwavelink_xwr16xx.ae674 : rl_driver.oe674 (.text:rlDriverRxHdrRead)
                  007eb700    00000320     dss_main.oe674 (.text:MmwDemo_dssDataPathInit)
                  007eba20    00000320     rts6740_elf.lib : cos.obj (.text:cos)
                  007ebd40    00000320     sysbios.ae674 : BIOS.obj (.text:ti_sysbios_knl_Event_post__E)
                  007ec060    00000300     libedma_xwr16xx.ae674 : edma.oe674 (.text:EDMA_configErrorMonitoring)
                  007ec360    00000300     libmmwavelink_xwr16xx.ae674 : rl_driver.oe674 (.text:rlDriverProcRdMsg)
                  007ec660    000002e0     libcrc_xwr16xx.ae674 : crc.oe674 (.text:CRC_computeSignature)
                  007ec940    000002e0     libedma_xwr16xx.ae674 : edma.oe674 (.text:EDMA_configParamSet)
                  007ecc20    000002e0     gen_twiddle_fft32x32.oe674 (.text:gen_twiddle_fft32x32)
                  007ecf00    000002e0     rts6740_elf.lib : sin.obj (.text:sin)
                  007ed1e0    000002e0     sysbios.ae674 : BIOS.obj (.text:ti_sysbios_heaps_HeapMem_Instance_init__E)
                  007ed4c0    000002c0     libmailbox_xwr16xx.ae674 : mailbox.oe674 (.text:Mailbox_write)
                  007ed780    000002c0     dss_main.oe674 (.text:MmwDemo_mboxReadTask)
                  007eda40    000002c0     libmmwavelink_xwr16xx.ae674 : rl_driver.oe674 (.text:rlDriverMsgWriteRspCtx)
                  007edd00    000002a0     libadcbuf_xwr16xx.ae674 : adcbuf_mmwave.oe674 (.text:ADCBUF_MMWave_open)
                  007edfa0    000002a0     rts6740_elf.lib : divf.obj (.text:__c6xabi_divf)
                  007ee240    000002a0     libmmwavelink_xwr16xx.ae674 : rl_driver.oe674 (.text:rlDriverCmdInvoke)
                  007ee4e0    000002a0                                 : rl_driver.oe674 (.text:rlDriverMsgReadCmdCtx)
                  007ee780    000002a0     sysbios.ae674 : BIOS.obj (.text:ti_sysbios_knl_Clock_Instance_init__E)
                  007eea20    000002a0                   : BIOS.obj (.text:ti_sysbios_knl_Clock_workFunc__E)
                  007eecc0    00000280     libedma_xwr16xx.ae674 : edma.oe674 (.text:EDMA_open)
                  007eef40    00000280     libmailbox_xwr16xx.ae674 : mailbox.oe674 (.text:Mailbox_read)
                  007ef1c0    00000280     libuart_xwr16xx.ae674 : uartsci.oe674 (.text:UartSci_readPolling)
                  007ef440    00000260     libmmwave_xwr16xx.ae674 : mmwave_xwr16xx.oe674 (.text:MMWave_deviceInitFxn)
                  007ef6a0    00000260                             : mmwave_xwr16xx.oe674 (.text:MMWave_serializeCfg)
                  007ef900    00000260     libuart_xwr16xx.ae674 : uartsci.oe674 (.text:UartSci_write)
                  007efb60    00000260                           : uartsci.oe674 (.text:UartSci_writePolling)
                  007efdc0    00000260     rts6740_elf.lib : imath64.obj (.text:__c6xabi_divull)
                  007f0020    00000260     libmmwavelink_xwr16xx.ae674 : rl_driver.oe674 (.text:rlDriverRdVerifyRsp)
                  007f0280    00000260     ti.targets.rts6000.ae674 : Startup.oe674 (.text:xdc_runtime_Startup_startMods__I)
                  007f04e0    00000240     libedma_xwr16xx.ae674 : edma.oe674 (.text:EDMA_init)
                  007f0720    00000240                           : edma.oe674 (.text:EDMA_transferComplete_isr)
                  007f0960    00000240     libmmwavelink_xwr16xx.ae674 : rl_device.oe674 (.text:rlDevicePowerOn)
                  007f0ba0    00000240     rts6740_elf.lib : setvbuf.obj (.text:setvbuf)
                  007f0de0    00000240     sysbios.ae674 : BIOS.obj (.text:ti_sysbios_family_c64p_Exception_internalHandler__I)
                  007f1020    00000240                   : BIOS.obj (.text:ti_sysbios_family_c64p_Hwi_dispatchCore__I)
                  007f1260    00000240                   : BIOS.obj (.text:ti_sysbios_knl_Semaphore_post__E)
                  007f14a0    00000240                   : BIOS.obj (.text:ti_sysbios_knl_Task_postInit__I)
                  007f16e0    00000240                   : BIOS.obj (.text:ti_sysbios_timers_rti_Timer_getFreq__E)
                  007f1920    00000240                   : BIOS.obj (.text:ti_sysbios_utils_Load_updateThreadContexts__E)
                  007f1b60    00000240     ti.targets.rts6000.ae674 : Core-mem.oe674 (.text:xdc_runtime_Core_createObject__I)
                  007f1da0    00000240     dss_mmw_pe674.oe674 (.text:xdc_runtime_System_printfExtend__I)
                  007f1fe0    00000220     rts6740_elf.lib : fputc.obj (.text:fputc)
                  007f2200    00000220     libmmwavelink_xwr16xx.ae674 : rl_driver.oe674 (.text:rlDriverInit)
                  007f2420    00000200     libmmwave_xwr16xx.ae674 : mmwave_link.oe674 (.text:MMWave_computeCRC)
                  007f2620    00000200                             : mmwave_link.oe674 (.text:MMWave_setupLink)
                  007f2820    00000200     libmailbox_xwr16xx.ae674 : mailbox.oe674 (.text:Mailbox_close)
                  007f2a20    00000200     sysbios.ae674 : c64p_Hwi_disp_always.obj (.text:_ti_sysbios_family_c64p_Hwi_dispatchAlways)
                  007f2c20    00000200     libmmwavelink_xwr16xx.ae674 : rl_protocol.oe674 (.text:rlMsgParseSbcGet)
                  007f2e20    00000200     sysbios.ae674 : BIOS.obj (.text:ti_sysbios_family_c64p_EventCombiner_dispatchPlug__E)
                  007f3020    00000200                   : BIOS.obj (.text:ti_sysbios_family_c64p_EventCombiner_dispatch__E)
                  007f3220    00000200                   : BIOS.obj (.text:ti_sysbios_knl_Task_exit__E)
                  007f3420    00000200                   : BIOS.obj (.text:ti_sysbios_knl_Task_startCore__E)
                  007f3620    00000200                   : BIOS.obj (.text:ti_sysbios_utils_Load_updateLoads__E)
                  007f3820    00000200     ti.targets.rts6000.ae674 : Error.oe674 (.text:xdc_runtime_Error_policyDefault__E)
                  007f3a20    000001e0     rts6740_elf.lib : log.obj (.text:log)
                  007f3c00    000001e0     libmmwavelink_xwr16xx.ae674 : rl_driver.oe674 (.text:rlDriverRdVerifyAsync)
                  007f3de0    000001e0     sysbios.ae674 : BIOS.obj (.text:ti_sysbios_gates_GateMutex_enter__E)
                  007f3fc0    000001e0     ti.targets.rts6000.ae674 : Text.oe674 (.text:xdc_runtime_Text_putSite__E)
                  007f41a0    000001c0     dss_main.oe674 (.text:MmwDemo_edmaBlockCopy)
                  007f4360    000001c0     rts6740_elf.lib : frexp.obj (.text:frexp)
                  007f4520    000001c0     libmmwavelink_xwr16xx.ae674 : rl_driver.oe674 (.text:rlDriverDeInit)
                  007f46e0    000001c0                                 : rl_driver.oe674 (.text:rlDriverRdVerifyCmd)
                  007f48a0    000001c0                                 : rl_protocol.oe674 (.text:rlMsgParseRxCommand)
                  007f4a60    000001c0     sysbios.ae674 : BIOS.obj (.text:ti_sysbios_utils_Load_idleFxn__E)
                  007f4c20    000001c0                   : BIOS.obj (.text:ti_sysbios_utils_Load_logLoads__I)
                  007f4de0    000001a0     libedma_xwr16xx.ae674 : edma.oe674 (.text:EDMA_paramConfig_assist)
                  007f4f80    000001a0     dss_config_edma_util.oe674 (.text:EDMAutil_configType2a)
                  007f5120    000001a0     rts6740_elf.lib : trgdrv.obj (.text:HOSTrename)
                  007f52c0    000001a0     libmmwave_xwr16xx.ae674 : mmwave.oe674 (.text:MMWave_init)
                  007f5460    000001a0     libsoc_xwr16xx.ae674 : soc.oe674 (.text:SOC_registerSysIntListener)
                  007f5600    000001a0     rts6740_elf.lib : lowlev.obj (.text:getdevice)
                  007f57a0    000001a0     sysbios.ae674 : BIOS.obj (.text:ti_sysbios_knl_Task_unblockI__E)
                  007f5940    000001a0                   : BIOS.obj (.text:ti_sysbios_timers_rti_Timer_startup__E)
                  007f5ae0    000001a0     ti.targets.rts6000.ae674 : Core-smem.oe674 (.text:xdc_runtime_Core_constructObject__I)
                  007f5c80    00000180     libadcbuf_xwr16xx.ae674 : adcbuf_mmwave.oe674 (.text:ADCBUFTestPatternConfig)
                  007f5e00    00000180     dss_config_edma_util.oe674 (.text:EDMAutil_configType1)
                  007f5f80    00000180     dss_config_edma_util.oe674 (.text:EDMAutil_configType3)
                  007f6100    00000180     dss_config_edma_util.oe674 (.text:EDMAutil_triggerType3)
                  007f6280    00000180     libmmwave_xwr16xx.ae674 : mmwave_fullcfg.oe674 (.text:MMWave_addChirp)
                  007f6400    00000180     sysbios.ae674 : c64p_Exception_asm.obj (.text)
                  007f6580    00000180                   : BIOS.obj (.text:ti_sysbios_utils_Load_taskCreateHook__E)
                  007f6700    00000160     libcrc_xwr16xx.ae674 : crc.oe674 (.text:CRC_getSignature)
                  007f6860    00000160     libedma_xwr16xx.ae674 : edma_low_level.oe674 (.text:EDMA3Init)
                  007f69c0    00000160                           : edma.oe674 (.text:EDMA_transferController_error_isr)
                  007f6b20    00000160     libmmwave_xwr16xx.ae674 : mmwave_fullcfg.oe674 (.text:MMWave_addProfile)
                  007f6c80    00000160                             : mmwave_fullcfg.oe674 (.text:MMWave_getChirpHandle)
                  007f6de0    00000160     dss_main.oe674 (.text:MmwDemo_dssChirpIntHandler)
                  007f6f40    00000160     libmmwavelink_xwr16xx.ae674 : rl_protocol.oe674 (.text:rlMsgParseSbcSet)
                  007f70a0    00000160     sysbios.ae674 : BIOS.obj (.text:ti_sysbios_utils_Load_startup__E)
                  007f7200    00000160     ti.targets.rts6000.ae674 : Text.oe674 (.text:xdc_runtime_Text_putMod__E)
                  007f7360    00000140     dss_config_edma_util.oe674 (.text:EDMA_setup_shadow_link)
                  007f74a0    00000140     libmmwave_xwr16xx.ae674 : mmwave_link.oe674 (.text:MMWave_asyncEventHandler)
                  007f75e0    00000140                             : mmwave_fullcfg.oe674 (.text:MMWave_flushCfg)
                  007f7720    00000140                             : mmwave_link.oe674 (.text:MMWave_startLink)
                  007f7860    00000140     libmailbox_xwr16xx.ae674 : mailbox.oe674 (.text:Mailbox_readFlush)
                  007f79a0    00000140     libuart_xwr16xx.ae674 : uartsci.oe674 (.text:UartSci_read)
                  007f7ae0    00000140     rts6740_elf.lib : fclose.obj (.text:__TI_closefile)
                  007f7c20    00000140                     : fflush.obj (.text:fflush)
                  007f7d60    00000140     libmmwavelink_xwr16xx.ae674 : rl_driver.oe674 (.text:rlDriverAsyncEventHandler)
                  007f7ea0    00000140     sysbios.ae674 : BIOS.obj (.text:ti_sysbios_family_c64p_Hwi_Module_startup__E)
                  007f7fe0    00000140                   : BIOS.obj (.text:ti_sysbios_knl_Semaphore_Instance_init__E)
                  007f8120    00000140                   : BIOS.obj (.text:ti_sysbios_knl_Task_Module_startup__E)
                  007f8260    00000140                   : BIOS.obj (.text:ti_sysbios_knl_Task_blockI__E)
                  007f83a0    00000140                   : BIOS.obj (.text:ti_sysbios_timers_rti_Timer_initDevice__I)
                  007f84e0    00000140     ti.targets.rts6000.ae674 : Core-mem.oe674 (.text:xdc_runtime_Core_deleteObject__I)
                  007f8620    00000140                              : Text.oe674 (.text:xdc_runtime_Text_putLab__E)
                  007f8760    00000120     libadcbuf_xwr16xx.ae674 : adcbuf_mmwave.oe674 (.text:ADCBUFChannelEnSetOffset)
                  007f8880    00000120     libedma_xwr16xx.ae674 : edma.oe674 (.text:EDMA_disableChannel)
                  007f89a0    00000120                           : edma.oe674 (.text:EDMA_startDmaTransfer)
                  007f8ac0    00000120     libmmwave_xwr16xx.ae674 : mmwave_link.oe674 (.text:MMWave_deinitLink)
                  007f8be0    00000120                             : mmwave_xwr16xx.oe674 (.text:MMWave_deviceDeinitFxn)
                  007f8d00    00000120     dss_main.oe674 (.text:MmwDemo_dssMmwaveEventCallbackFxn)
                  007f8e20    00000120     boot.ae674 : autoinit.oe674 (.text:_auto_init_elf)
                  007f8f40    00000120     rts6740_elf.lib : fseek.obj (.text:fseek)
                  007f9060    00000120     libmmwavelink_xwr16xx.ae674 : rl_driver.oe674 (.text:rlDriverHostIrqHandler)
                  007f9180    00000120                                 : rl_protocol.oe674 (.text:rlMsgParseRxMsg)
                  007f92a0    00000120     sysbios.ae674 : BIOS.obj (.text:ti_sysbios_knl_Clock_start__E)
                  007f93c0    00000120                   : BIOS.obj (.text:ti_sysbios_utils_Load_taskDeleteHook__E)
                  007f94e0    00000100     libedma_xwr16xx.ae674 : edma.oe674 (.text:EDMA_isTransferComplete)
                  007f95e0    00000100     rts6740_elf.lib : trgdrv.obj (.text:HOSTlseek)
                  007f96e0    00000100     libmmwave_xwr16xx.ae674 : mmwave_fullcfg.oe674 (.text:MMWave_getChirpCfg)
                  007f97e0    00000100                             : mmwave_fullcfg.oe674 (.text:MMWave_getProfileCfg)
                  007f98e0    00000100                             : mmwave_link.oe674 (.text:MMWave_spawn)
                  007f99e0    00000100                             : mmwave.oe674 (.text:MMWave_start)
                  007f9ae0    00000100     libmailbox_xwr16xx.ae674 : mailbox.oe674 (.text:Mailbox_boxEmptyISRBss)
                  007f9be0    00000100                              : mailbox.oe674 (.text:Mailbox_boxEmptyISRMssDss)
                  007f9ce0    00000100                              : mailbox.oe674 (.text:Mailbox_init)
                  007f9de0    00000100     libsoc_xwr16xx.ae674 : soc_xwr16xx_dss.oe674 (.text:SOC_deviceInit)
                  007f9ee0    00000100                          : soc_xwr16xx.oe674 (.text:SOC_translateAddress)
                  007f9fe0    00000100     rts6740_elf.lib : _io_perm.obj (.text:__TI_wrt_ok)
                  007fa0e0    00000100     libmmwavelink_xwr16xx.ae674 : rl_device.oe674 (.text:rlDevicePowerOff)
                  007fa1e0    00000100                                 : rl_driver.oe674 (.text:rlDriverOsiInit)
                  007fa2e0    00000100                                 : rl_driver.oe674 (.text:rlDriverRdVerifyMsg)
                  007fa3e0    00000100                                 : rl_driver.oe674 (.text:rlDriverSendMsg)
                  007fa4e0    00000100     ti.targets.rts6000.ae674 : Error.oe674 (.text:xdc_runtime_Error_print__E)
                  007fa5e0    00000100                              : Memory.oe674 (.text:xdc_runtime_Memory_alloc__E)
                  007fa6e0    00000100                              : Startup.oe674 (.text:xdc_runtime_Startup_exec__E)
                  007fa7e0    000000e0     libcrc_xwr16xx.ae674 : crc.oe674 (.text:CRC_getTransactionId)
                  007fa8c0    000000e0     rts6740_elf.lib : trgdrv.obj (.text:HOSTopen)
                  007fa9a0    000000e0                     : trgdrv.obj (.text:HOSTwrite)
                  007faa80    000000e0     libmmwave_xwr16xx.ae674 : mmwave_link.oe674 (.text:MMWave_initLink)
                  007fab60    000000e0     libmailbox_xwr16xx.ae674 : mailbox.oe674 (.text:Mailbox_boxFullISRMssDss)
                  007fac40    000000e0     rts6740_elf.lib : lowlev.obj (.text:close)
                  007fad20    000000e0                     : memset.obj (.text:memset)
                  007fae00    000000e0     libmmwavelink_xwr16xx.ae674 : rl_driver.oe674 (.text:rlDriverMsgReadSpawnCtx)
                  007faee0    000000e0                                 : rl_driver.oe674 (.text:rlDriverVerifyCRC)
                  007fafc0    000000e0                                 : rl_sensor.oe674 (.text:rlRfRunTimeCalibConfig)
                  007fb0a0    000000e0                                 : rl_sensor.oe674 (.text:rlSensorStart)
                  007fb180    000000e0     sysbios.ae674 : BIOS.obj (.text:ti_sysbios_utils_Load_updateCurrentThreadTime__E)
                  007fb260    000000c0     rts6740_elf.lib : trgdrv.obj (.text:HOSTread)
                  007fb320    000000c0                     : trgdrv.obj (.text:HOSTunlink)
                  007fb3e0    000000c0     libmmwave_xwr16xx.ae674 : mmwave_xwr16xx.oe674 (.text:MMWave_deviceCfgFxn)
                  007fb4a0    000000c0                             : mmwave_xwr16xx.oe674 (.text:MMWave_deviceEventFxn)
                  007fb560    000000c0                             : mmwave_xwr16xx.oe674 (.text:MMWave_deviceStartFxn)
                  007fb620    000000c0                             : mmwave_xwr16xx.oe674 (.text:MMWave_deviceStopFxn)
                  007fb6e0    000000c0                             : mmwave.oe674 (.text:MMWave_execute)
                  007fb7a0    000000c0                             : mmwave_fullcfg.oe674 (.text:MMWave_getNumChirps)
                  007fb860    000000c0                             : mmwave_link.oe674 (.text:MMWave_mboxOpen)
                  007fb920    000000c0                             : mmwave_link.oe674 (.text:MMWave_setupCRC)
                  007fb9e0    000000c0                             : mmwave.oe674 (.text:MMWave_sync)
                  007fbaa0    000000c0     libmailbox_xwr16xx.ae674 : mailbox.oe674 (.text:Mailbox_boxFullISRProcessing)
                  007fbb60    000000c0     dss_main.oe674 (.text:MmwDemo_dssFrameStartIntHandler)
                  007fbc20    000000c0     libuart_xwr16xx.ae674 : uartsci.oe674 (.text:UartSci_close)
                  007fbce0    000000c0                           : uartsci.oe674 (.text:UartSci_control)
                  007fbda0    000000c0     rts6740_elf.lib : fflush.obj (.text:__TI_doflush)
                  007fbe60    000000c0                     : divu.obj (.text:__divu)
                  007fbf20    000000c0                     : remi.obj (.text:__remi)
                  007fbfe0    000000c0                     : exit.obj (.text:exit)
                  007fc0a0    000000c0     libmmwavelink_xwr16xx.ae674 : rl_controller.oe674 (.text:rlGetSubBlock)
                  007fc160    000000c0     sysbios.ae674 : BIOS.obj (.text:ti_sysbios_heaps_HeapMem_alloc__E)
                  007fc220    000000c0                   : BIOS.obj (.text:ti_sysbios_heaps_HeapMem_getStats__E)
                  007fc2e0    000000c0                   : BIOS.obj (.text:ti_sysbios_knl_Clock_logTick__E)
                  007fc3a0    000000c0                   : BIOS.obj (.text:ti_sysbios_knl_Task_allBlockedFunction__I)
                  007fc460    000000c0     dss_mmw_pe674.oe674 (.text:ti_sysbios_knl_Task_create)
                  007fc520    000000c0     sysbios.ae674 : BIOS.obj (.text:ti_sysbios_utils_Load_taskSwitchHook__E)
                  007fc5e0    000000c0     rts6740_elf.lib : tls.obj (.text:tls:init:__TI_tls_init)
                  007fc6a0    000000c0     ti.targets.rts6000.ae674 : Assert.oe674 (.text:xdc_runtime_Assert_raise__I)
                  007fc760    000000c0                              : Error.oe674 (.text:xdc_runtime_Error_setX__E)
                  007fc820    000000a0     libadcbuf_xwr16xx.ae674 : adcbuf_mmwave.oe674 (.text:ADCBUFConfigureDataFormat)
                  007fc8c0    000000a0     libedma_xwr16xx.ae674 : edma_low_level.oe674 (.text:EDMA3EnableChInShadowReg)
                  007fc960    000000a0                           : edma_low_level.oe674 (.text:EDMA3MapChToEvtQ)
                  007fca00    000000a0     rts6740_elf.lib : trgdrv.obj (.text:HOSTclose)
                  007fcaa0    000000a0     libmmwave_xwr16xx.ae674 : mmwave_link.oe674 (.text:MMWave_executeLink)
                  007fcb40    000000a0                             : mmwave_link.oe674 (.text:MMWave_mboxWrite)
                  007fcbe0    000000a0     dss_data_path.oe674 (.text:MmwDemo_dataPathWait1DInputData)
                  007fcc80    000000a0     dss_data_path.oe674 (.text:MmwDemo_dataPathWait1DOutputData)
                  007fcd20    000000a0     dss_data_path.oe674 (.text:MmwDemo_dataPathWait2DInputData)
                  007fcdc0    000000a0     dss_data_path.oe674 (.text:MmwDemo_dataPathWait3DInputData)
                  007fce60    000000a0     dss_data_path.oe674 (.text:MmwDemo_dataPathWaitTransDetMatrix2)
                  007fcf00    000000a0     dss_data_path.oe674 (.text:MmwDemo_dataPathWaitTransDetMatrix)
                  007fcfa0    000000a0     dss_main.oe674 (.text:MmwDemo_dssDataPathStop)
                  007fd040    000000a0     libsoc_xwr16xx.ae674 : soc.oe674 (.text:SOC_SystemISR)
                  007fd0e0    000000a0     libuart_xwr16xx.ae674 : UART.oe674 (.text:UART_init)
                  007fd180    000000a0                           : uartsci.oe674 (.text:UartSci_readCancel)
                  007fd220    000000a0                           : uartsci.oe674 (.text:UartSci_writeCancel)
                  007fd2c0    000000a0     rts6740_elf.lib : fopen.obj (.text:__TI_cleanup)
                  007fd360    000000a0                     : fixfu.obj (.text:__c6xabi_fixfu)
                  007fd400    000000a0                     : round.obj (.text:__c6xabi_nround)
                  007fd4a0    000000a0                     : remu.obj (.text:__remu)
                  007fd540    000000a0     boot.ae674 : boot.oe674 (.text:_c_int00)
                  007fd5e0    000000a0     gen_twiddle_fft16x16.oe674 (.text:d2s)
                  007fd680    000000a0     rts6740_elf.lib : memcpy64.obj (.text:memcpy)
                  007fd720    000000a0                     : modf.obj (.text:modf)
                  007fd7c0    000000a0     libmmwavelink_xwr16xx.ae674 : rl_driver.oe674 (.text:rlDeviceIdentifyCmdDir)
                  007fd860    000000a0                                 : rl_protocol.oe674 (.text:rlMsgGetResponseOpcode)
                  007fd900    000000a0     sysbios.ae674 : BIOS.obj (.text:ti_sysbios_family_c64p_Exception_Module_startup__E)
                  007fd9a0    000000a0                   : BIOS.obj (.text:ti_sysbios_family_c64p_Hwi_getStackInfo__E)
                  007fda40    000000a0                   : BIOS.obj (.text:ti_sysbios_heaps_HeapMem_init__I)
                  007fdae0    000000a0     ti.targets.rts6000.ae674 : Core-params.oe674 (.text:xdc_runtime_Core_assignParams__I)
                  007fdb80    000000a0                              : System.oe674 (.text:xdc_runtime_System_formatNum__I)
                  007fdc20    000000a0                              : System.oe674 (.text:xdc_runtime_System_putchar__I)
                  007fdcc0    000000a0                              : Text.oe674 (.text:xdc_runtime_Text_printVisFxn__I)
                  007fdd60    000000a0                              : Text.oe674 (.text:xdc_runtime_Text_xprintf__I)
                  007fde00    00000080     libadcbuf_xwr16xx.ae674 : ADCBuf.oe674 (.text:ADCBuf_init)
                  007fde80    00000080     libcrc_xwr16xx.ae674 : crc.oe674 (.text:CRC_close)
                  007fdf00    00000080                          : crc.oe674 (.text:CRC_getCRCDataSelectBitValue)
                  007fdf80    00000080                          : crc.oe674 (.text:CRC_resetSignature)
                  007fe000    00000080     libedma_xwr16xx.ae674 : edma_low_level.oe674 (.text:EDMA3GetPaRAM)
                  007fe080    00000080                           : edma_low_level.oe674 (.text:EDMA3SetPaRAM)
                  007fe100    00000080                           : edma.oe674 (.text:EDMA_linkParamSets)
                  007fe180    00000080     libmmwave_xwr16xx.ae674 : mmwave_listlib.oe674 (.text:MMWave_listRemoveNode)
                  007fe200    00000080     libmailbox_xwr16xx.ae674 : mailbox.oe674 (.text:Mailbox_writeReset)
                  007fe280    00000080     dss_main.oe674 (.text:MmwDemo_dssMMWaveCtrlTask)
                  007fe300    00000080     libsoc_xwr16xx.ae674 : soc.oe674 (.text:SOC_unhaltBSS)
                  007fe380    00000080     libosal_xwr16xx.ae674 : SemaphoreP_tirtos.oe674 (.text:SemaphoreP_create)
                  007fe400    00000080     rts6740_elf.lib : trgmsg.obj (.text:__TI_readmsg)
                  007fe480    00000080                     : trgmsg.obj (.text:__TI_writemsg)
                  007fe500    00000080                     : fixdu.obj (.text:__c6xabi_fixdu)
                  007fe580    00000080                     : llshift.obj (.text:__c6xabi_llshl)
                  007fe600    00000080     sysbios.ae674 : c62_TaskSupport_asm.obj (.text:_ti_sysbios_family_c62_TaskSupport_swap__E)
                  007fe680    00000080     libmmwavelink_xwr16xx.ae674 : rl_controller.oe674 (.text:rlAppendDummy)
                  007fe700    00000080                                 : rl_controller.oe674 (.text:rlAppendSubBlock)
                  007fe780    00000080                                 : rl_protocol.oe674 (.text:rlMsgSbcFunPtrAddrGet)
                  007fe800    00000080     dss_mmw_pe674.oe674 (.text:ti_sysbios_BIOS_atExitFunc__I)
                  007fe880    00000080     dss_mmw_pe674.oe674 (.text:ti_sysbios_BIOS_registerRTSLock__I)
                  007fe900    00000080     sysbios.ae674 : BIOS.obj (.text:ti_sysbios_family_c64p_Hwi_dispatchC__I)
                  007fe980    00000080     dss_mmw_pe674.oe674 (.text:ti_sysbios_gates_GateHwi_Object__create__S)
                  007fea00    00000080     dss_mmw_pe674.oe674 (.text:ti_sysbios_gates_GateMutex_Object__create__S)
                  007fea80    00000080     sysbios.ae674 : BIOS.obj (.text:ti_sysbios_hal_Hwi_checkStack)
                  007feb00    00000080                   : BIOS.obj (.text:ti_sysbios_hal_Hwi_initStack)
                  007feb80    00000080     dss_mmw_pe674.oe674 (.text:ti_sysbios_heaps_HeapMem_Object__create__S)
                  007fec00    00000080     dss_mmw_pe674.oe674 (.text:ti_sysbios_knl_Clock_create)
                  007fec80    00000080     dss_mmw_pe674.oe674 (.text:ti_sysbios_knl_Clock_doTick__I)
                  007fed00    00000080     dss_mmw_pe674.oe674 (.text:ti_sysbios_knl_Event_create)
                  007fed80    00000080     sysbios.ae674 : BIOS.obj (.text:ti_sysbios_knl_Event_pendTimeout__I)
                  007fee00    00000080                   : BIOS.obj (.text:ti_sysbios_knl_Idle_run__E)
                  007fee80    00000080     dss_mmw_pe674.oe674 (.text:ti_sysbios_knl_Semaphore_create)
                  007fef00    00000080     sysbios.ae674 : BIOS.obj (.text:ti_sysbios_knl_Semaphore_pendTimeout__I)
                  007fef80    00000080     rts6740_elf.lib : lowlev.obj (.text:unlink)
                  007ff000    00000080     ti.targets.rts6000.ae674 : Core-label.oe674 (.text:xdc_runtime_Core_assignLabel__I)
                  007ff080    00000080                              : SysStd.oe674 (.text:xdc_runtime_SysStd_abort__E)
                  007ff100    00000080                              : System.oe674 (.text:xdc_runtime_System_atexit__E)
                  007ff180    00000080                              : System.oe674 (.text:xdc_runtime_System_avprintf__E)
                  007ff200    00000080                              : System.oe674 (.text:xdc_runtime_System_processAtExit__E)
                  007ff280    00000080                              : System.oe674 (.text:xdc_runtime_System_vprintf__E)
                  007ff300    00000060     libadcbuf_xwr16xx.ae674 : adcbuf_mmwave.oe674 (.text:ADCBUF_MMWave_close)
                  007ff360    00000060                             : ADCBuf.oe674 (.text:ADCBuf_open)
                  007ff3c0    00000060                             : adcbuf_mmwave.oe674 (.text:CSL_FINSR)
                  007ff420    00000060     libcrc_xwr16xx.ae674 : crc.oe674 (.text:CSL_FINSR)
                  007ff480    00000060     libmailbox_xwr16xx.ae674 : mailbox.oe674 (.text:CSL_FINSR)
                  007ff4e0    00000060     libsoc_xwr16xx.ae674 : soc.oe674 (.text:CSL_FINSR)
                  007ff540    00000060                          : soc_xwr16xx.oe674 (.text:CSL_FINSR)
                  007ff5a0    00000060     libuart_xwr16xx.ae674 : uartsci.oe674 (.text:CSL_FINSR)
                  007ff600    00000060     libedma_xwr16xx.ae674 : edma_low_level.oe674 (.text:EDMA3ClrEvt)
                  007ff660    00000060                           : edma_low_level.oe674 (.text:EDMA3ClrIntr)
                  007ff6c0    00000060                           : edma_low_level.oe674 (.text:EDMA3ClrMissEvt)
                  007ff720    00000060                           : edma_low_level.oe674 (.text:EDMA3DisableEvtIntr)
                  007ff780    00000060                           : edma_low_level.oe674 (.text:EDMA3EnableDmaEvt)
                  007ff7e0    00000060                           : edma_low_level.oe674 (.text:EDMA3EnableEvtIntr)
                  007ff840    00000060                           : edma_low_level.oe674 (.text:EDMA3SetEvt)
                  007ff8a0    00000060                           : edma.oe674 (.text:EDMA_setDestinationAddress)
                  007ff900    00000060                           : edma.oe674 (.text:EDMA_setSourceAddress)
                  007ff960    00000060     libmmwave_xwr16xx.ae674 : mmwave_listlib.oe674 (.text:MMWave_listCat)
                  007ff9c0    00000060                             : mmwave_osal.oe674 (.text:MMWave_osalMutexCreate)
                  007ffa20    00000060                             : mmwave_osal.oe674 (.text:MMWave_osalSemCreate)
                  007ffa80    00000060     libmailbox_xwr16xx.ae674 : mailbox.oe674 (.text:Mailbox_Config_init)
                  007ffae0    00000060     dss_data_path.oe674 (.text:MmwDemo_waitEndOfChirps)
                  007ffb40    00000060     libsoc_xwr16xx.ae674 : soc_xwr16xx.oe674 (.text:SOC_setMMWaveDSSLinkState)
                  007ffba0    00000060                          : soc_xwr16xx.oe674 (.text:SOC_setMMWaveMSSLinkState)
                  007ffc00    00000060                          : soc_xwr16xx_dss.oe674 (.text:SOC_waitBSSPowerUp)
                  007ffc60    00000060     libuart_xwr16xx.ae674 : UART.oe674 (.text:UART_open)
                  007ffcc0    00000060     rts6740_elf.lib : llshift.obj (.text:__c6xabi_llshru)
                  007ffd20    00000060                     : imath64.obj (.text:_subcull)
                  007ffd80    00000060     sysbios.ae674 : c64p_Hwi_asm_switch.obj (.text:_ti_sysbios_family_c64p_Hwi_switchAndDispatch__I)
                  007ffde0    00000060     gen_twiddle_fft32x32.oe674 (.text:d2i)
                  007ffe40    00000060     rts6740_elf.lib : lowlev.obj (.text:lseek)
                  007ffea0    00000060     dss_mmw_pe674.oe674 (.text:ti_sysbios_BIOS_errorRaiseHook__I)
                  007fff00    00000060     dss_mmw_pe674.oe674 (.text:ti_sysbios_BIOS_removeRTSLock__I)
                  007fff60    00000060     dss_mmw_pe674.oe674 (.text:ti_sysbios_BIOS_startFunc__I)
                  007fffc0    00000010     mathlib.ae674 : log2sp.oe674 ($Tramp$S$$log2sp)
                  007fffd0    00000010     dss_data_path.oe674 ($Tramp$S$$MmwDemo_dataPathInitEdma)
                  007fffe0    00000010     dss_main.oe674 ($Tramp$S$$MmwDemo_dssDataPathProcessEvents)
                  007ffff0    00000010     --HOLE-- [fill = 00000000]

.text.2    0    00800000    00002620     
                  00800000    00000060     sysbios.ae674 : BIOS.obj (.text:ti_sysbios_family_c62_TaskSupport_start__E)
                  00800060    00000060                   : BIOS.obj (.text:ti_sysbios_family_c64p_Cache_setMar__E)
                  008000c0    00000060                   : BIOS.obj (.text:ti_sysbios_family_c64p_EventCombiner_Module_startup__E)
                  00800120    00000060                   : BIOS.obj (.text:ti_sysbios_family_c64p_EventCombiner_unused__E)
                  00800180    00000060     dss_mmw_pe674.oe674 (.text:ti_sysbios_gates_GateMutex_Object__delete__S)
                  008001e0    00000060     sysbios.ae674 : BIOS.obj (.text:ti_sysbios_heaps_HeapMem_free__E)
                  00800240    00000060                   : BIOS.obj (.text:ti_sysbios_knl_Clock_Module_startup__E)
                  008002a0    00000060     dss_mmw_pe674.oe674 (.text:ti_sysbios_knl_Queue_construct)
                  00800300    00000060     dss_mmw_pe674.oe674 (.text:ti_sysbios_knl_Semaphore_Object__delete__S)
                  00800360    00000060     dss_mmw_pe674.oe674 (.text:ti_sysbios_knl_Semaphore_construct)
                  008003c0    00000060     sysbios.ae674 : BIOS.obj (.text:ti_sysbios_knl_Task_enter__I)
                  00800420    00000060                   : BIOS.obj (.text:ti_sysbios_knl_Task_restore__E)
                  00800480    00000060     dss_mmw_pe674.oe674 (.text:ti_sysbios_rts_gnu_MemAlloc_alloc)
                  008004e0    00000060     sysbios.ae674 : BIOS.obj (.text:ti_sysbios_timers_rti_Timer_periodicStub__E)
                  00800540    00000060     rts6740_elf.lib : lowlev.obj (.text:write)
                  008005a0    00000060     ti.targets.rts6000.ae674 : Memory.oe674 (.text:xdc_runtime_Memory_valloc__E)
                  00800600    00000060                              : Text.oe674 (.text:xdc_runtime_Text_cordText__E)
                  00800660    00000040     libadcbuf_xwr16xx.ae674 : adcbuf_mmwave.oe674 (.text:ADCBUFCQConfig)
                  008006a0    00000040                             : adcbuf_mmwave.oe674 (.text:ADCBUFContinuousModeStart)
                  008006e0    00000040                             : adcbuf_mmwave.oe674 (.text:ADCBUFTestPatternStart)
                  00800720    00000040     libsoc_xwr16xx.ae674 : soc.oe674 (.text:CSL_FEXTR)
                  00800760    00000040                          : soc_xwr16xx.oe674 (.text:CSL_FEXTR)
                  008007a0    00000040     libuart_xwr16xx.ae674 : uartsci.oe674 (.text:CSL_FEXTR)
                  008007e0    00000040     libsoc_xwr16xx.ae674 : soc_xwr16xx_dss.oe674 (.text:CSL_FINSR)
                  00800820    00000040     libedma_xwr16xx.ae674 : edma_low_level.oe674 (.text:EDMA3DisableDmaEvt)
                  00800860    00000040                           : edma_low_level.oe674 (.text:EDMA3MapQdmaChToPaRAM)
                  008008a0    00000040                           : edma_low_level.oe674 (.text:EDMA3QdmaClrMissEvt)
                  008008e0    00000040                           : edma_low_level.oe674 (.text:EDMA3SetQdmaTrigWord)
                  00800920    00000040     libosal_xwr16xx.ae674 : HwiP_tirtos.oe674 (.text:HwiP_create)
                  00800960    00000040                           : HwiP_tirtos.oe674 (.text:HwiP_delete)
                  008009a0    00000040     libmmwave_xwr16xx.ae674 : mmwave_xwr16xx.oe674 (.text:MMWave_deviceSyncFxn)
                  008009e0    00000040                             : mmwave_listlib.oe674 (.text:MMWave_listAdd)
                  00800a20    00000040                             : mmwave_listlib.oe674 (.text:MMWave_listRemove)
                  00800a60    00000040                             : mmwave_osal.oe674 (.text:MMWave_osalMutexLock)
                  00800aa0    00000040                             : mmwave_osal.oe674 (.text:MMWave_osalSemWait)
                  00800ae0    00000040     libmailbox_xwr16xx.ae674 : mailbox.oe674 (.text:Mailbox_boxFullISRBss)
                  00800b20    00000040     dss_data_path.oe674 (.text:MmwDemo_dataPathConfigAzimuthHeatMap)
                  00800b60    00000040     dss_data_path.oe674 (.text:MmwDemo_dataPathInit1Dstate)
                  00800ba0    00000040     dss_main.oe674 (.text:MmwDemo_dssFrameClkExpire)
                  00800be0    00000040     dss_main.oe674 (.text:MmwDemo_dssMmwaveConfigCallbackFxn)
                  00800c20    00000040     dss_main.oe674 (.text:MmwDemo_dssMmwaveStartCallbackFxn)
                  00800c60    00000040     dss_main.oe674 (.text:MmwDemo_dssMmwaveStopCallbackFxn)
                  00800ca0    00000040     dss_data_path.oe674 (.text:MmwDemo_pow2roundup)
                  00800ce0    00000040     libsoc_xwr16xx.ae674 : soc_xwr16xx_dss.oe674 (.text:SOC_getInAddr_LUTType)
                  00800d20    00000040                          : soc_xwr16xx_dss.oe674 (.text:SOC_getOutAddr_LUTType)
                  00800d60    00000040                          : soc_xwr16xx.oe674 (.text:SOC_isMMWaveDSSOperational)
                  00800da0    00000040                          : soc_xwr16xx.oe674 (.text:SOC_isMMWaveMSSOperational)
                  00800de0    00000040     libosal_xwr16xx.ae674 : DebugP_tirtos.oe674 (.text:_DebugP_assert)
                  00800e20    00000040     rts6740_elf.lib : frcmpyd_div.obj (.text:__TI_frcmpyd_div)
                  00800e60    00000040                     : strasg.obj (.text:__strasgi_64plus)
                  00800ea0    00000040                     : args_main.obj (.text:_args_main)
                  00800ee0    00000040     sysbios.ae674 : c62_TaskSupport_asm.obj (.text:_ti_sysbios_family_c62_TaskSupport_buildTaskStack)
                  00800f20    00000040     dss_mmw_pe674.oe674 (.text:free)
                  00800f60    00000040     rts6740_elf.lib : log10.obj (.text:log10)
                  00800fa0    00000040     dss_mmw_pe674.oe674 (.text:ti_sysbios_BIOS_exitFunc__I)
                  00800fe0    00000040     dss_mmw_pe674.oe674 (.text:ti_sysbios_BIOS_rtsLock__I)
                  00801020    00000040     dss_mmw_pe674.oe674 (.text:ti_sysbios_BIOS_rtsUnlock__I)
                  00801060    00000040     sysbios.ae674 : BIOS.obj (.text:ti_sysbios_family_c64p_EventCombiner_disableEvent__E)
                  008010a0    00000040                   : BIOS.obj (.text:ti_sysbios_family_c64p_EventCombiner_enableEvent__E)
                  008010e0    00000040                   : BIOS.obj (.text:ti_sysbios_family_c64p_Hwi_disableInterrupt__E)
                  00801120    00000040                   : BIOS.obj (.text:ti_sysbios_family_c64p_Hwi_enableInterrupt__E)
                  00801160    00000040     dss_mmw_pe674.oe674 (.text:ti_sysbios_gates_GateHwi_Handle__label__S)
                  008011a0    00000040     dss_mmw_pe674.oe674 (.text:ti_sysbios_gates_GateHwi_Object__delete__S)
                  008011e0    00000040     dss_mmw_pe674.oe674 (.text:ti_sysbios_gates_GateMutex_Handle__label__S)
                  00801220    00000040     sysbios.ae674 : BIOS.obj (.text:ti_sysbios_gates_GateMutex_Instance_init__E)
                  00801260    00000040                   : BIOS.obj (.text:ti_sysbios_gates_GateMutex_leave__E)
                  008012a0    00000040     dss_mmw_pe674.oe674 (.text:ti_sysbios_heaps_HeapMem_Handle__label__S)
                  008012e0    00000040     dss_mmw_pe674.oe674 (.text:ti_sysbios_heaps_HeapMem_Object__delete__S)
                  00801320    00000040     dss_mmw_pe674.oe674 (.text:ti_sysbios_heaps_HeapMem_Object__get__S)
                  00801360    00000040     dss_mmw_pe674.oe674 (.text:ti_sysbios_knl_Semaphore_destruct)
                  008013a0    00000040     dss_mmw_pe674.oe674 (.text:ti_sysbios_knl_Task_Object__get__S)
                  008013e0    00000040     sysbios.ae674 : BIOS.obj (.text:ti_sysbios_knl_Task_sleepTimeout__I)
                  00801420    00000040     ti.targets.rts6000.ae674 : Error.oe674 (.text:xdc_runtime_Error_check__E)
                  00801460    00000040                              : Error.oe674 (.text:xdc_runtime_Error_init__E)
                  008014a0    00000040                              : Registry.oe674 (.text:xdc_runtime_Registry_findById__E)
                  008014e0    00000040                              : System.oe674 (.text:xdc_runtime_System_abort__E)
                  00801520    00000040     dss_mmw_pe674.oe674 (.text:xdc_runtime_System_aprintf__E)
                  00801560    00000040     ti.targets.rts6000.ae674 : System.oe674 (.text:xdc_runtime_System_exit__E)
                  008015a0    00000040     dss_mmw_pe674.oe674 (.text:xdc_runtime_System_printf__E)
                  008015e0    00000020     libadcbuf_xwr16xx.ae674 : adcbuf_mmwave.oe674 (.text:ADCBUF_MMWave_init)
                  00801600    00000020                             : ADCBuf.oe674 (.text:ADCBuf_Params_init)
                  00801620    00000020                             : ADCBuf.oe674 (.text:ADCBuf_control)
                  00801640    00000020     libcrc_xwr16xx.ae674 : crc.oe674 (.text:CRC_initConfigParams)
                  00801660    00000020     libsoc_xwr16xx.ae674 : soc_xwr16xx_dss.oe674 (.text:CSL_FEXTR)
                  00801680    00000020     libedma_xwr16xx.ae674 : edma_low_level.oe674 (.text:EDMA3ChannelToParamMap)
                  008016a0    00000020                           : edma_low_level.oe674 (.text:EDMA3ClrCCErr)
                  008016c0    00000020                           : edma_low_level.oe674 (.text:EDMA3DisableQdmaEvt)
                  008016e0    00000020                           : edma_low_level.oe674 (.text:EDMA3EnableQdmaEvt)
                  00801700    00000020                           : edma_low_level.oe674 (.text:EDMA3ErrIntrHighStatusGet)
                  00801720    00000020                           : edma_low_level.oe674 (.text:EDMA3GetCCErrStatus)
                  00801740    00000020                           : edma_low_level.oe674 (.text:EDMA3GetErrIntrStatus)
                  00801760    00000020                           : edma_low_level.oe674 (.text:EDMA3GetIntrStatus)
                  00801780    00000020                           : edma_low_level.oe674 (.text:EDMA3IntrStatusHighGet)
                  008017a0    00000020                           : edma_low_level.oe674 (.text:EDMA3QdmaGetErrIntrStatus)
                  008017c0    00000020                           : edma.oe674 (.text:EDMA_getNumInstances)
                  008017e0    00000020                           : edma_low_level.oe674 (.text:EDMAsetRegion)
                  00801800    00000020     libosal_xwr16xx.ae674 : HwiP_tirtos.oe674 (.text:HwiP_Params_init)
                  00801820    00000020                           : HwiP_tirtos.oe674 (.text:HwiP_disable)
                  00801840    00000020                           : HwiP_tirtos.oe674 (.text:HwiP_disableInterrupt)
                  00801860    00000020                           : HwiP_tirtos.oe674 (.text:HwiP_enableInterrupt)
                  00801880    00000020                           : HwiP_tirtos.oe674 (.text:HwiP_restore)
                  008018a0    00000020     libmmwave_xwr16xx.ae674 : mmwave_xwr16xx.oe674 (.text:MMWave_deviceGetDeviceInfo)
                  008018c0    00000020                             : mmwave_xwr16xx.oe674 (.text:MMWave_deviceMailboxCallbackFxn)
                  008018e0    00000020                             : mmwave_link.oe674 (.text:MMWave_disableDevice)
                  00801900    00000020                             : mmwave_link.oe674 (.text:MMWave_enableDevice)
                  00801920    00000020                             : mmwave_listlib.oe674 (.text:MMWave_listGetHead)
                  00801940    00000020                             : mmwave_listlib.oe674 (.text:MMWave_listGetNext)
                  00801960    00000020                             : mmwave_link.oe674 (.text:MMWave_maskHostIRQ)
                  00801980    00000020                             : mmwave_link.oe674 (.text:MMWave_mboxCallbackFxn)
                  008019a0    00000020                             : mmwave_link.oe674 (.text:MMWave_mboxClose)
                  008019c0    00000020                             : mmwave_link.oe674 (.text:MMWave_mboxRead)
                  008019e0    00000020                             : mmwave_osal.oe674 (.text:MMWave_osalMutexDelete)
                  00801a00    00000020                             : mmwave_osal.oe674 (.text:MMWave_osalMutexUnlock)
                  00801a20    00000020                             : mmwave_osal.oe674 (.text:MMWave_osalSemDelete)
                  00801a40    00000020                             : mmwave_osal.oe674 (.text:MMWave_osalSemSignal)
                  00801a60    00000020                             : mmwave_link.oe674 (.text:MMWave_registerInterruptHandler)
                  00801a80    00000020                             : mmwave_link.oe674 (.text:MMWave_unmaskHostIRQ)
                  00801aa0    00000020                             : mmwave_link.oe674 (.text:MMWave_waitIRQStatus)
                  00801ac0    00000020     libosal_xwr16xx.ae674 : MemoryP_tirtos.oe674 (.text:MemoryP_ctrlAlloc)
                  00801ae0    00000020                           : MemoryP_tirtos.oe674 (.text:MemoryP_ctrlFree)
                  00801b00    00000020     dss_data_path.oe674 (.text:MmwDemo_edmaErrorCallbackFxn)
                  00801b20    00000020     dss_data_path.oe674 (.text:MmwDemo_edmaTransferControllerErrorCallbackFxn)
                  00801b40    00000020     dss_main.oe674 (.text:MmwDemo_mboxCallback)
                  00801b60    00000020     libosal_xwr16xx.ae674 : SemaphoreP_tirtos.oe674 (.text:SemaphoreP_Params_init)
                  00801b80    00000020                           : SemaphoreP_tirtos.oe674 (.text:SemaphoreP_delete)
                  00801ba0    00000020                           : SemaphoreP_tirtos.oe674 (.text:SemaphoreP_pend)
                  00801bc0    00000020                           : SemaphoreP_tirtos.oe674 (.text:SemaphoreP_post)
                  00801be0    00000020     libuart_xwr16xx.ae674 : UART.oe674 (.text:UART_Params_init)
                  00801c00    00000020                           : uartsci.oe674 (.text:UartSci_init)
                  00801c20    00000020     rts6740_elf.lib : errno.obj (.text:__c6xabi_errno_addr)
                  00801c40    00000020                     : trunc.obj (.text:__c6xabi_trunc)
                  00801c60    00000020     ti.targets.rts6000.ae674 : xdc_noinit.oe674 (.text:__xdc__init)
                  00801c80    00000020     rts6740_elf.lib : _lock.obj (.text:_nop)
                  00801ca0    00000020                     : _lock.obj (.text:_register_lock)
                  00801cc0    00000020                     : _lock.obj (.text:_register_unlock)
                  00801ce0    00000020     sysbios.ae674 : c62_TaskSupport_asm.obj (.text:_ti_sysbios_family_c62_TaskSupport_glue)
                  00801d00    00000020     rts6740_elf.lib : exit.obj (.text:abort)
                  00801d20    00000020                     : fputc.obj (.text:putchar)
                  00801d40    00000020     libmmwavelink_xwr16xx.ae674 : rl_driver.oe674 (.text:rlDriverGetHandle)
                  00801d60    00000020                                 : rl_driver.oe674 (.text:rlDriverIsDeviceMapValid)
                  00801d80    00000020                                 : rl_controller.oe674 (.text:rlGetSubBlockId)
                  00801da0    00000020                                 : rl_controller.oe674 (.text:rlGetSubBlockLen)
                  00801dc0    00000020     dss_mmw_pe674.oe674 (.text:ti_sysbios_BIOS_RtsGateProxy_enter__E)
                  00801de0    00000020     dss_mmw_pe674.oe674 (.text:ti_sysbios_BIOS_RtsGateProxy_leave__E)
                  00801e00    00000020     sysbios.ae674 : BIOS.obj (.text:ti_sysbios_BIOS_getCpuFreq__E)
                  00801e20    00000020                   : BIOS.obj (.text:ti_sysbios_BIOS_linkedWithIncorrectBootLibrary__E)
                  00801e40    00000020     dss_mmw_pe674.oe674 (.text:ti_sysbios_BIOS_nullFunc__I)
                  00801e60    00000020     sysbios.ae674 : BIOS.obj (.text:ti_sysbios_BIOS_setThreadType__E)
                  00801e80    00000020                   : BIOS.obj (.text:ti_sysbios_BIOS_start__E)
                  00801ea0    00000020     dss_mmw_pe674.oe674 (.text:ti_sysbios_family_c62_TaskSupport_Module__startupDone__S)
                  00801ec0    00000020     sysbios.ae674 : BIOS.obj (.text:ti_sysbios_family_c62_TaskSupport_checkStack__E)
                  00801ee0    00000020                   : BIOS.obj (.text:ti_sysbios_family_c62_TaskSupport_getStackAlignment__E)
                  00801f00    00000020     dss_mmw_pe674.oe674 (.text:ti_sysbios_family_c64p_Hwi_Module__startupDone__F)
                  00801f20    00000020     sysbios.ae674 : BIOS.obj (.text:ti_sysbios_family_c64p_Hwi_clearInterrupt__E)
                  00801f40    00000020                   : BIOS.obj (.text:ti_sysbios_family_c64p_Hwi_startup__E)
                  00801f60    00000020                   : BIOS.obj (.text:ti_sysbios_family_c64p_Hwi_switchFromBootStack__E)
                  00801f80    00000020                   : BIOS.obj (.text:ti_sysbios_family_c64p_TimestampProvider_Module_startup__E)
                  00801fa0    00000020                   : BIOS.obj (.text:ti_sysbios_family_c64p_TimestampProvider_get32__E)
                  00801fc0    00000020                   : BIOS.obj (.text:ti_sysbios_gates_GateHwi_Instance_init__E)
                  00801fe0    00000020                   : BIOS.obj (.text:ti_sysbios_gates_GateHwi_enter__E)
                  00802000    00000020                   : BIOS.obj (.text:ti_sysbios_gates_GateHwi_leave__E)
                  00802020    00000020                   : BIOS.obj (.text:ti_sysbios_gates_GateHwi_query__E)
                  00802040    00000020                   : BIOS.obj (.text:ti_sysbios_gates_GateMutex_Instance_finalize__E)
                  00802060    00000020                   : BIOS.obj (.text:ti_sysbios_gates_GateMutex_query__E)
                  00802080    00000020                   : BIOS.obj (.text:ti_sysbios_hal_Hwi_Module_startup__E)
                  008020a0    00000020     dss_mmw_pe674.oe674 (.text:ti_sysbios_heaps_HeapMem_Module_GateProxy_enter__E)
                  008020c0    00000020     dss_mmw_pe674.oe674 (.text:ti_sysbios_heaps_HeapMem_Module_GateProxy_leave__E)
                  008020e0    00000020     sysbios.ae674 : BIOS.obj (.text:ti_sysbios_heaps_HeapMem_isBlocking__E)
                  00802100    00000020     dss_mmw_pe674.oe674 (.text:ti_sysbios_knl_Clock_Params__init__S)
                  00802120    00000020     dss_mmw_pe674.oe674 (.text:ti_sysbios_knl_Clock_TimerProxy_getMaxTicks__E)
                  00802140    00000020     sysbios.ae674 : BIOS.obj (.text:ti_sysbios_knl_Clock_setTimeout__E)
                  00802160    00000020                   : BIOS.obj (.text:ti_sysbios_knl_Clock_stop__E)
                  00802180    00000020                   : BIOS.obj (.text:ti_sysbios_knl_Event_Instance_init__E)
                  008021a0    00000020                   : BIOS.obj (.text:ti_sysbios_knl_Idle_loop__E)
                  008021c0    00000020                   : BIOS.obj (.text:ti_sysbios_knl_Queue_Instance_init__E)
                  008021e0    00000020     dss_mmw_pe674.oe674 (.text:ti_sysbios_knl_Queue_Object__get__S)
                  00802200    00000020     dss_mmw_pe674.oe674 (.text:ti_sysbios_knl_Queue_destruct)
                  00802220    00000020     sysbios.ae674 : BIOS.obj (.text:ti_sysbios_knl_Queue_empty__E)
                  00802240    00000020                   : BIOS.obj (.text:ti_sysbios_knl_Semaphore_Instance_finalize__E)
                  00802260    00000020     dss_mmw_pe674.oe674 (.text:ti_sysbios_knl_Semaphore_Params__init__S)
                  00802280    00000020     dss_mmw_pe674.oe674 (.text:ti_sysbios_knl_Semaphore_delete)
                  008022a0    00000020     dss_mmw_pe674.oe674 (.text:ti_sysbios_knl_Task_Params__init__S)
                  008022c0    00000020     sysbios.ae674 : BIOS.obj (.text:ti_sysbios_knl_Task_disable__E)
                  008022e0    00000020                   : BIOS.obj (.text:ti_sysbios_knl_Task_startup__E)
                  00802300    00000020     dss_mmw_pe674.oe674 (.text:ti_sysbios_timers_rti_Timer_Module__startupDone__F)
                  00802320    00000020     sysbios.ae674 : BIOS.obj (.text:ti_sysbios_timers_rti_Timer_getMaxTicks__E)
                  00802340    00000020                   : BIOS.obj (.text:ti_sysbios_utils_Load_getCPULoad__E)
                  00802360    00000020                   : BIOS.obj (.text:ti_sysbios_utils_Load_taskRegHook__E)
                  00802380    00000020     ti.targets.rts6000.ae674 : Error.oe674 (.text:xdc_runtime_Error_getSite__E)
                  008023a0    00000020                              : Error.oe674 (.text:xdc_runtime_Error_raiseX__E)
                  008023c0    00000020                              : Gate.oe674 (.text:xdc_runtime_Gate_enterSystem__E)
                  008023e0    00000020                              : Gate.oe674 (.text:xdc_runtime_Gate_leaveSystem__E)
                  00802400    00000020     dss_mmw_pe674.oe674 (.text:xdc_runtime_IHeap_alloc)
                  00802420    00000020     dss_mmw_pe674.oe674 (.text:xdc_runtime_IHeap_free)
                  00802440    00000020     ti.targets.rts6000.ae674 : Memory.oe674 (.text:xdc_runtime_Memory_calloc__E)
                  00802460    00000020                              : Memory.oe674 (.text:xdc_runtime_Memory_free__E)
                  00802480    00000020                              : Memory.oe674 (.text:xdc_runtime_Memory_getMaxDefaultTypeAlign__E)
                  008024a0    00000020     dss_mmw_pe674.oe674 (.text:xdc_runtime_Startup_exec__I)
                  008024c0    00000020     dss_mmw_pe674.oe674 (.text:xdc_runtime_Startup_reset__I)
                  008024e0    00000020     ti.targets.rts6000.ae674 : Startup.oe674 (.text:xdc_runtime_Startup_rtsDone__E)
                  00802500    00000020                              : SysStd.oe674 (.text:xdc_runtime_SysStd_exit__E)
                  00802520    00000020                              : SysStd.oe674 (.text:xdc_runtime_SysStd_putch__E)
                  00802540    00000020                              : SysStd.oe674 (.text:xdc_runtime_SysStd_ready__E)
                  00802560    00000020     dss_mmw_pe674.oe674 (.text:xdc_runtime_System_Module_GateProxy_enter__E)
                  00802580    00000020     dss_mmw_pe674.oe674 (.text:xdc_runtime_System_Module_GateProxy_leave__E)
                  008025a0    00000020     ti.targets.rts6000.ae674 : System.oe674 (.text:xdc_runtime_System_Module_startup__E)
                  008025c0    00000020                              : System.oe674 (.text:xdc_runtime_System_vsnprintf__E)
                  008025e0    00000020                              : Text.oe674 (.text:xdc_runtime_Text_ropeText__E)
                  00802600    00000020     dss_mmw_pe674.oe674 (.text:xdc_runtime_Text_visitRope__I)

.l2data    0    00802620    0000c000     UNINITIALIZED
                  00802620    0000c000     dss_data_path.oe674 (.l2data)

systemHeap 
*          0    0080e620    00004000     UNINITIALIZED
                  0080e620    00004000     dss_mmw_pe674.oe674 (systemHeap)

.const     0    00812620    00001de9     
                  00812620    000008f4     dss_main.oe674 (.const:.string)
                  00812f14    00000518     sysbios.ae674 : BIOS.obj (.const:.string)
                  0081342c    000001f0     libmmwavelink_xwr16xx.ae674 : rl_sensor.oe674 (.const)
                  0081361c    00000164     dss_config_edma_util.oe674 (.const:.string)
                  00813780    0000011c     libmmwavelink_xwr16xx.ae674 : rl_driver.oe674 (.const)
                  0081389c    000000c0     dss_data_path.oe674 (.const:.string)
                  0081395c    00000078     libmmwavelink_xwr16xx.ae674 : rl_driver.oe674 (.const:.string)
                  008139d4    00000004     ti.targets.rts6000.ae674 : Assert.oe674 (.const:.string)
                  008139d8    00000068     libedma_xwr16xx.ae674 : edma_xwr1xxx.oe674 (.const:gEdmaHwAttrs)
                  00813a40    00000064     dss_mmw_pe674.oe674 (.const:.string)
                  00813aa4    00000058     libedma_xwr16xx.ae674 : edma.oe674 (.const:.string)
                  00813afc    00000058     ti.targets.rts6000.ae674 : Error.oe674 (.const:.string)
                  00813b54    0000004c     libmailbox_xwr16xx.ae674 : mailbox.oe674 (.const:.string)
                  00813ba0    00000040     libmmwavealg_xwr16xx.ae674 : mmwavelib_log2abs.oe674 (.const:.string:c_Log2LookUp)
                  00813be0    00000040     ti.targets.rts6000.ae674 : Text.oe674 (.const:.string)
                  00813c20    00000040     libuart_xwr16xx.ae674 : UART.oe674 (.const)
                  00813c60    0000003c     libsoc_xwr16xx.ae674 : soc_xwr16xx_dss.oe674 (.const:.string)
                  00813c9c    0000003c     dss_mmw_pe674.oe674 (.const:ti_sysbios_knl_Task_Object__PARAMS__C)
                  00813cd8    00000034     libmmwave_xwr16xx.ae674 : mmwave_xwr16xx.oe674 (.const:.string)
                  00813d0c    0000002c     ti.targets.rts6000.ae674 : Startup.oe674 (.const:.string)
                  00813d38    00000028     libmmwave_xwr16xx.ae674 : mmwave.oe674 (.const:.string)
                  00813d60    00000028     dss_mmw_pe674.oe674 (.const:ti_sysbios_heaps_HeapMem_Module__FXNS__C)
                  00813d88    00000028     dss_mmw_pe674.oe674 (.const:xdc_runtime_Startup_sfxnTab__A)
                  00813db0    00000024     libmailbox_xwr16xx.ae674 : mailbox.oe674 (.const)
                  00813dd4    00000024     dss_mmw_pe674.oe674 (.const:ti_sysbios_gates_GateHwi_Module__FXNS__C)
                  00813df8    00000024     dss_mmw_pe674.oe674 (.const:ti_sysbios_gates_GateMutex_Module__FXNS__C)
                  00813e1c    00000024     dss_mmw_pe674.oe674 (.const:ti_sysbios_heaps_HeapMem_Object__PARAMS__C)
                  00813e40    00000024     dss_mmw_pe674.oe674 (.const:ti_sysbios_knl_Clock_Object__PARAMS__C)
                  00813e64    00000024     dss_mmw_pe674.oe674 (.const:ti_sysbios_knl_Semaphore_Object__PARAMS__C)
                  00813e88    00000020     libosal_xwr16xx.ae674 : SemaphoreP_tirtos.oe674 (.const:.string)
                  00813ea8    00000020     dss_mmw_pe674.oe674 (.const:ti_sysbios_gates_GateHwi_Object__DESC__C)
                  00813ec8    00000020     dss_mmw_pe674.oe674 (.const:ti_sysbios_gates_GateMutex_Object__DESC__C)
                  00813ee8    00000020     dss_mmw_pe674.oe674 (.const:ti_sysbios_heaps_HeapMem_Object__DESC__C)
                  00813f08    00000020     dss_mmw_pe674.oe674 (.const:ti_sysbios_knl_Clock_Object__DESC__C)
                  00813f28    00000020     dss_mmw_pe674.oe674 (.const:ti_sysbios_knl_Event_Object__DESC__C)
                  00813f48    00000020     dss_mmw_pe674.oe674 (.const:ti_sysbios_knl_Queue_Object__DESC__C)
                  00813f68    00000020     dss_mmw_pe674.oe674 (.const:ti_sysbios_knl_Semaphore_Object__DESC__C)
                  00813f88    00000020     dss_mmw_pe674.oe674 (.const:ti_sysbios_knl_Task_Object__DESC__C)
                  00813fa8    0000001c     libosal_xwr16xx.ae674 : HwiP_tirtos.oe674 (.const:.string)
                  00813fc4    00000018     libmmwave_xwr16xx.ae674 : mmwave_fullcfg.oe674 (.const:.string)
                  00813fdc    00000018     ti.targets.rts6000.ae674 : System.oe674 (.const:.string)
                  00813ff4    00000018     dss_mmw_pe674.oe674 (.const:ti_sysbios_gates_GateHwi_Object__PARAMS__C)
                  0081400c    00000018     dss_mmw_pe674.oe674 (.const:ti_sysbios_gates_GateMutex_Object__PARAMS__C)
                  00814024    00000018     dss_mmw_pe674.oe674 (.const:ti_sysbios_knl_Event_Object__PARAMS__C)
                  0081403c    00000018     dss_mmw_pe674.oe674 (.const:ti_sysbios_knl_Queue_Object__PARAMS__C)
                  00814054    00000004     dss_mmw_pe674.oe674 (.const:ti_sysbios_family_c62_TaskSupport_stackAlignment__C)
                  00814058    00000018     dss_mmw_pe674.oe674 (.const:ti_sysbios_knl_Task_hooks__A)
                  00814070    00000014     libadcbuf_xwr16xx.ae674 : adcbuf_mmwave.oe674 (.const:.string)
                  00814084    00000014     libmmwave_xwr16xx.ae674 : mmwave_link.oe674 (.const:.string)
                  00814098    00000014     libuart_xwr16xx.ae674 : uartsci.oe674 (.const:.string)
                  008140ac    00000004     dss_mmw_pe674.oe674 (.const:ti_sysbios_family_c64p_Cache_E_invalidL1CacheSize__C)
                  008140b0    00000014     dss_mmw_pe674.oe674 (.const:xdc_runtime_Startup_sfxnRts__A)
                  008140c4    00000004     dss_mmw_pe674.oe674 (.const:ti_sysbios_family_c64p_Cache_E_invalidL2CacheSize__C)
                  008140c8    00000010     libedma_xwr16xx.ae674 : edma.oe674 (.const:EDMA_config)
                  008140d8    00000010     libadcbuf_xwr16xx.ae674 : adcbuf_mmwave.oe674 (.const)
                  008140e8    00000010     dss_mmw_pe674.oe674 (.const:ti_sysbios_family_c64p_EventCombiner_EVTMASK__C)
                  008140f8    0000000c     libmmwavelink_xwr16xx.ae674 : rl_driver.oe674 (.const:.string:$P$T2$3)
                  00814104    0000000c     libcrc_xwr16xx.ae674 : crc.oe674 (.const:.string)
                  00814110    0000000c     libadcbuf_xwr16xx.ae674 : ADCBuf.oe674 (.const)
                  0081411c    00000004     dss_mmw_pe674.oe674 (.const:ti_sysbios_family_c64p_Cache_MAR0_31__C)
                  00814120    00000008     dss_mmw_pe674.oe674 (.const:ti_sysbios_knl_Idle_funcList__A)
                  00814128    00000008     dss_mmw_pe674.oe674 (.const:ti_sysbios_knl_Idle_funcList__C)
                  00814130    00000008     dss_mmw_pe674.oe674 (.const:ti_sysbios_knl_Task_hooks__C)
                  00814138    00000008     dss_mmw_pe674.oe674 (.const:xdc_runtime_Startup_firstFxns__A)
                  00814140    00000008     dss_mmw_pe674.oe674 (.const:xdc_runtime_Startup_firstFxns__C)
                  00814148    00000008     dss_mmw_pe674.oe674 (.const:xdc_runtime_Startup_lastFxns__C)
                  00814150    00000004     dss_mmw_pe674.oe674 (.const:ti_sysbios_family_c64p_Cache_MAR128_159__C)
                  00814154    00000004     dss_mmw_pe674.oe674 (.const:ti_sysbios_family_c64p_Cache_MAR160_191__C)
                  00814158    00000004     dss_mmw_pe674.oe674 (.const:ti_sysbios_family_c64p_Cache_MAR192_223__C)
                  0081415c    00000004     dss_mmw_pe674.oe674 (.const:ti_sysbios_family_c64p_Cache_MAR224_255__C)
                  00814160    00000004     dss_mmw_pe674.oe674 (.const:ti_sysbios_family_c64p_Cache_MAR32_63__C)
                  00814164    00000004     dss_mmw_pe674.oe674 (.const:ti_sysbios_family_c64p_Cache_MAR64_95__C)
                  00814168    00000004     dss_mmw_pe674.oe674 (.const:ti_sysbios_family_c64p_Cache_MAR96_127__C)
                  0081416c    00000004     dss_mmw_pe674.oe674 (.const:ti_sysbios_family_c64p_EventCombiner_A_invalidEventId__C)
                  00814170    00000004     dss_mmw_pe674.oe674 (.const:ti_sysbios_family_c64p_EventCombiner_E_unpluggedEvent__C)
                  00814174    00000004     dss_mmw_pe674.oe674 (.const:ti_sysbios_family_c64p_EventCombiner_Module__diagsEnabled__C)
                  00814178    00000004     dss_mmw_pe674.oe674 (.const:ti_sysbios_family_c64p_EventCombiner_Module__diagsIncluded__C)
                  0081417c    00000004     dss_mmw_pe674.oe674 (.const:ti_sysbios_family_c64p_EventCombiner_Module__diagsMask__C)
                  00814180    00000004     dss_mmw_pe674.oe674 (.const:ti_sysbios_family_c64p_Exception_E_exceptionMax__C)
                  00814184    00000004     dss_mmw_pe674.oe674 (.const:ti_sysbios_family_c64p_Exception_exceptionHook__C)
                  00814188    00000004     dss_mmw_pe674.oe674 (.const:ti_sysbios_family_c64p_Exception_externalHook__C)
                  0081418c    00000004     dss_mmw_pe674.oe674 (.const:ti_sysbios_family_c64p_Exception_internalHook__C)
                  00814190    00000004     dss_mmw_pe674.oe674 (.const:ti_sysbios_family_c64p_Exception_nmiHook__C)
                  00814194    00000004     dss_mmw_pe674.oe674 (.const:ti_sysbios_family_c64p_Hwi_LD_end__C)
                  00814198    00000004     dss_mmw_pe674.oe674 (.const:ti_sysbios_family_c64p_Hwi_LM_begin__C)
                  0081419c    00000004     dss_mmw_pe674.oe674 (.const:ti_sysbios_family_c64p_Hwi_Module__diagsEnabled__C)
                  008141a0    00000004     dss_mmw_pe674.oe674 (.const:ti_sysbios_family_c64p_Hwi_Module__diagsIncluded__C)
                  008141a4    00000004     dss_mmw_pe674.oe674 (.const:ti_sysbios_family_c64p_Hwi_Module__diagsMask__C)
                  008141a8    00000004     dss_mmw_pe674.oe674 (.const:ti_sysbios_family_c64p_Hwi_Module__loggerFxn1__C)
                  008141ac    00000004     dss_mmw_pe674.oe674 (.const:ti_sysbios_family_c64p_Hwi_Module__loggerFxn8__C)
                  008141b0    00000004     dss_mmw_pe674.oe674 (.const:ti_sysbios_family_c64p_Hwi_Module__loggerObj__C)
                  008141b4    00000004     dss_mmw_pe674.oe674 (.const:ti_sysbios_gates_GateMutex_A_badContext__C)
                  008141b8    00000004     dss_mmw_pe674.oe674 (.const:ti_sysbios_gates_GateMutex_Instance_State_sem__O)
                  008141bc    00000004     dss_mmw_pe674.oe674 (.const:ti_sysbios_gates_GateMutex_Module__diagsEnabled__C)
                  008141c0    00000004     dss_mmw_pe674.oe674 (.const:ti_sysbios_gates_GateMutex_Module__diagsIncluded__C)
                  008141c4    00000004     dss_mmw_pe674.oe674 (.const:ti_sysbios_gates_GateMutex_Module__diagsMask__C)
                  008141c8    00000004     dss_mmw_pe674.oe674 (.const:ti_sysbios_hal_Hwi_E_stackOverflow__C)
                  008141cc    00000004     dss_mmw_pe674.oe674 (.const:ti_sysbios_heaps_HeapMem_A_align__C)
                  008141d0    00000004     dss_mmw_pe674.oe674 (.const:ti_sysbios_heaps_HeapMem_A_heapSize__C)
                  008141d4    00000004     dss_mmw_pe674.oe674 (.const:ti_sysbios_heaps_HeapMem_A_invalidFree__C)
                  008141d8    00000004     dss_mmw_pe674.oe674 (.const:ti_sysbios_heaps_HeapMem_A_zeroBlock__C)
                  008141dc    00000004     dss_mmw_pe674.oe674 (.const:ti_sysbios_heaps_HeapMem_E_memory__C)
                  008141e0    00000004     dss_mmw_pe674.oe674 (.const:ti_sysbios_heaps_HeapMem_Module__diagsEnabled__C)
                  008141e4    00000004     dss_mmw_pe674.oe674 (.const:ti_sysbios_heaps_HeapMem_Module__diagsIncluded__C)
                  008141e8    00000004     dss_mmw_pe674.oe674 (.const:ti_sysbios_heaps_HeapMem_Module__diagsMask__C)
                  008141ec    00000004     dss_mmw_pe674.oe674 (.const:ti_sysbios_heaps_HeapMem_Module__gateObj__C)
                  008141f0    00000004     dss_mmw_pe674.oe674 (.const:ti_sysbios_heaps_HeapMem_Object__count__C)
                  008141f4    00000004     dss_mmw_pe674.oe674 (.const:ti_sysbios_heaps_HeapMem_reqAlign__C)
                  008141f8    00000004     dss_mmw_pe674.oe674 (.const:ti_sysbios_knl_Clock_A_badThreadType__C)
                  008141fc    00000004     dss_mmw_pe674.oe674 (.const:ti_sysbios_knl_Clock_LM_begin__C)
                  00814200    00000004     dss_mmw_pe674.oe674 (.const:ti_sysbios_knl_Clock_LM_tick__C)
                  00814204    00000004     dss_mmw_pe674.oe674 (.const:ti_sysbios_knl_Clock_LW_delayed__C)
                  00814208    00000004     dss_mmw_pe674.oe674 (.const:ti_sysbios_knl_Clock_Module_State_clockQ__O)
                  0081420c    00000004     dss_mmw_pe674.oe674 (.const:ti_sysbios_knl_Clock_Module__diagsEnabled__C)
                  00814210    00000004     dss_mmw_pe674.oe674 (.const:ti_sysbios_knl_Clock_Module__diagsIncluded__C)
                  00814214    00000004     dss_mmw_pe674.oe674 (.const:ti_sysbios_knl_Clock_Module__diagsMask__C)
                  00814218    00000004     dss_mmw_pe674.oe674 (.const:ti_sysbios_knl_Clock_Module__loggerFxn1__C)
                  0081421c    00000004     dss_mmw_pe674.oe674 (.const:ti_sysbios_knl_Clock_Module__loggerFxn2__C)
                  00814220    00000004     dss_mmw_pe674.oe674 (.const:ti_sysbios_knl_Clock_Module__loggerObj__C)
                  00814224    00000004     dss_mmw_pe674.oe674 (.const:ti_sysbios_knl_Event_A_badContext__C)
                  00814228    00000004     dss_mmw_pe674.oe674 (.const:ti_sysbios_knl_Event_A_eventInUse__C)
                  0081422c    00000004     dss_mmw_pe674.oe674 (.const:ti_sysbios_knl_Event_A_nullEventId__C)
                  00814230    00000004     dss_mmw_pe674.oe674 (.const:ti_sysbios_knl_Event_A_nullEventMasks__C)
                  00814234    00000004     dss_mmw_pe674.oe674 (.const:ti_sysbios_knl_Event_A_pendTaskDisabled__C)
                  00814238    00000004     dss_mmw_pe674.oe674 (.const:ti_sysbios_knl_Event_Instance_State_pendQ__O)
                  0081423c    00000004     dss_mmw_pe674.oe674 (.const:ti_sysbios_knl_Event_LM_pend__C)
                  00814240    00000004     dss_mmw_pe674.oe674 (.const:ti_sysbios_knl_Event_LM_post__C)
                  00814244    00000004     dss_mmw_pe674.oe674 (.const:ti_sysbios_knl_Event_Module__diagsEnabled__C)
                  00814248    00000004     dss_mmw_pe674.oe674 (.const:ti_sysbios_knl_Event_Module__diagsIncluded__C)
                  0081424c    00000004     dss_mmw_pe674.oe674 (.const:ti_sysbios_knl_Event_Module__diagsMask__C)
                  00814250    00000004     dss_mmw_pe674.oe674 (.const:ti_sysbios_knl_Event_Module__loggerFxn4__C)
                  00814254    00000004     dss_mmw_pe674.oe674 (.const:ti_sysbios_knl_Event_Module__loggerFxn8__C)
                  00814258    00000004     dss_mmw_pe674.oe674 (.const:ti_sysbios_knl_Event_Module__loggerObj__C)
                  0081425c    00000004     dss_mmw_pe674.oe674 (.const:ti_sysbios_knl_Semaphore_A_badContext__C)
                  00814260    00000004     dss_mmw_pe674.oe674 (.const:ti_sysbios_knl_Semaphore_A_noEvents__C)
                  00814264    00000004     dss_mmw_pe674.oe674 (.const:ti_sysbios_knl_Semaphore_A_overflow__C)
                  00814268    00000004     dss_mmw_pe674.oe674 (.const:ti_sysbios_knl_Semaphore_A_pendTaskDisabled__C)
                  0081426c    00000004     dss_mmw_pe674.oe674 (.const:ti_sysbios_knl_Semaphore_Instance_State_pendQ__O)
                  00814270    00000004     dss_mmw_pe674.oe674 (.const:ti_sysbios_knl_Semaphore_LM_pend__C)
                  00814274    00000004     dss_mmw_pe674.oe674 (.const:ti_sysbios_knl_Semaphore_LM_post__C)
                  00814278    00000004     dss_mmw_pe674.oe674 (.const:ti_sysbios_knl_Semaphore_Module__diagsEnabled__C)
                  0081427c    00000004     dss_mmw_pe674.oe674 (.const:ti_sysbios_knl_Semaphore_Module__diagsIncluded__C)
                  00814280    00000004     dss_mmw_pe674.oe674 (.const:ti_sysbios_knl_Semaphore_Module__diagsMask__C)
                  00814284    00000004     dss_mmw_pe674.oe674 (.const:ti_sysbios_knl_Semaphore_Module__loggerFxn2__C)
                  00814288    00000004     dss_mmw_pe674.oe674 (.const:ti_sysbios_knl_Semaphore_Module__loggerFxn4__C)
                  0081428c    00000004     dss_mmw_pe674.oe674 (.const:ti_sysbios_knl_Semaphore_Module__loggerObj__C)
                  00814290    00000004     dss_mmw_pe674.oe674 (.const:ti_sysbios_knl_Task_A_badPriority__C)
                  00814294    00000004     dss_mmw_pe674.oe674 (.const:ti_sysbios_knl_Task_A_badTaskState__C)
                  00814298    00000004     dss_mmw_pe674.oe674 (.const:ti_sysbios_knl_Task_A_badThreadType__C)
                  0081429c    00000004     dss_mmw_pe674.oe674 (.const:ti_sysbios_knl_Task_A_badTimeout__C)
                  008142a0    00000004     dss_mmw_pe674.oe674 (.const:ti_sysbios_knl_Task_A_noPendElem__C)
                  008142a4    00000004     dss_mmw_pe674.oe674 (.const:ti_sysbios_knl_Task_A_sleepTaskDisabled__C)
                  008142a8    00000004     dss_mmw_pe674.oe674 (.const:ti_sysbios_knl_Task_E_spOutOfBounds__C)
                  008142ac    00000004     dss_mmw_pe674.oe674 (.const:ti_sysbios_knl_Task_E_stackOverflow__C)
                  008142b0    00000004     dss_mmw_pe674.oe674 (.const:ti_sysbios_knl_Task_LD_block__C)
                  008142b4    00000004     dss_mmw_pe674.oe674 (.const:ti_sysbios_knl_Task_LD_exit__C)
                  008142b8    00000004     dss_mmw_pe674.oe674 (.const:ti_sysbios_knl_Task_LD_ready__C)
                  008142bc    00000004     dss_mmw_pe674.oe674 (.const:ti_sysbios_knl_Task_LM_sleep__C)
                  008142c0    00000004     dss_mmw_pe674.oe674 (.const:ti_sysbios_knl_Task_LM_switch__C)
[...]
00814204  ti_sysbios_knl_Clock_LW_delayed__C                           
00814208  ti_sysbios_knl_Clock_Module_State_clockQ__O                  
0081420c  ti_sysbios_knl_Clock_Module__diagsEnabled__C                 
00814210  ti_sysbios_knl_Clock_Module__diagsIncluded__C                
00814214  ti_sysbios_knl_Clock_Module__diagsMask__C                    
00814218  ti_sysbios_knl_Clock_Module__loggerFxn1__C                   
0081421c  ti_sysbios_knl_Clock_Module__loggerFxn2__C                   
00814220  ti_sysbios_knl_Clock_Module__loggerObj__C                    
00814224  ti_sysbios_knl_Event_A_badContext__C                         
00814228  ti_sysbios_knl_Event_A_eventInUse__C                         
0081422c  ti_sysbios_knl_Event_A_nullEventId__C                        
00814230  ti_sysbios_knl_Event_A_nullEventMasks__C                     
00814234  ti_sysbios_knl_Event_A_pendTaskDisabled__C                   
00814238  ti_sysbios_knl_Event_Instance_State_pendQ__O                 
0081423c  ti_sysbios_knl_Event_LM_pend__C                              
00814240  ti_sysbios_knl_Event_LM_post__C                              
00814244  ti_sysbios_knl_Event_Module__diagsEnabled__C                 
00814248  ti_sysbios_knl_Event_Module__diagsIncluded__C                
0081424c  ti_sysbios_knl_Event_Module__diagsMask__C                    
00814250  ti_sysbios_knl_Event_Module__loggerFxn4__C                   
00814254  ti_sysbios_knl_Event_Module__loggerFxn8__C                   
00814258  ti_sysbios_knl_Event_Module__loggerObj__C                    
0081425c  ti_sysbios_knl_Semaphore_A_badContext__C                     
00814260  ti_sysbios_knl_Semaphore_A_noEvents__C                       
00814264  ti_sysbios_knl_Semaphore_A_overflow__C                       
00814268  ti_sysbios_knl_Semaphore_A_pendTaskDisabled__C               
0081426c  ti_sysbios_knl_Semaphore_Instance_State_pendQ__O             
00814270  ti_sysbios_knl_Semaphore_LM_pend__C                          
00814274  ti_sysbios_knl_Semaphore_LM_post__C                          
00814278  ti_sysbios_knl_Semaphore_Module__diagsEnabled__C             
0081427c  ti_sysbios_knl_Semaphore_Module__diagsIncluded__C            
00814280  ti_sysbios_knl_Semaphore_Module__diagsMask__C                
00814284  ti_sysbios_knl_Semaphore_Module__loggerFxn2__C               
00814288  ti_sysbios_knl_Semaphore_Module__loggerFxn4__C               
0081428c  ti_sysbios_knl_Semaphore_Module__loggerObj__C                
00814290  ti_sysbios_knl_Task_A_badPriority__C                         
00814294  ti_sysbios_knl_Task_A_badTaskState__C                        
00814298  ti_sysbios_knl_Task_A_badThreadType__C                       
0081429c  ti_sysbios_knl_Task_A_badTimeout__C                          
008142a0  ti_sysbios_knl_Task_A_noPendElem__C                          
008142a4  ti_sysbios_knl_Task_A_sleepTaskDisabled__C                   
008142a8  ti_sysbios_knl_Task_E_spOutOfBounds__C                       
008142ac  ti_sysbios_knl_Task_E_stackOverflow__C                       
008142b0  ti_sysbios_knl_Task_LD_block__C                              
008142b4  ti_sysbios_knl_Task_LD_exit__C                               
008142b8  ti_sysbios_knl_Task_LD_ready__C                              
008142bc  ti_sysbios_knl_Task_LM_sleep__C                              
008142c0  ti_sysbios_knl_Task_LM_switch__C                             
008142c4  ti_sysbios_knl_Task_Module_State_inactiveQ__O                
008142c8  ti_sysbios_knl_Task_Module__diagsEnabled__C                  
008142cc  ti_sysbios_knl_Task_Module__diagsIncluded__C                 
008142d0  ti_sysbios_knl_Task_Module__diagsMask__C                     
008142d4  ti_sysbios_knl_Task_Module__loggerFxn2__C                    
008142d8  ti_sysbios_knl_Task_Module__loggerFxn4__C                    
008142dc  ti_sysbios_knl_Task_Module__loggerObj__C                     
008142e0  ti_sysbios_knl_Task_Object__count__C                         
008142e4  ti_sysbios_knl_Task_Object__heap__C                          
008142e8  ti_sysbios_knl_Task_allBlockedFunc__C                        
008142ec  ti_sysbios_knl_Task_defaultStackHeap__C                      
008142f0  ti_sysbios_knl_Task_defaultStackSize__C                      
008142f4  ti_sysbios_knl_Task_numConstructedTasks__C                   
008142f8  ti_sysbios_timers_rti_Timer_E_cannotSupport__C               
008142fc  ti_sysbios_timers_rti_Timer_Module__diagsEnabled__C          
00814300  ti_sysbios_timers_rti_Timer_Module__diagsIncluded__C         
00814304  ti_sysbios_timers_rti_Timer_Module__diagsMask__C             
00814308  ti_sysbios_timers_rti_Timer_numTimerDevices__C               
0081430c  ti_sysbios_timers_rti_Timer_startupNeeded__C                 
00814310  ti_sysbios_utils_Load_LS_cpuLoad__C                          
00814314  ti_sysbios_utils_Load_LS_taskLoad__C                         
00814318  ti_sysbios_utils_Load_Module_State_taskList__O               
0081431c  ti_sysbios_utils_Load_Module__diagsEnabled__C                
00814320  ti_sysbios_utils_Load_Module__diagsIncluded__C               
00814324  ti_sysbios_utils_Load_Module__diagsMask__C                   
00814328  ti_sysbios_utils_Load_Module__loggerFxn1__C                  
0081432c  ti_sysbios_utils_Load_Module__loggerFxn4__C                  
00814330  ti_sysbios_utils_Load_Module__loggerObj__C                   
00814334  ti_sysbios_utils_Load_postUpdate__C                          
00814338  ti_sysbios_utils_Load_windowInMs__C                          
0081433c  xdc_runtime_Assert_E_assertFailed__C                         
00814340  xdc_runtime_Core_A_initializedParams__C                      
00814344  xdc_runtime_Core_Module__diagsEnabled__C                     
00814348  xdc_runtime_Core_Module__diagsIncluded__C                    
0081434c  xdc_runtime_Core_Module__diagsMask__C                        
00814350  xdc_runtime_Error_E_memory__C                                
00814354  xdc_runtime_Error_Module__diagsEnabled__C                    
00814358  xdc_runtime_Error_Module__diagsIncluded__C                   
0081435c  xdc_runtime_Error_Module__diagsMask__C                       
00814360  xdc_runtime_Error_Module__loggerFxn8__C                      
00814364  xdc_runtime_Error_Module__loggerObj__C                       
00814368  xdc_runtime_Error_policyFxn__C                               
0081436c  xdc_runtime_Error_policy__C                                  
00814370  xdc_runtime_Error_raiseHook__C                               
00814374  xdc_runtime_IGateProvider_Interface__BASE__C                 
00814378  xdc_runtime_IHeap_Interface__BASE__C                         
0081437c  xdc_runtime_IModule_Interface__BASE__C                       
00814380  xdc_runtime_Log_L_error__C                                   
00814384  xdc_runtime_Memory_defaultHeapInstance__C                    
00814388  xdc_runtime_Startup_execImpl__C                              
0081438c  xdc_runtime_Startup_maxPasses__C                             
00814390  xdc_runtime_Startup_sfxnRts__C                               
00814394  xdc_runtime_Startup_sfxnTab__C                               
00814398  xdc_runtime_System_Module__gateObj__C                        
0081439c  xdc_runtime_System_abortFxn__C                               
008143a0  xdc_runtime_System_exitFxn__C                                
008143a4  xdc_runtime_System_extendFxn__C                              
008143a8  xdc_runtime_System_maxAtexitHandlers__C                      
008143ac  xdc_runtime_Text_charTab__C                                  
008143b0  xdc_runtime_Text_nameEmpty__C                                
008143b4  xdc_runtime_Text_nameStatic__C                               
008143b8  xdc_runtime_Text_nameUnknown__C                              
008143bc  xdc_runtime_Text_visitRopeFxn__C                             
008143c0  xdc_runtime_Text_nodeTab__A                                  
008143c4  ti_sysbios_family_c64p_Cache_Module__id__C                   
008143c6  ti_sysbios_family_c64p_EventCombiner_Module__id__C           
008143c8  ti_sysbios_family_c64p_Exception_Module__id__C               
008143ca  ti_sysbios_family_c64p_Exception_useInternalBuffer__C        
008143cc  ti_sysbios_family_c64p_Hwi_Module__id__C                     
008143ce  ti_sysbios_family_c64p_Hwi_Module__loggerDefined__C          
008143d0  ti_sysbios_gates_GateMutex_Module__id__C                     
008143d2  ti_sysbios_hal_Hwi_Module__id__C                             
008143d4  ti_sysbios_heaps_HeapMem_Module__id__C                       
008143d6  ti_sysbios_knl_Clock_Module__id__C                           
008143d8  ti_sysbios_knl_Clock_Module__loggerDefined__C                
008143da  ti_sysbios_knl_Event_Module__id__C                           
008143dc  ti_sysbios_knl_Event_Module__loggerDefined__C                
008143de  ti_sysbios_knl_Semaphore_Module__id__C                       
008143e0  ti_sysbios_knl_Semaphore_Module__loggerDefined__C            
008143e2  ti_sysbios_knl_Task_Module__id__C                            
008143e4  ti_sysbios_knl_Task_Module__loggerDefined__C                 
008143e6  ti_sysbios_timers_rti_Timer_Module__id__C                    
008143e8  ti_sysbios_timers_rti_Timer_continueOnSuspend__C             
008143ea  ti_sysbios_utils_Load_Module__id__C                          
008143ec  ti_sysbios_utils_Load_Module__loggerDefined__C               
008143ee  ti_sysbios_utils_Load_autoAddTasks__C                        
008143f0  ti_sysbios_utils_Load_updateInIdle__C                        
008143f2  xdc_runtime_Core_Module__id__C                               
008143f4  xdc_runtime_Error_Module__loggerDefined__C                   
008143f6  xdc_runtime_Error_maxDepth__C                                
008143f8  xdc_runtime_Main_Module__id__C                               
008143fa  xdc_runtime_Memory_Module__id__C                             
008143fc  xdc_runtime_Text_charCnt__C                                  
008143fe  xdc_runtime_Text_isLoaded__C                                 
00814400  xdc_runtime_Text_registryModsLastId__C                       
00814402  xdc_runtime_Text_unnamedModsLastId__C                        
00814408  xdc_runtime_Text_charTab__A                                  
00814410  xdc_runtime_Error_IgnoreBlock                                
00814430  ti_sysbios_BIOS_Module__state__V                             
00814454  ti_sysbios_family_c64p_Cache_Module__state__V                
00814458  ti_sysbios_family_c64p_EventCombiner_Module__state__V        
00814858  ti_sysbios_family_c64p_Exception_Module__state__V            
00814888  ti_sysbios_family_c64p_Hwi_Module__root__V                   
00814890  ti_sysbios_family_c64p_Hwi_Module__state__V                  
008148fc  ti_sysbios_gates_GateHwi_Module__root__V                     
00814904  ti_sysbios_gates_GateMutex_Module__root__V                   
0081490c  ti_sysbios_hal_Hwi_Module__root__V                           
00814914  ti_sysbios_heaps_HeapMem_Module__root__V                     
0081491c  ti_sysbios_knl_Clock_Module__root__V                         
00814924  ti_sysbios_knl_Clock_Module__state__V                        
00814950  ti_sysbios_knl_Event_Module__root__V                         
00814958  ti_sysbios_knl_Queue_Module__root__V                         
00814960  ti_sysbios_knl_Semaphore_Module__root__V                     
00814968  ti_sysbios_knl_Task_Module__root__V                          
00814970  ti_sysbios_knl_Task_Module__state__V                         
008149b4  ti_sysbios_rts_ti_ThreadLocalStorage_Module__state__V        
008149c0  ti_sysbios_timers_rti_Timer_Module__root__V                  
008149c8  ti_sysbios_timers_rti_Timer_Module__state__V                 
008149d8  ti_sysbios_utils_Load_Module__state__V                       
00814a70  xdc_runtime_Error_Module__state__V                           
00814a74  xdc_runtime_Memory_Module__state__V                          
00814a78  xdc_runtime_Registry_Module__state__V                        
00814a80  xdc_runtime_Startup_Module__state__V                         
00814a88  xdc_runtime_System_Module__state__V                          
00814a90  xdc_runtime_Text_Module__state__V                            
00814a98  __xdc__init__addr                                            
00814a9c  rl_driverData                                                
00814c70  rl_txMsg                                                     
00814d70  rl_rxMsg                                                     
00814e70  _ftable                                                      
008150f0  ti_sysbios_knl_Task_Module_State_0_readyQ__A                 
008151e8  ti_sysbios_family_c64p_Hwi_Object__table__V                  
00815260  gMailboxMCB                                                  
008152b0  ti_sysbios_knl_Task_Object__table__V                         
008152fc  _lock                                                        
00815380  SOC_TranslateAddr_LUT                                        
008153c0  funcPtrDetails                                               
00815400  ti_sysbios_gates_GateMutex_Object__table__V                  
00815440  ti_sysbios_timers_rti_Timer_Object__table__V                 
0081547c  gMailboxDssMssHwCfg                                          
00815494  gMailboxDssBssHwCfg                                          
008154ac  gUartSciFxnTable                                             
008154d4  gMMWaveHwAttributes                                          
008154f8  ti_sysbios_utils_Load_Module_State_0_taskEnv__A              
00815514  _unlock                                                      
00815530  ADCBuf_config                                                
00815560  UART_config                                                  
00815578  gSOCHwAttrib                                                 
00815590  ti_sysbios_heaps_HeapMem_Object__table__V                    
008155a8  ti_sysbios_timers_rti_Timer_Module_State_0_device__A         
008155c0  gUartSciHwCfg                                                
008155d0  ti_sysbios_timers_rti_Timer_Module_State_0_intFreqs__A       
008155e0  __TI_cleanup_ptr                                             
008155e4  __TI_dtors_ptr                                               
008155e8  __TI_enable_exit_profile_output                              
008155ec  __TI_ft_end                                                  
008155f0  gADCBufHwCfg                                                 
008155f8  ti_sysbios_hal_Hwi_Object__table__V                          
00815600  ti_sysbios_timers_rti_Timer_Module_State_0_handles__A        
00815608  __errno                                                      
00815608  errno                                                        
00815610  ti_sysbios_gates_GateHwi_Object__table__V                    
00815618  ti_sysbios_knl_Task_Module_State_0_idleTask__A               
00815620  ti_sysbios_utils_Load_Module_State_0_runningTask__A          
00815628  ti_sysbios_utils_Load_Module_State_0_taskStartTime__A        
00815b68  ti_sysbios_knl_Task_Instance_State_0_stack__A                
00815e88  gMmwDssMCB                                                   
00816138  __TI_tmpnams                                                 
00816278  gMMWave_MCB                                                  
00816338  edmaDbg                                                      
00816348  gCycleLog                                                    
00816358  gMMWave_XWR16xxMCB                                           
00816368  apiErrorStatus                                               
00816370  ti_sysbios_knl_Task_Instance_State_0_hookEnv__A              
00816378  _stack                                                       
00816790  __TI_STACK_END                                               
008168a8  __CIOBUF_                                                    
00816a00  __TI_STATIC_BASE                                             
00816a00  gUARTISRTxCounter                                            
00816a04  gUARTISRRxCounter                                            
00816a08  gUARTOverrunCounter                                          
00816a0c  gUARTDummyRead                                               
00816a10  gUARTIsrIntVec                                               
00816a14  gUARTIsrErrorInt                                             
00816a18  D2H_SYNC_PATTERN                                             
00816a1c  H2D_SYNC_PATTERN                                             
00816a20  H2D_CNYS_PATTERN                                             
00816a28  gCRCRegister                                                 
00816a2c  regionId                                                     
00816a38  _MmwDemo_fastCode_L1PSRAM_copy_table                         
00816a38  __TI_table__MmwDemo_fastCode_L1PSRAM_copy_table              
00e00000  DSP_fft32x32                                                 
00e00380  DSP_fft16x16                                                 
00e00680  mmwavelib_cfarCadB_SOGO                                      
00e00c60  mmwavelib_cfarCadBwrap                                       
00e01040  mmwavelib_log2Abs32                                          
00e01240  mmwavelib_dftSingleBin                                       
00e013c0  mmwavelib_windowing16x16                                     
00e01520  mmwavelib_windowing16x32                                     
00e01620  mmwavelib_accum16                                            
00e01680  log2sp                                                       
00e01800  sqrtsp                                                       
00e018a0  divsp                                                        
00e01900  MmwDemo_interFrameProcessing                                 
00e02ee0  MmwDemo_processChirp                                         
00e03160  MmwDemo_interChirpProcessing                                 
00e033e0  MmwDemo_cfarPeakGrouping                                     
00e037a0  MmwDemo_cfarPeakGroupingCfarQualified                        
00f00000  gMmwL1                                                       
20000000  _L3data_start                                                
20000000  gMmwL3                                                       
20003f00  SOC_init                                                     
20004520  main                                                         
20004620  MmwDemo_dataPathInitEdma                                     
21080000  gHSRam                                                       
ffffffff  __TI_pprof_out_hndl                                          
ffffffff  __TI_prof_data_size                                          
ffffffff  __TI_prof_data_start                                         
ffffffff  __binit__                                                    
ffffffff  __c_args__                                                   
ffffffff  binit                                                        
UNDEFED   __TI_CINIT_Base                                              
UNDEFED   __TI_CINIT_Limit                                             
UNDEFED   __TI_Handler_Table_Base                                      
UNDEFED   __TI_Handler_Table_Limit                                     
UNDEFED   __TI_INITARRAY_Base                                          
UNDEFED   __TI_INITARRAY_Limit                                         
UNDEFED   __TI_TLS_INIT_Base                                           
UNDEFED   __TI_TLS_INIT_Limit                                          

[899 symbols]
