******************************************************************************
                  TI ARM Linker Unix v16.9.1                   
******************************************************************************
>> Linked Wed Jan 17 16:25:01 2018

OUTPUT FILE NAME:   <xwr16xx_mmw_mss.xer4f>
ENTRY POINT SYMBOL: "_c_int00"  address: 0001031c


MEMORY CONFIGURATION

         name            origin    length      used     unused   attr    fill
----------------------  --------  ---------  --------  --------  ----  --------
  VECTORS               00000000   00000100  0000003c  000000c4     X
  PROG_RAM              00000100   0003ff00  0001df7e  00021f82  R  X
  DATA_RAM              08000000   00030000  00004914  0002b6ec  RW  
  L3_RAM                51000000   000a0000  00000000  000a0000  RW  
  HS_RAM                52080000   00008000  00000000  00008000  RW  


SEGMENT ALLOCATION MAP

run origin  load origin   length   init length attrs members
----------  ----------- ---------- ----------- ----- -------
00000000    00000000    0000003c   0000003c    r--
  00000000    00000000    0000003c   0000003c    r-- .vecs
00000100    00000100    000159a2   000159a2    r-x
  00000100    00000100    000134c4   000134c4    r-x .text
  000135c8    000135c8    000024da   000024da    r-- .const
00015aa8    00015aa8    00008000   00000000    rw-
  00015aa8    00015aa8    00008000   00000000    rw- systemHeap
0001daa8    0001daa8    000005e0   000005e0    r--
  0001daa8    0001daa8    000005e0   000005e0    r-- .cinit
08000000    08000000    00003114   00000000    rw-
  08000000    08000000    00001c20   00000000    rw- .bss
  08001c20    08001c20    000014f4   00000000    rw- .data
08003120    08003120    00001800   00000000    rw-
  08003120    08003120    00001000   00000000    rw- .stack
  08004120    08004120    00000800   00000000    rw- .myFiqStack


SECTION ALLOCATION MAP

 output                                  attributes/
section   page    origin      length       input sections
--------  ----  ----------  ----------   ----------------
.vecs      0    00000000    0000003c     
                  00000000    0000003c     mss_mmw_per4f.oer4f (.vecs)

.text      0    00000100    000134c4     
                  00000100    00001072     rtsv7R4_T_le_v3D16_eabi.lib : _printfi.obj (.text)
                  00001172    00000002                                 : i_div0.obj (.text)
                  00001174    00000650     libspi_xwr16xx.aer4f : mibspi_dma.oer4f (.text:MIBSPI_open)
                  000017c4    000005bc     mss_main.obj (.text:MmwDemo_mssInitTask)
                  00001d80    00000540     ti.targets.arm.rtsarm.aer4f : System.oer4f (.text:xdc_runtime_System_doPrint__I)
                  000022c0    00000524     libspi_xwr16xx.aer4f : mibspi_dma.oer4f (.text:MIBSPI_dataTransfer)
                  000027e4    0000000c     libosal_xwr16xx.aer4f : HwiP_tirtos.oer4f (.text:HwiP_disable)
                  000027f0    000004f0     sysbios.aer4f : BIOS.obj (.text:ti_sysbios_knl_Semaphore_pend__E)
                  00002ce0    000003e8     libdma_xwr16xx.aer4f : dma.oer4f (.text:DMA_open)
                  000030c8    00000008     libosal_xwr16xx.aer4f : HwiP_tirtos.oer4f (.text:HwiP_restore)
                  000030d0    000003e4     sysbios.aer4f : BIOS.obj (.text:ti_sysbios_knl_Task_Instance_finalize__E)
                  000034b4    00000398     libmailbox_xwr16xx.aer4f : mailbox.oer4f (.text:Mailbox_open)
                  0000384c    00000004     libdma_xwr16xx.aer4f : dma.oer4f (.text:DMA_init)
                  00003850    00000370     sysbios.aer4f : BIOS.obj (.text:ti_sysbios_heaps_HeapMem_freeUnprotected__E)
                  00003bc0    0000034c                   : BIOS.obj (.text:ti_sysbios_knl_Task_sleep__E)
                  00003f0c    00000338     libcrc_xwr16xx.aer4f : crc.oer4f (.text:CRC_open)
                  00004244    00000324     rtsv7R4_T_le_v3D16_eabi.lib : trgdrv.obj (.text)
                  00004568    00000314                                 : lowlev.obj (.text)
                  0000487c    00000004     libosal_xwr16xx.aer4f : HwiP_tirtos.oer4f (.text:HwiP_disableInterrupt)
                  00004880    00000304     sysbios.aer4f : BIOS.obj (.text:ti_sysbios_heaps_HeapMem_allocUnprotected__E)
                  00004b84    0000000c     libmmwave_xwr16xx.aer4f : mmwave_link.oer4f (.text:MMWave_mboxCallbackFxn)
                  00004b90    000002fc     sysbios.aer4f : BIOS.obj (.text:ti_sysbios_family_arm_exc_Exception_excDumpContext__I)
                  00004e8c    000002f8     libspi_xwr16xx.aer4f : mibspi_dma.oer4f (.text:MIBSPI_initMaster)
                  00005184    000002d0     libdma_xwr16xx.aer4f : dma.oer4f (.text:DMA_setChannelParams)
                  00005454    000002c8     libsoc_xwr16xx.aer4f : soc_xwr16xx_mss.oer4f (.text:SOC_deviceInit)
                  0000571c    00000004     libspi_xwr16xx.aer4f : mibspi_dma.oer4f (.text:MIBSPI_init)
                  00005720    000002c8     sysbios.aer4f : BIOS.obj (.text:ti_sysbios_family_arm_v7r_vim_Hwi_dispatchIRQC__I)
                  000059e8    00000008     libmmwave_xwr16xx.aer4f : mmwave_link.oer4f (.text:MMWave_disableDevice)
                  000059f0    000002c4     sysbios.aer4f : BIOS.obj (.text:ti_sysbios_timers_rti_Timer_Module_startup__E)
                  00005cb4    000002b8     rtsv7R4_T_le_v3D16_eabi.lib : ull_div32.obj (.text)
                  00005f6c    00000004     libspi_xwr16xx.aer4f : mibspi_dma.oer4f (.text:MIBSPI_serviceISR)
                  00005f70    000002b4     sysbios.aer4f : BIOS.obj (.text:ti_sysbios_knl_Task_Instance_init__E)
                  00006224    0000000c     rtsv7R4_T_le_v3D16_eabi.lib : copy_zero_init.obj (.text:decompress:ZI)
                  00006230    000002b4     sysbios.aer4f : BIOS.obj (.text:ti_sysbios_knl_Task_Module_startup__E)
                  000064e4    0000000c     libmmwavelink_xwr16xx.aer4f : rl_driver.oer4f (.text:rlDriverGetHandle)
                  000064f0    00000294     sysbios.aer4f : BIOS.obj (.text:ti_sysbios_family_arm_exc_Exception_excHandler__I)
                  00006784    0000000c                   : BIOS.obj (.text:ti_sysbios_family_arm_v7a_Pmu_configureCounterI__I)
                  00006790    00000248                   : BIOS.obj (.text:ti_sysbios_knl_Event_post__E)
                  000069d8    0000023c     libmmwave_xwr16xx.aer4f : mmwave_xwr16xx.oer4f (.text:MMWave_deviceExecuteFxn)
                  00006c14    00000218     libmmwavelink_xwr16xx.aer4f : rl_driver.oer4f (.text:rlDriverMsgRead)
                  00006e2c    00000004     libmmwave_xwr16xx.aer4f : mmwave_link.oer4f (.text:MMWave_maskHostIRQ)
                  00006e30    00000218     sysbios.aer4f : BIOS.obj (.text:ti_sysbios_knl_Semaphore_post__E)
                  00007048    000001fc     libmmwavelink_xwr16xx.aer4f : rl_driver.oer4f (.text:rlDriverRxHdrRead)
                  00007244    0000000c     sysbios.aer4f : tms570_Core_asm.obj (.text:ti_sysbios_family_arm_v7r_tms570_Core_getId__E)
                  00007250    000001f8                   : BIOS.obj (.text:ti_sysbios_heaps_HeapMem_Instance_init__E)
                  00007448    00000008     libmmwave_xwr16xx.aer4f : mmwave_link.oer4f (.text:MMWave_enableDevice)
                  00007450    000001e4     sysbios.aer4f : BIOS.obj (.text:ti_sysbios_family_arm_v7r_vim_Hwi_reconfig__E)
                  00007634    000001e0     libmmwave_xwr16xx.aer4f : mmwave_link.oer4f (.text:MMWave_setupLink)
                  00007814    000001c8     rtsv7R4_T_le_v3D16_eabi.lib : fopen.obj (.text)
                  000079dc    000001c4     libmailbox_xwr16xx.aer4f : mailbox.oer4f (.text:Mailbox_write)
                  00007ba0    000001c4     sysbios.aer4f : BIOS.obj (.text:ti_sysbios_knl_Clock_workFunc__E)
                  00007d64    000001c4     ti.targets.arm.rtsarm.aer4f : Error.oer4f (.text:xdc_runtime_Error_policyDefault__E)
                  00007f28    000001be     libmmwave_xwr16xx.aer4f : mmwave_xwr16xx.oer4f (.text:MMWave_serializeCfg)
                  000080e6    00000002     --HOLE-- [fill = 0]
                  000080e8    000001a8     libmmwavelink_xwr16xx.aer4f : rl_driver.oer4f (.text:rlDriverSendResponse)
                  00008290    000001a0     libspi_xwr16xx.aer4f : mibspi_dma.oer4f (.text:MIBSPI_transfer)
                  00008430    000001a0     sysbios.aer4f : BIOS.obj (.text:ti_sysbios_knl_Swi_run__I)
                  000085d0    00000198     libcrc_xwr16xx.aer4f : crc.oer4f (.text:CRC_computeSignature)
                  00008768    00000194     libmmwavelink_xwr16xx.aer4f : rl_driver.oer4f (.text:rlDriverProcRdMsg)
                  000088fc    00000004     libmmwave_xwr16xx.aer4f : mmwave_link.oer4f (.text:MMWave_mboxClose)
                  00008900    0000018c     sysbios.aer4f : BIOS.obj (.text:ti_sysbios_family_arm_v7r_vim_Hwi_Instance_init__E)
                  00008a8c    00000188     libdma_xwr16xx.aer4f : dma.oer4f (.text:DMA_disableInterrupt)
                  00008c14    00000188     mss_mmw_per4f.oer4f (.text:xdc_runtime_System_printfExtend__I)
                  00008d9c    00000181     libspi_xwr16xx.aer4f : mibspi_dma.oer4f (.text:MIBSPI_close)
                  00008f1d    00000003     --HOLE-- [fill = 0]
                  00008f20    00000180     libmmwave_xwr16xx.aer4f : mmwave_xwr16xx.oer4f (.text:MMWave_deviceInitFxn)
                  000090a0    00000180     mss_main.obj (.text:main)
                  00009220    0000017c     ti.targets.arm.rtsarm.aer4f : Core-mem.oer4f (.text:xdc_runtime_Core_createObject__I)
                  0000939c    00000004     libmmwave_xwr16xx.aer4f : mmwave_link.oer4f (.text:MMWave_mboxRead)
                  000093a0    00000174     sysbios.aer4f : BIOS.obj (.text:ti_sysbios_heaps_HeapBuf_Module_startup__E)
                  00009514    0000000c     ti.targets.arm.rtsarm.aer4f : SysStd.oer4f (.text:xdc_runtime_SysStd_exit__E)
                  00009520    00000170     sysbios.aer4f : BIOS.obj (.text:ti_sysbios_family_arm_v7r_vim_Hwi_Module_startup__E)
                  00009690    00000168     libspi_xwr16xx.aer4f : mibspi_dma.oer4f (.text:MIBSPI_control)
                  000097f8    0000015c     libmailbox_xwr16xx.aer4f : mailbox.oer4f (.text:Mailbox_read)
                  00009954    0000015c     libmmwavelink_xwr16xx.aer4f : rl_driver.oer4f (.text:rlDriverRdVerifyAsync)
                  00009ab0    00000158     ti.targets.arm.rtsarm.aer4f : Startup.oer4f (.text:xdc_runtime_Startup_startMods__I)
                  00009c08    00000154     libmmwavelink_xwr16xx.aer4f : rl_driver.oer4f (.text:rlDriverRdVerifyCmd)
                  00009d5c    00000004     libmmwave_xwr16xx.aer4f : mmwave_link.oer4f (.text:MMWave_unmaskHostIRQ)
                  00009d60    00000154     sysbios.aer4f : BIOS.obj (.text:ti_sysbios_knl_Task_exit__E)
                  00009eb4    0000014c     libspi_xwr16xx.aer4f : mibspi_dma.oer4f (.text:MIBSPI_ISR)
                  0000a000    00000144     libdma_xwr16xx.aer4f : dma.oer4f (.text:DMA_enableInterrupt)
                  0000a144    00000144     libspi_xwr16xx.aer4f : mibspi_dma.oer4f (.text:MIBSPI_sysDmaIntHandler)
                  0000a288    00000144     libmmwavelink_xwr16xx.aer4f : rl_driver.oer4f (.text:rlDriverRdVerifyRsp)
                  0000a3cc    00000144     ti.targets.arm.rtsarm.aer4f : Core-smem.oer4f (.text:xdc_runtime_Core_constructObject__I)
                  0000a510    00000140     libmmwavelink_xwr16xx.aer4f : rl_protocol.oer4f (.text:rlMsgParseSbcGet)
                  0000a650    0000013c     libmmwave_xwr16xx.aer4f : mmwave_link.oer4f (.text:MMWave_computeCRC)
                  0000a78c    00000138     rtsv7R4_T_le_v3D16_eabi.lib : fputs.obj (.text)
                  0000a8c4    00000008     libmmwave_xwr16xx.aer4f : mmwave_listlib.oer4f (.text:MMWave_listGetHead)
                  0000a8cc    00000004     mss_mmw_per4f.oer4f (.text:ti_sysbios_BIOS_RtsGateProxy_enter__E)
                  0000a8d0    00000138     sysbios.aer4f : BIOS.obj (.text:ti_sysbios_family_arm_v7a_Pmu_configureCounter__E)
                  0000aa08    00000008     libmmwave_xwr16xx.aer4f : mmwave_listlib.oer4f (.text:MMWave_listGetNext)
                  0000aa10    00000138     sysbios.aer4f : BIOS.obj (.text:ti_sysbios_knl_Task_schedule__I)
                  0000ab48    00000008     libmmwave_xwr16xx.aer4f : mmwave_link.oer4f (.text:MMWave_registerInterruptHandler)
                  0000ab50    00000134     sysbios.aer4f : BIOS.obj (.text:ti_sysbios_knl_Task_checkStacks__E)
                  0000ac84    00000008     libmmwave_xwr16xx.aer4f : mmwave_link.oer4f (.text:MMWave_waitIRQStatus)
                  0000ac8c    00000004     mss_mmw_per4f.oer4f (.text:ti_sysbios_BIOS_RtsGateProxy_leave__E)
                  0000ac90    00000130     sysbios.aer4f : BIOS.obj (.text:ti_sysbios_knl_Task_postInit__I)
                  0000adc0    00000130                   : BIOS.obj (.text:ti_sysbios_knl_Task_startCore__E)
                  0000aef0    00000130                   : BIOS.obj (.text:ti_sysbios_timers_rti_Timer_getFreq__E)
                  0000b020    00000124     libmmwavelink_xwr16xx.aer4f : rl_driver.oer4f (.text:rlDriverInit)
                  0000b144    00000008     mss_mmw_per4f.oer4f (.text:ti_sysbios_family_arm_TaskSupport_Module__startupDone__S)
                  0000b14c    00000004     mss_mmw_per4f.oer4f (.text:ti_sysbios_BIOS_nullFunc__I)
                  0000b150    00000124     sysbios.aer4f : BIOS.obj (.text:ti_sysbios_gates_GateMutex_enter__E)
                  0000b274    00000008                   : BIOS.obj (.text:ti_sysbios_family_arm_v7a_Pmu_getEnabled__E)
                  0000b27c    00000004     mss_mmw_per4f.oer4f (.text:ti_sysbios_family_arm_v7r_vim_Hwi_delete)
                  0000b280    00000120     sysbios.aer4f : BIOS.obj (.text:ti_sysbios_knl_Swi_post__E)
                  0000b3a0    0000011c     libmmwave_xwr16xx.aer4f : mmwave_fullcfg.oer4f (.text:MMWave_addChirp)
                  0000b4bc    00000118                             : mmwave.oer4f (.text:MMWave_init)
                  0000b5d4    00000118     libmmwavelink_xwr16xx.aer4f : rl_protocol.oer4f (.text:rlMsgParseRxCommand)
                  0000b6ec    00000114     libspi_xwr16xx.aer4f : mibspi_dma.oer4f (.text:MIBSPI_sysDmaSetChanParams)
                  0000b800    00000114     sysbios.aer4f : BIOS.obj (.text:ti_sysbios_timers_rti_Timer_startup__E)
                  0000b914    00000108     libmailbox_xwr16xx.aer4f : mailbox.oer4f (.text:Mailbox_close)
                  0000ba1c    00000004     mss_mmw_per4f.oer4f (.text:ti_sysbios_heaps_HeapMem_Module_GateProxy_enter__E)
                  0000ba20    00000108     sysbios.aer4f : BIOS.obj (.text:ti_sysbios_knl_Semaphore_Instance_init__E)
                  0000bb28    00000104     libpinmux_xwr16xx.aer4f : pinmux.oer4f (.text:Pinmux_Set_OverrideCtrl)
                  0000bc2c    00000100     libdma_xwr16xx.aer4f : dma.oer4f (.text:DMA_assignChannel)
                  0000bd2c    000000fc     mss_main.obj (.text:MmwDemo_mssMmwaveEventCallbackFxn)
                  0000be28    00000008     ti.targets.arm.rtsarm.aer4f : Error.oer4f (.text:xdc_runtime_Error_getSite__E)
                  0000be30    000000fc     sysbios.aer4f : BIOS.obj (.text:ti_sysbios_knl_Task_blockI__E)
                  0000bf2c    000000f8     libmmwave_xwr16xx.aer4f : mmwave_fullcfg.oer4f (.text:MMWave_getChirpHandle)
                  0000c024    00000008     ti.targets.arm.rtsarm.aer4f : SysStd.oer4f (.text:xdc_runtime_SysStd_ready__E)
                  0000c02c    00000004     mss_mmw_per4f.oer4f (.text:ti_sysbios_heaps_HeapMem_Module_GateProxy_leave__E)
                  0000c030    000000f4     sysbios.aer4f : BIOS.obj (.text:ti_sysbios_family_arm_v7r_vim_Hwi_mapChannel__I)
                  0000c124    00000008     ti.targets.arm.rtsarm.aer4f : System.oer4f (.text:xdc_runtime_System_Module_startup__E)
                  0000c12c    00000004     mss_mmw_per4f.oer4f (.text:ti_sysbios_knl_Clock_TimerProxy_getMaxTicks__E)
                  0000c130    000000f4     sysbios.aer4f : BIOS.obj (.text:ti_sysbios_knl_Task_unblockI__E)
                  0000c224    000000f2     ti.targets.arm.rtsarm.aer4f : Text.oer4f (.text:xdc_runtime_Text_putSite__E)
                  0000c316    00000002     --HOLE-- [fill = 0]
                  0000c318    000000ec     libdma_xwr16xx.aer4f : dma.oer4f (.text:DMA_deleteInstance)
                  0000c404    000000ec     libsoc_xwr16xx.aer4f : soc_xwr16xx_mss.oer4f (.text:SOC_unhaltDSS)
                  0000c4f0    000000ec     auto_init.aer4f : auto_init.oer4f (.text)
                  0000c5dc    000000ec     rtsv7R4_T_le_v3D16_eabi.lib : s_scalbn.obj (.text)
                  0000c6c8    000000e8     libmmwave_xwr16xx.aer4f : mmwave_fullcfg.oer4f (.text:MMWave_addProfile)
                  0000c7b0    000000e8                             : mmwave_link.oer4f (.text:MMWave_asyncEventHandler)
                  0000c898    000000e4     libesm_xwr16xx.aer4f : esm.oer4f (.text:ESM_highpriority_FIQ)
                  0000c97c    000000e4     libmmwavelink_xwr16xx.aer4f : rl_device.oer4f (.text:rlDevicePowerOn)
                  0000ca60    000000e4                                 : rl_protocol.oer4f (.text:rlMsgParseSbcSet)
                  0000cb44    000000e4     ti.targets.arm.rtsarm.aer4f : Text.oer4f (.text:xdc_runtime_Text_putMod__E)
                  0000cc28    00000004     mss_mmw_per4f.oer4f (.text:ti_sysbios_knl_Semaphore_delete)
                  0000cc2c    00000004     mss_mmw_per4f.oer4f (.text:xdc_runtime_Startup_reset__I)
                  0000cc30    000000e0     sysbios.aer4f : BIOS.obj (.text:ti_sysbios_family_arm_v7a_Pmu_startCounter__E)
                  0000cd10    000000dc     rtsv7R4_T_le_v3D16_eabi.lib : setvbuf.obj (.text)
                  0000cdec    00000004     ti.targets.arm.rtsarm.aer4f : SysStd.oer4f (.text:xdc_runtime_SysStd_putch__E)
                  0000cdf0    000000dc     sysbios.aer4f : BIOS.obj (.text:ti_sysbios_family_arm_v7r_vim_Hwi_initIntController__I)
                  0000cecc    000000d8     libmmwavelink_xwr16xx.aer4f : rl_driver.oer4f (.text:rlDriverDeInit)
                  0000cfa4    000000d4     libmmwave_xwr16xx.aer4f : mmwave_fullcfg.oer4f (.text:MMWave_flushCfg)
                  0000d078    000000d4     libmmwavelink_xwr16xx.aer4f : rl_driver.oer4f (.text:rlDriverRdVerifyMsg)
                  0000d14c    000000d0     libgpio_xwr16xx.aer4f : gpio.oer4f (.text:GPIO_init)
                  0000d21c    000000d0     libspi_xwr16xx.aer4f : mibspi_dma.oer4f (.text:MIBSPI_readDataRAM)
                  0000d2ec    000000d0     libmmwave_xwr16xx.aer4f : mmwave_fullcfg.oer4f (.text:MMWave_getChirpCfg)
                  0000d3bc    000000d0     libmmwavelink_xwr16xx.aer4f : rl_driver.oer4f (.text:rlDriverMsgCmdReply)
                  0000d48c    000000d0                                 : rl_driver.oer4f (.text:rlDriverMsgWriteRspCtx)
                  0000d55c    000000d0     sysbios.aer4f : exc_Exception_asm.obj (.text:ti_sysbios_family_arm_exc_Exception_excHandlerAsm__I)
                  0000d62c    000000cc     libmmwave_xwr16xx.aer4f : mmwave_link.oer4f (.text:MMWave_initLink)
                  0000d6f8    000000cc     rtsv7R4_T_le_v3D16_eabi.lib : fflush.obj (.text)
                  0000d7c4    00000004     mss_mmw_per4f.oer4f (.text:xdc_runtime_System_Module_GateProxy_enter__E)
                  0000d7c8    00000004     mss_mmw_per4f.oer4f (.text:xdc_runtime_System_Module_GateProxy_leave__E)
                  0000d7cc    00000004     ti.targets.arm.rtsarm.aer4f : System.oer4f (.text:xdc_runtime_System_aprintf_va__F)
                  0000d7d0    000000cc     sysbios.aer4f : BIOS.obj (.text:ti_sysbios_timers_rti_Timer_initDevice__I)
                  0000d89c    00000004     ti.targets.arm.rtsarm.aer4f : System.oer4f (.text:xdc_runtime_System_printf_va__F)
                  0000d8a0    000000c4     sysbios.aer4f : BIOS.obj (.text:ti_sysbios_family_arm_v7r_vim_Hwi_Instance_finalize__E)
                  0000d964    000000c0     libesm_xwr16xx.aer4f : esm.oer4f (.text:ESM_init)
                  0000da24    000000c0     libosal_xwr16xx.aer4f : HwiP_tirtos.oer4f (.text:HwiP_create)
                  0000dae4    000000c0     libmmwavelink_xwr16xx.aer4f : rl_driver.oer4f (.text:rlDriverAsyncEventHandler)
                  0000dba4    000000b8     libmailbox_xwr16xx.aer4f : mailbox.oer4f (.text:Mailbox_init)
                  0000dc5c    000000b8     libsoc_xwr16xx.aer4f : soc.oer4f (.text:SOC_init)
                  0000dd14    000000b6                          : soc_mpu.o (.text)
                  0000ddca    00000002     --HOLE-- [fill = 0]
                  0000ddcc    000000b4     libdma_xwr16xx.aer4f : dma.oer4f (.text:DMA_disableChannel)
                  0000de80    000000b4                          : dma.oer4f (.text:DMA_enableChannel)
                  0000df34    000000b4     libmmwave_xwr16xx.aer4f : mmwave_fullcfg.oer4f (.text:MMWave_getProfileCfg)
                  0000dfe8    000000b4     libmmwavelink_xwr16xx.aer4f : rl_driver.oer4f (.text:rlDriverOsiInit)
                  0000e09c    00000004     --HOLE-- [fill = 0]
                  0000e0a0    000000b4     sysbios.aer4f : BIOS.obj (.text:ti_sysbios_knl_Swi_restoreHwi__E)
                  0000e154    000000b4     ti.targets.arm.rtsarm.aer4f : Memory.oer4f (.text:xdc_runtime_Memory_alloc__E)
                  0000e208    000000b2     libdma_xwr16xx.aer4f : dma.oer4f (.text:DMA_berISR)
                  0000e2ba    00000002     --HOLE-- [fill = 0]
                  0000e2bc    000000b2                          : dma.oer4f (.text:DMA_btcISR)
                  0000e36e    00000002     --HOLE-- [fill = 0]
                  0000e370    000000b2                          : dma.oer4f (.text:DMA_ftcISR)
                  0000e422    00000002     --HOLE-- [fill = 0]
                  0000e424    000000b2                          : dma.oer4f (.text:DMA_hbcISR)
                  0000e4d6    00000002     --HOLE-- [fill = 0]
                  0000e4d8    000000b2                          : dma.oer4f (.text:DMA_lfsISR)
                  0000e58a    000000ae     rtsv7R4_T_le_v3D16_eabi.lib : _io_perm.obj (.text)
                  0000e638    000000ac     libmmwave_xwr16xx.aer4f : mmwave_link.oer4f (.text:MMWave_deinitLink)
                  0000e6e4    000000ac     libmailbox_xwr16xx.aer4f : mailbox.oer4f (.text:Mailbox_readFlush)
                  0000e790    000000a8     sysbios.aer4f : BIOS.obj (.text:ti_sysbios_knl_Swi_schedule__I)
                  0000e838    000000a5     ti.targets.arm.rtsarm.aer4f : System.oer4f (.text:xdc_runtime_System_formatNum__I)
                  0000e8dd    00000003     --HOLE-- [fill = 0]
                  0000e8e0    000000a4     libmmwave_xwr16xx.aer4f : mmwave_xwr16xx.oer4f (.text:MMWave_deviceEventFxn)
                  0000e984    000000a4     ti.targets.arm.rtsarm.aer4f : Error.oer4f (.text:xdc_runtime_Error_print__E)
                  0000ea28    000000a0     libspi_xwr16xx.aer4f : mibspi_dma.oer4f (.text:MIBSPI_writeDataRAM)
                  0000eac8    000000a0     libmmwave_xwr16xx.aer4f : mmwave_fullcfg.oer4f (.text:MMWave_getNumChirps)
                  0000eb68    0000009f     ti.targets.arm.rtsarm.aer4f : Text.oer4f (.text:xdc_runtime_Text_putLab__E)
                  0000ec07    00000001     --HOLE-- [fill = 0]
                  0000ec08    0000009c     libpinmux_xwr16xx.aer4f : pinmux.oer4f (.text:Pinmux_Set_FuncSel)
                  0000eca4    0000009c     rtsv7R4_T_le_v3D16_eabi.lib : memcpy_t2.obj (.text)
                  0000ed40    0000009c     sysbios.aer4f : BIOS.obj (.text:ti_sysbios_knl_Clock_logTick__E)
                  0000eddc    00000098     libmmwavelink_xwr16xx.aer4f : rl_driver.oer4f (.text:rlDriverHostIrqHandler)
                  0000ee74    00000098     rtsv7R4_T_le_v3D16_eabi.lib : fclose.obj (.text)
                  0000ef0c    00000098                                 : fputc.obj (.text)
                  0000efa4    00000098     sysbios.aer4f : vim_Hwi_asm_switch.obj (.text)
                  0000f03c    00000098     ti.targets.arm.rtsarm.aer4f : Core-mem.oer4f (.text:xdc_runtime_Core_deleteObject__I)
                  0000f0d4    00000094     libmmwave_xwr16xx.aer4f : mmwave_xwr16xx.oer4f (.text:MMWave_deviceDeinitFxn)
                  0000f168    00000094     sysbios.aer4f : vim_Hwi_asm.obj (.text:ti_sysbios_family_arm_v7r_vim_Hwi_dispatchIRQ__I)
                  0000f1fc    00000090     libmmwave_xwr16xx.aer4f : mmwave_xwr16xx.oer4f (.text:MMWave_deviceCfgFxn)
                  0000f28c    00000090     mss_main.obj (.text:SPITask)
                  0000f31c    00000004     --HOLE-- [fill = 0]
                  0000f320    00000090     sysbios.aer4f : BIOS.obj (.text:ti_sysbios_heaps_HeapMem_alloc__E)
                  0000f3b0    0000008c     libcrc_xwr16xx.aer4f : crc.oer4f (.text:CRC_getSignature)
                  0000f43c    0000008c     libmailbox_xwr16xx.aer4f : mailbox.oer4f (.text:Mailbox_boxEmptyISRProcessing)
                  0000f4c8    0000008c                              : mailbox.oer4f (.text:Mailbox_boxFullISRProcessing)
                  0000f554    0000008c     libosal_xwr16xx.aer4f : SemaphoreP_tirtos.oer4f (.text:SemaphoreP_create)
                  0000f5e0    0000008c     libmmwavelink_xwr16xx.aer4f : rl_driver.oer4f (.text:rlDriverCalChkSum)
                  0000f66c    00000004     --HOLE-- [fill = 0]
                  0000f670    0000008c     sysbios.aer4f : BIOS.obj (.text:ti_sysbios_knl_Swi_runLoop__I)
                  0000f6fc    0000008c     ti.targets.arm.rtsarm.aer4f : Startup.oer4f (.text:xdc_runtime_Startup_exec__E)
                  0000f788    00000088     libcrc_xwr16xx.aer4f : crc.oer4f (.text:CRC_getTransactionId)
                  0000f810    00000088     libdma_xwr16xx.aer4f : dma.oer4f (.text:DMA_freeChannel)
                  0000f898    00000088     libmmwave_xwr16xx.aer4f : mmwave_link.oer4f (.text:MMWave_spawn)
                  0000f920    00000088     libmmwavelink_xwr16xx.aer4f : rl_driver.oer4f (.text:rlDriverSendMsg)
                  0000f9a8    00000088     mss_mmw_per4f.oer4f (.text:ti_sysbios_family_arm_v7r_vim_Hwi_create)
                  0000fa30    00000084     libmmwave_xwr16xx.aer4f : mmwave_xwr16xx.oer4f (.text:MMWave_deviceStartFxn)
                  0000fab4    00000084                             : mmwave_xwr16xx.oer4f (.text:MMWave_deviceStopFxn)
                  0000fb38    00000084                             : mmwave_link.oer4f (.text:MMWave_mboxOpen)
                  0000fbbc    00000084     libmmwavelink_xwr16xx.aer4f : rl_device.oer4f (.text:rlDevicePowerOff)
                  0000fc40    00000084     sysbios.aer4f : BIOS.obj (.text:ti_sysbios_heaps_HeapMem_getStats__E)
                  0000fcc4    0000000c     rtsv7R4_T_le_v3D16_eabi.lib : fputc.obj (.tramp.putchar.1)
                  0000fcd0    00000084     sysbios.aer4f : BIOS.obj (.text:ti_sysbios_knl_Swi_startup__E)
                  0000fd54    00000080     libmailbox_xwr16xx.aer4f : mailbox.oer4f (.text:Mailbox_boxFullISRMssDss)
                  0000fdd4    00000080     libmmwavelink_xwr16xx.aer4f : rl_driver.oer4f (.text:rlDriverMsgReadSpawnCtx)
                  0000fe54    00000080     mss_mmw_per4f.oer4f (.text:ti_sysbios_knl_Task_create)
                  0000fed4    00000080     ti.targets.arm.rtsarm.aer4f : Text.oer4f (.text:xdc_runtime_Text_visitRope2__I)
                  0000ff54    0000007d     libspi_xwr16xx.aer4f : mibspi_dma.oer4f (.text:MIBSPI_sysDmaChanDeInit)
                  0000ffd1    00000003     --HOLE-- [fill = 0]
                  0000ffd4    0000007c     sysbios.aer4f : arm_TaskSupport_asm.obj (.text:_ti_sysbios_family_arm_TaskSupport_buildTaskStack)
                  00010050    0000007c     ti.targets.arm.rtsarm.aer4f : Assert.oer4f (.text:xdc_runtime_Assert_raise__I)
                  000100cc    0000007a     rtsv7R4_T_le_v3D16_eabi.lib : memset_t2.obj (.text)
                  00010146    00000002     --HOLE-- [fill = 0]
                  00010148    00000078     libmmwavelink_xwr16xx.aer4f : rl_protocol.oer4f (.text:rlMsgGetResponseOpcode)
                  000101c0    00000074     libcrc_xwr16xx.aer4f : crc.oer4f (.text:CRC_resetSignature)
                  00010234    00000074     libspi_xwr16xx.aer4f : mibspi_dma.oer4f (.text:MIBSPI_sysDmaChanInit)
                  000102a8    00000074     libmmwave_xwr16xx.aer4f : mmwave.oer4f (.text:MMWave_execute)
                  0001031c    00000074     boot.aer4f : boot.oer4f (.text)
                  00010390    00000074     rtsv7R4_T_le_v3D16_eabi.lib : s_frexp.obj (.text)
                  00010404    00000070     libmmwavelink_xwr16xx.aer4f : rl_driver.oer4f (.text:rlDriverVerifyCRC)
                  00010474    00000070     rtsv7R4_T_le_v3D16_eabi.lib : printf.obj (.text)
                  000104e4    0000000c                                 : fflush.obj (.tramp.fflush.1)
                  000104f0    00000070     sysbios.aer4f : BIOS.obj (.text:ti_sysbios_family_arm_v7r_vim_Hwi_getStackInfo__E)
                  00010560    00000070                   : BIOS.obj (.text:ti_sysbios_family_arm_v7r_vim_Hwi_phantomIntHandler__I)
                  000105d0    0000006c     libmailbox_xwr16xx.aer4f : mailbox.oer4f (.text:Mailbox_writeReset)
                  0001063c    0000006c     rtsv7R4_T_le_v3D16_eabi.lib : copy_decompress_lzss.obj (.text:decompress:lzss)
                  000106a8    0000006c                                 : trgmsg.obj (.text)
                  00010714    00000008     mss_main.obj (.tramp.main.1)
                  0001071c    00000004     --HOLE-- [fill = 0]
                  00010720    0000006c     sysbios.aer4f : BIOS.obj (.text:ti_sysbios_heaps_HeapMem_init__I)
                  0001078c    00000004     --HOLE-- [fill = 0]
                  00010790    0000006c                   : BIOS.obj (.text:ti_sysbios_knl_Task_allBlockedFunction__I)
                  000107fc    00000068     mss_main.obj (.text:MmwDemo_mmWaveCtrlTask)
                  00010864    00000068     libmmwavelink_xwr16xx.aer4f : rl_protocol.oer4f (.text:rlMsgSbcFunPtrAddrGet)
                  000108cc    00000068     ti.targets.arm.rtsarm.aer4f : Error.oer4f (.text:xdc_runtime_Error_setX__E)
                  00010934    00000064     libmmwave_xwr16xx.aer4f : mmwave_link.oer4f (.text:MMWave_executeLink)
                  00010998    00000064     libsoc_xwr16xx.aer4f : soc.oer4f (.text:SOC_unhaltBSS)
                  000109fc    00000064     libmmwavelink_xwr16xx.aer4f : rl_protocol.oer4f (.text:rlMsgParseRxMsg)
                  00010a60    00000064     rtsv7R4_T_le_v3D16_eabi.lib : fseek.obj (.text)
                  00010ac4    00000064                                 : sprintf.obj (.text)
                  00010b28    00000064     sysbios.aer4f : exc_Exception_asm.obj (.text:ti_sysbios_family_arm_exc_Exception_initCore0__I)
                  00010b8c    00000064     ti.targets.arm.rtsarm.aer4f : Core-params.oer4f (.text:xdc_runtime_Core_assignParams__I)
                  00010bf0    00000061     libspi_xwr16xx.aer4f : mibspi_dma.oer4f (.text:MIBSPI_enablePinSettings)
                  00010c51    00000001     --HOLE-- [fill = 0]
                  00010c52    0000000e     rtsv7R4_T_le_v3D16_eabi.lib : copy_decompress_none.obj (.text:decompress:none)
                  00010c60    00000060     sysbios.aer4f : BIOS.obj (.text:ti_sysbios_timers_rti_Timer_stop__E)
                  00010cc0    00000060     ti.targets.arm.rtsarm.aer4f : Text.oer4f (.text:xdc_runtime_Text_xprintf__I)
                  00010d20    0000005c     libcrc_xwr16xx.aer4f : crc.oer4f (.text:CSL_FINSR)
                  00010d7c    0000005c     libdma_xwr16xx.aer4f : dma.oer4f (.text:CSL_FINSR)
                  00010dd8    0000005c     libmailbox_xwr16xx.aer4f : mailbox.oer4f (.text:CSL_FINSR)
                  00010e34    0000005c     libpinmux_xwr16xx.aer4f : pinmux.oer4f (.text:CSL_FINSR)
                  00010e90    0000005c     libsoc_xwr16xx.aer4f : soc.oer4f (.text:CSL_FINSR)
                  00010eec    0000005c                          : soc_xwr16xx.oer4f (.text:CSL_FINSR)
                  00010f48    0000005c                          : soc_xwr16xx_mss.oer4f (.text:CSL_FINSR)
                  00010fa4    0000005c     libspi_xwr16xx.aer4f : mibspi_dma.oer4f (.text:CSL_FINSR)
                  00011000    0000005c                          : SPI.oer4f (.text:SPI_Params_init)
                  0001105c    0000005c                          : SPI.oer4f (.text:SPI_init)
                  000110b8    00000008     --HOLE-- [fill = 0]
                  000110c0    0000005c     sysbios.aer4f : BIOS.obj (.text:ti_sysbios_family_arm_v7r_tms570_Core_Module_startup__E)
                  0001111c    0000005c     ti.targets.arm.rtsarm.aer4f : Core-label.oer4f (.text:xdc_runtime_Core_assignLabel__I)
                  00011178    00000058     libspi_xwr16xx.aer4f : mibspi_dma.oer4f (.text:MIBSPI_transferGroupDisable)
                  000111d0    00000058     sysbios.aer4f : BIOS.obj (.text:ti_sysbios_family_arm_TaskSupport_start__E)
                  00011228    00000008     --HOLE-- [fill = 0]
                  00011230    00000058                   : BIOS.obj (.text:ti_sysbios_hal_Hwi_checkStack)
                  00011288    00000058     mss_mmw_per4f.oer4f (.text:ti_sysbios_rts_gnu_MemAlloc_alloc)
                  000112e0    00000054     libmmwave_xwr16xx.aer4f : mmwave_link.oer4f (.text:MMWave_mboxWrite)
                  00011334    00000054                             : mmwave.oer4f (.text:MMWave_sync)
                  00011388    00000054     libmmwavelink_xwr16xx.aer4f : rl_driver.oer4f (.text:rlDriverValidateHdr)
                  000113dc    00000054     rtsv7R4_T_le_v3D16_eabi.lib : i_div32.obj (.text)
                  00011430    00000054                                 : ltoa.obj (.text)
                  00011484    0000000c                                 : memset_t2.obj (.tramp.memset.1)
                  00011490    00000054     sysbios.aer4f : BIOS.obj (.text:ti_sysbios_hal_Hwi_initStack)
                  000114e4    00000054     mss_mmw_per4f.oer4f (.text:ti_sysbios_knl_Semaphore_create)
                  00011538    00000054     ti.targets.arm.rtsarm.aer4f : System.oer4f (.text:xdc_runtime_System_atexit__E)
                  0001158c    00000054                                 : System.oer4f (.text:xdc_runtime_System_putchar__I)
                  000115e0    00000053                                 : Text.oer4f (.text:xdc_runtime_Text_printVisFxn__I)
                  00011633    00000001     --HOLE-- [fill = 0]
                  00011634    00000050     libmmwave_xwr16xx.aer4f : mmwave_listlib.oer4f (.text:MMWave_listRemoveNode)
                  00011684    00000050     rtsv7R4_T_le_v3D16_eabi.lib : atoi.obj (.text)
                  000116d4    00000050                                 : exit.obj (.text)
                  00011724    00000050                                 : u_div32.obj (.text)
                  00011774    0000000c                                 : cpy_tbl.obj (.tramp.copy_in.1)
                  00011780    00000050     sysbios.aer4f : BIOS.obj (.text:ti_sysbios_knl_Semaphore_pendTimeout__I)
                  000117d0    0000004e     libcrc_xwr16xx.aer4f : crc.oer4f (.text:CRC_getCRCDataSelectBitValue)
                  0001181e    00000002     --HOLE-- [fill = 0]
                  00011820    0000004e                          : crc.oer4f (.text:CRC_getCRCTypeBitValue)
                  0001186e    00000002     --HOLE-- [fill = 0]
                  00011870    0000004e     libosal_xwr16xx.aer4f : HwiP_tirtos.oer4f (.text:HwiP_delete)
                  000118be    00000002     --HOLE-- [fill = 0]
                  000118c0    0000004c     libsoc_xwr16xx.aer4f : soc.oer4f (.text:SOC_SystemISR)
                  0001190c    0000004c     libspi_xwr16xx.aer4f : SPI.oer4f (.text:SPI_open)
                  00011958    0000004c     libmmwavelink_xwr16xx.aer4f : rl_controller.oer4f (.text:rlAppendSubBlock)
                  000119a4    0000004c     rtsv7R4_T_le_v3D16_eabi.lib : cpy_tbl.obj (.text)
                  000119f0    0000004c     mss_mmw_per4f.oer4f (.text:ti_sysbios_gates_GateHwi_Object__create__S)
                  00011a3c    0000004c     mss_mmw_per4f.oer4f (.text:ti_sysbios_gates_GateMutex_Object__create__S)
                  00011a88    0000004c     mss_mmw_per4f.oer4f (.text:ti_sysbios_heaps_HeapMem_Object__create__S)
                  00011ad4    0000004c     mss_mmw_per4f.oer4f (.text:ti_sysbios_knl_Event_create)
                  00011b20    0000004c     mss_mmw_per4f.oer4f (.text:ti_sysbios_knl_Semaphore_construct)
                  00011b6c    00000048     libspi_xwr16xx.aer4f : mibspi_dma.oer4f (.text:MIBSPI_checkTGComplete)
                  00011bb4    00000048     libsoc_xwr16xx.aer4f : soc_xwr16xx.oer4f (.text:SOC_setMMWaveDSSLinkState)
                  00011bfc    00000048                          : soc_xwr16xx.oer4f (.text:SOC_setMMWaveMSSLinkState)
                  00011c44    00000048     ti.targets.arm.rtsarm.aer4f : System.oer4f (.text:xdc_runtime_System_processAtExit__E)
                  00011c8c    00000044     libcrc_xwr16xx.aer4f : crc.oer4f (.text:CRC_close)
                  00011cd0    00000044     libmmwave_xwr16xx.aer4f : mmwave_osal.oer4f (.text:MMWave_osalMutexCreate)
                  00011d14    00000044                             : mmwave_osal.oer4f (.text:MMWave_osalSemCreate)
                  00011d58    00000044     libsoc_xwr16xx.aer4f : soc_xwr16xx_mss.oer4f (.text:SOC_waitBSSPowerUp)
                  00011d9c    00000044     libmmwavelink_xwr16xx.aer4f : rl_driver.oer4f (.text:rlDriverGetDeviceIndex)
                  00011de0    00000044     mss_mmw_per4f.oer4f (.text:ti_sysbios_BIOS_atExitFunc__I)
                  00011e24    0000000c     --HOLE-- [fill = 0]
                  00011e30    00000044     sysbios.aer4f : BIOS.obj (.text:ti_sysbios_heaps_HeapMem_free__E)
                  00011e74    00000044     mss_mmw_per4f.oer4f (.text:ti_sysbios_knl_Clock_doTick__I)
                  00011eb8    00000044     mss_mmw_per4f.oer4f (.text:ti_sysbios_knl_Queue_construct)
                  00011efc    00000004     --HOLE-- [fill = 0]
                  00011f00    00000044     sysbios.aer4f : BIOS.obj (.text:ti_sysbios_knl_Swi_Module_startup__E)
                  00011f44    0000000c     --HOLE-- [fill = 0]
                  00011f50    00000044                   : BIOS.obj (.text:ti_sysbios_knl_Task_restoreHwi__E)
                  00011f94    0000000c     --HOLE-- [fill = 0]
                  00011fa0    00000044                   : BIOS.obj (.text:ti_sysbios_timers_rti_Timer_periodicStub__E)
                  00011fe4    00000044     ti.targets.arm.rtsarm.aer4f : Text.oer4f (.text:xdc_runtime_Text_cordText__E)
                  00012028    00000040     libgpio_xwr16xx.aer4f : gpio.oer4f (.text:GPIO_HighPriorityISR)
                  00012068    00000040                           : gpio.oer4f (.text:GPIO_LowPriorityISR)
                  000120a8    00000040     ti.targets.arm.rtsarm.aer4f : System.oer4f (.text:xdc_runtime_System_avprintf__E)
                  000120e8    0000003c     libcrc_xwr16xx.aer4f : crc.oer4f (.text:CRC_isTransactionIdValid)
                  00012124    0000003c     libmmwave_xwr16xx.aer4f : mmwave_listlib.oer4f (.text:MMWave_listCat)
                  00012160    0000003c                             : mmwave_listlib.oer4f (.text:MMWave_listRemove)
                  0001219c    0000003c     sysbios.aer4f : vim_Hwi_asm.obj (.text:ti_sysbios_family_arm_v7r_vim_Hwi_init__I)
                  000121d8    0000003c     ti.targets.arm.rtsarm.aer4f : System.oer4f (.text:xdc_runtime_System_vprintf__E)
                  00012214    00000038     libgpio_xwr16xx.aer4f : gpio.oer4f (.text:GPIO_processInterrupt)
                  0001224c    00000038     libmmwavelink_xwr16xx.aer4f : rl_protocol.oer4f (.text:rlMsgSetSubBlockInfo)
                  00012284    00000038     mss_mmw_per4f.oer4f (.text:ti_sysbios_BIOS_startFunc__I)
                  000122bc    00000036     rtsv7R4_T_le_v3D16_eabi.lib : strncpy.obj (.text)
                  000122f2    00000002     --HOLE-- [fill = 0]
                  000122f4    00000034     libmailbox_xwr16xx.aer4f : mailbox.oer4f (.text:Mailbox_Config_init)
                  00012328    00000034     libmmwavelink_xwr16xx.aer4f : rl_protocol.oer4f (.text:rlMsgGetSubBlockInfo)
                  0001235c    00000034     mss_mmw_per4f.oer4f (.text:ti_sysbios_BIOS_errorRaiseHook__I)
                  00012390    00000034     mss_mmw_per4f.oer4f (.text:ti_sysbios_BIOS_registerRTSLock__I)
                  000123c4    00000034     mss_mmw_per4f.oer4f (.text:ti_sysbios_BIOS_removeRTSLock__I)
                  000123f8    00000034     mss_mmw_per4f.oer4f (.text:ti_sysbios_family_arm_v7r_vim_Hwi_Object__delete__S)
                  0001242c    00000034     mss_mmw_per4f.oer4f (.text:ti_sysbios_gates_GateMutex_Object__delete__S)
                  00012460    00000034     sysbios.aer4f : BIOS.obj (.text:ti_sysbios_knl_Clock_Module_startup__E)
                  00012494    0000000c     --HOLE-- [fill = 0]
                  000124a0    00000034                   : BIOS.obj (.text:ti_sysbios_knl_Idle_run__E)
                  000124d4    00000034     mss_mmw_per4f.oer4f (.text:ti_sysbios_knl_Semaphore_Object__delete__S)
                  00012508    00000034     ti.targets.arm.rtsarm.aer4f : Registry.oer4f (.text:xdc_runtime_Registry_findById__E)
                  0001253c    00000034                                 : SysStd.oer4f (.text:xdc_runtime_SysStd_abort__E)
                  00012570    00000030     libmmwave_xwr16xx.aer4f : mmwave_xwr16xx.oer4f (.text:MMWave_deviceSyncFxn)
                  000125a0    00000030     mss_main.obj (.text:MmwDemo_mboxReadTask)
                  000125d0    00000030     libsoc_xwr16xx.aer4f : soc_xwr16xx.oer4f (.text:SOC_isMMWaveDSSOperational)
                  00012600    00000030                          : soc_xwr16xx.oer4f (.text:SOC_isMMWaveMSSOperational)
                  00012630    00000030     libmmwave_xwr16xx.aer4f : mmwave_fullcfg.oer4f (.text:_MMWave_delChirp)
                  00012660    00000030     mss_mmw_per4f.oer4f (.text:ti_sysbios_BIOS_rtsLock__I)
                  00012690    00000030     sysbios.aer4f : BIOS.obj (.text:ti_sysbios_family_arm_v7r_vim_Hwi_disableInterrupt__E)
                  000126c0    00000030                   : BIOS.obj (.text:ti_sysbios_family_arm_v7r_vim_Hwi_enableInterrupt__E)
                  000126f0    00000030     mss_mmw_per4f.oer4f (.text:ti_sysbios_gates_GateHwi_Object__delete__S)
                  00012720    00000030     sysbios.aer4f : BIOS.obj (.text:ti_sysbios_gates_GateMutex_Instance_init__E)
                  00012750    00000030     mss_mmw_per4f.oer4f (.text:ti_sysbios_heaps_HeapMem_Object__delete__S)
                  00012780    00000030     ti.targets.arm.rtsarm.aer4f : Error.oer4f (.text:xdc_runtime_Error_check__E)
                  000127b0    00000030                                 : Error.oer4f (.text:xdc_runtime_Error_raiseX__E)
                  000127e0    00000030                                 : Memory.oer4f (.text:xdc_runtime_Memory_valloc__E)
                  00012810    0000002c     libsoc_xwr16xx.aer4f : soc_xwr16xx.oer4f (.text:CSL_FEXTR)
                  0001283c    0000002c                          : soc_xwr16xx_mss.oer4f (.text:CSL_FEXTR)
                  00012868    0000002c     libspi_xwr16xx.aer4f : mibspi_dma.oer4f (.text:CSL_FEXTR)
                  00012894    0000002c     mss_mmw_per4f.oer4f (.text:ti_sysbios_gates_GateHwi_Handle__label__S)
                  000128c0    0000002c     mss_mmw_per4f.oer4f (.text:ti_sysbios_gates_GateMutex_Handle__label__S)
                  000128ec    0000002c     mss_mmw_per4f.oer4f (.text:ti_sysbios_heaps_HeapMem_Handle__label__S)
                  00012918    0000002c     mss_mmw_per4f.oer4f (.text:ti_sysbios_knl_Semaphore_destruct)
                  00012944    0000000c     --HOLE-- [fill = 0]
                  00012950    0000002c     sysbios.aer4f : BIOS.obj (.text:ti_sysbios_knl_Task_enter__I)
                  0001297c    00000028     libcrc_xwr16xx.aer4f : crc.oer4f (.text:CRC_releaseTransactionId)
                  000129a4    00000028     libsoc_xwr16xx.aer4f : soc.oer4f (.text:CSL_FEXTR)
                  000129cc    00000028     libmmwave_xwr16xx.aer4f : mmwave_listlib.oer4f (.text:MMWave_listAdd)
                  000129f4    00000028     libmailbox_xwr16xx.aer4f : mailbox.oer4f (.text:Mailbox_boxEmptyISRMssDss)
                  00012a1c    00000028     libpinmux_xwr16xx.aer4f : pinmux.oer4f (.text:Pinmux_Unlock)
                  00012a44    00000028     mss_mmw_per4f.oer4f (.text:free)
                  00012a6c    00000028     libmmwavelink_xwr16xx.aer4f : rl_driver.oer4f (.text:rlDriverCalCRC)
                  00012a94    00000028     mss_mmw_per4f.oer4f (.text:ti_sysbios_BIOS_rtsUnlock__I)
                  00012abc    00000004     --HOLE-- [fill = 0]
                  00012ac0    00000028     sysbios.aer4f : BIOS.obj (.text:ti_sysbios_family_arm_v7a_Pmu_Module_startup__E)
                  00012ae8    00000028     mss_mmw_per4f.oer4f (.text:ti_sysbios_family_arm_v7r_vim_Hwi_Module__startupDone__F)
                  00012b10    00000028     sysbios.aer4f : BIOS.obj (.text:ti_sysbios_gates_GateMutex_leave__E)
                  00012b38    00000028     mss_mmw_per4f.oer4f (.text:ti_sysbios_knl_Queue_destruct)
                  00012b60    00000028     mss_mmw_per4f.oer4f (.text:ti_sysbios_timers_rti_Timer_Module__startupDone__F)
                  00012b88    00000028     ti.targets.arm.rtsarm.aer4f : Error.oer4f (.text:xdc_runtime_Error_init__E)
                  00012bb0    00000028                                 : System.oer4f (.text:xdc_runtime_System_abort__E)
                  00012bd8    00000028     mss_mmw_per4f.oer4f (.text:xdc_runtime_System_aprintf__E)
                  00012c00    00000028     mss_mmw_per4f.oer4f (.text:xdc_runtime_System_printf__E)
                  00012c28    00000024     libcrc_xwr16xx.aer4f : crc.oer4f (.text:CRC_initConfigParams)
                  00012c4c    00000024     libosal_xwr16xx.aer4f : HwiP_tirtos.oer4f (.text:HwiP_Params_init)
                  00012c70    00000024     libspi_xwr16xx.aer4f : mibspi_dma.oer4f (.text:MIBSPI_transferGroupEnable)
                  00012c94    00000024                          : mibspi_dma.oer4f (.text:MIBSPI_transferSetPStart)
                  00012cb8    00000024     libmmwave_xwr16xx.aer4f : mmwave_link.oer4f (.text:MMWave_translateErrorCode)
                  00012cdc    00000024     libmailbox_xwr16xx.aer4f : mailbox.oer4f (.text:Mailbox_boxEmptyISRBss)
                  00012d00    00000024                              : mailbox.oer4f (.text:Mailbox_boxFullISRBss)
                  00012d24    00000024     mss_main.obj (.text:MmwDemo_mssMmwaveStartCallbackFxn)
                  00012d48    00000024     libmmwavelink_xwr16xx.aer4f : rl_driver.oer4f (.text:rlDriverShiftDWord)
                  00012d6c    00000024     ti.targets.arm.rtsarm.aer4f : System.oer4f (.text:xdc_runtime_System_exit__E)
                  00012d90    00000021     libspi_xwr16xx.aer4f : mibspi_dma.oer4f (.text:MIBSPI_transferCancel)
                  00012db1    00000003     --HOLE-- [fill = 0]
                  00012db4    00000020     libmmwave_xwr16xx.aer4f : mmwave_osal.oer4f (.text:MMWave_osalMutexLock)
                  00012dd4    00000020                             : mmwave_osal.oer4f (.text:MMWave_osalSemWait)
                  00012df4    00000020     libosal_xwr16xx.aer4f : DebugP_tirtos.oer4f (.text:_DebugP_assert)
                  00012e14    00000020     libmmwave_xwr16xx.aer4f : mmwave_fullcfg.oer4f (.text:_MMWave_delProfile)
                  00012e34    00000020     libmmwavelink_xwr16xx.aer4f : rl_controller.oer4f (.text:rlAppendDummy)
                  00012e54    00000020     rtsv7R4_T_le_v3D16_eabi.lib : memchr.obj (.text)
                  00012e74    00000020     mss_mmw_per4f.oer4f (.text:ti_sysbios_BIOS_exitFunc__I)
                  00012e94    0000000c     --HOLE-- [fill = 0]
                  00012ea0    00000020     sysbios.aer4f : BIOS.obj (.text:ti_sysbios_family_arm_v7r_vim_Hwi_clearInterrupt__E)
                  00012ec0    00000020                   : BIOS.obj (.text:ti_sysbios_knl_Task_sleepTimeout__I)
                  00012ee0    0000001c     libcrc_xwr16xx.aer4f : crc.oer4f (.text:CRC_getSignatureRegister)
                  00012efc    0000001c     libmmwave_xwr16xx.aer4f : mmwave_xwr16xx.oer4f (.text:MMWave_deviceGetDeviceInfo)
                  00012f18    0000001c                             : mmwave_osal.oer4f (.text:MMWave_osalMutexDelete)
                  00012f34    0000001c                             : mmwave_osal.oer4f (.text:MMWave_osalSemDelete)
                  00012f50    0000001c     libpinmux_xwr16xx.aer4f : pinmux.oer4f (.text:Pinmux_Lock)
                  00012f6c    0000001c     sysbios.aer4f : arm_TaskSupport_asm.obj (.text:_ti_sysbios_family_arm_TaskSupport_glue)
                  00012f88    0000001c     rtsv7R4_T_le_v3D16_eabi.lib : memccpy.obj (.text)
                  00012fa4    0000001c     mss_mmw_per4f.oer4f (.text:ti_sysbios_heaps_HeapMem_Object__get__S)
                  00012fc0    0000001c     sysbios.aer4f : BIOS.obj (.text:ti_sysbios_knl_Event_Instance_init__E)
                  00012fdc    0000001c     mss_mmw_per4f.oer4f (.text:ti_sysbios_knl_Swi_Object__get__S)
                  00012ff8    0000001c     mss_mmw_per4f.oer4f (.text:xdc_runtime_Startup_exec__I)
                  00013014    0000001c     ti.targets.arm.rtsarm.aer4f : System.oer4f (.text:xdc_runtime_System_vsnprintf__E)
                  00013030    0000001c                                 : Text.oer4f (.text:xdc_runtime_Text_ropeText__E)
                  0001304c    0000001a     rtsv7R4_T_le_v3D16_eabi.lib : s_copysign.obj (.text)
                  00013066    00000002     --HOLE-- [fill = 0]
                  00013068    00000018     mss_main.obj (.text:MmwDemo_mssMmwaveConfigCallbackFxn)
                  00013080    00000018     mss_main.obj (.text:MmwDemo_mssMmwaveStopCallbackFxn)
                  00013098    00000018     libosal_xwr16xx.aer4f : SemaphoreP_tirtos.oer4f (.text:SemaphoreP_delete)
                  000130b0    00000018                           : SemaphoreP_tirtos.oer4f (.text:SemaphoreP_pend)
                  000130c8    00000018     sysbios.aer4f : arm_TaskSupport_asm.obj (.text:_ti_sysbios_family_arm_TaskSupport_swap__E)
                  000130e0    00000018     rtsv7R4_T_le_v3D16_eabi.lib : args_main.obj (.text)
                  000130f8    00000018                                 : strcmp.obj (.text)
                  00013110    00000018     sysbios.aer4f : BIOS.obj (.text:ti_sysbios_BIOS_setThreadType__E)
                  00013128    00000008     --HOLE-- [fill = 0]
                  00013130    00000018                   : BIOS.obj (.text:ti_sysbios_BIOS_start__E)
                  00013148    00000018                   : BIOS.obj (.text:ti_sysbios_family_arm_v7a_Pmu_initCounters__I)
                  00013160    00000018                   : BIOS.obj (.text:ti_sysbios_hal_Hwi_Module_startup__E)
                  00013178    00000018     mss_mmw_per4f.oer4f (.text:ti_sysbios_heaps_HeapBuf_Object__get__S)
                  00013190    00000018     sysbios.aer4f : BIOS.obj (.text:ti_sysbios_knl_Idle_loop__E)
                  000131a8    00000008     --HOLE-- [fill = 0]
                  000131b0    00000018                   : BIOS.obj (.text:ti_sysbios_knl_Queue_empty__E)
                  000131c8    00000008     --HOLE-- [fill = 0]
                  000131d0    00000018                   : BIOS.obj (.text:ti_sysbios_knl_Swi_disable__E)
                  000131e8    00000018     mss_mmw_per4f.oer4f (.text:ti_sysbios_knl_Task_Object__get__S)
                  00013200    00000018     sysbios.aer4f : BIOS.obj (.text:ti_sysbios_knl_Task_disable__E)
                  00013218    00000018     mss_mmw_per4f.oer4f (.text:xdc_runtime_Text_visitRope__I)
                  00013230    00000016     rtsv7R4_T_le_v3D16_eabi.lib : strchr.obj (.text)
                  00013246    00000016                                 : strlen.obj (.text)
                  0001325c    00000014     libdma_xwr16xx.aer4f : dma.oer4f (.text:DMA_Params_init)
                  00013270    00000014     libmmwave_xwr16xx.aer4f : mmwave_osal.oer4f (.text:MMWave_osalMutexUnlock)
                  00013284    00000014                             : mmwave_osal.oer4f (.text:MMWave_osalSemSignal)
                  00013298    00000014     libosal_xwr16xx.aer4f : MemoryP_tirtos.oer4f (.text:MemoryP_ctrlAlloc)
                  000132ac    00000014                           : MemoryP_tirtos.oer4f (.text:MemoryP_ctrlFree)
                  000132c0    00000014     libspi_xwr16xx.aer4f : SPI.oer4f (.text:SPI_transfer)
                  000132d4    00000014     rtsv7R4_T_le_v3D16_eabi.lib : _lock.obj (.text)
                  000132e8    00000014                                 : strcpy.obj (.text)
                  000132fc    00000004     --HOLE-- [fill = 0]
                  00013300    00000014     sysbios.aer4f : BIOS.obj (.text:ti_sysbios_family_arm_TaskSupport_checkStack__E)
                  00013314    0000000c     --HOLE-- [fill = 0]
                  00013320    00000014                   : BIOS.obj (.text:ti_sysbios_family_arm_v7r_vim_Hwi_switchFromBootStack__E)
                  00013334    0000000c     --HOLE-- [fill = 0]
                  00013340    00000014                   : BIOS.obj (.text:ti_sysbios_gates_GateMutex_Instance_finalize__E)
                  00013354    0000000c     --HOLE-- [fill = 0]
                  00013360    00000014                   : BIOS.obj (.text:ti_sysbios_knl_Semaphore_Instance_finalize__E)
                  00013374    00000014     ti.targets.arm.rtsarm.aer4f : Gate.oer4f (.text:xdc_runtime_Gate_leaveSystem__E)
                  00013388    00000014     mss_mmw_per4f.oer4f (.text:xdc_runtime_IHeap_alloc)
                  0001339c    00000014     mss_mmw_per4f.oer4f (.text:xdc_runtime_IHeap_free)
                  000133b0    00000014     ti.targets.arm.rtsarm.aer4f : Memory.oer4f (.text:xdc_runtime_Memory_calloc__E)
                  000133c4    00000014                                 : Memory.oer4f (.text:xdc_runtime_Memory_free__E)
                  000133d8    00000010     libmmwave_xwr16xx.aer4f : mmwave_xwr16xx.oer4f (.text:MMWave_deviceMailboxCallbackFxn)
                  000133e8    00000010     mss_main.obj (.text:MmwDemo_mboxCallback)
                  000133f8    00000010     libosal_xwr16xx.aer4f : SemaphoreP_tirtos.oer4f (.text:SemaphoreP_Params_init)
                  00013408    00000010                           : SemaphoreP_tirtos.oer4f (.text:SemaphoreP_post)
                  00013418    00000010     libmmwavelink_xwr16xx.aer4f : rl_controller.oer4f (.text:rlGetSubBlockId)
                  00013428    00000010                                 : rl_controller.oer4f (.text:rlGetSubBlockLen)
                  00013438    00000008     --HOLE-- [fill = 0]
                  00013440    00000010     sysbios.aer4f : BIOS.obj (.text:ti_sysbios_family_arm_TaskSupport_getStackAlignment__E)
                  00013450    00000010                   : BIOS.obj (.text:ti_sysbios_family_arm_exc_Exception_Module_startup__E)
                  00013460    00000010                   : BIOS.obj (.text:ti_sysbios_family_arm_v7a_Pmu_disableInterruptI__E)
                  00013470    00000010                   : BIOS.obj (.text:ti_sysbios_family_arm_v7a_Pmu_enableInterruptI__E)
                  00013480    00000010                   : BIOS.obj (.text:ti_sysbios_family_arm_v7a_Pmu_getNumCounters__E)
                  00013490    00000010                   : BIOS.obj (.text:ti_sysbios_family_arm_v7a_Pmu_startCounterI__E)
                  000134a0    00000010                   : BIOS.obj (.text:ti_sysbios_family_arm_v7a_Pmu_stopCounterI__E)
                  000134b0    00000010     mss_mmw_per4f.oer4f (.text:ti_sysbios_family_arm_v7r_vim_Hwi_Params__init__S)
                  000134c0    00000010     mss_mmw_per4f.oer4f (.text:ti_sysbios_knl_Queue_Object__get__S)
                  000134d0    00000010     mss_mmw_per4f.oer4f (.text:ti_sysbios_knl_Semaphore_Params__init__S)
                  000134e0    00000010     mss_mmw_per4f.oer4f (.text:ti_sysbios_knl_Task_Params__init__S)
                  000134f0    00000010     ti.targets.arm.rtsarm.aer4f : Gate.oer4f (.text:xdc_runtime_Gate_enterSystem__E)
                  00013500    00000010                                 : Memory.oer4f (.text:xdc_runtime_Memory_getMaxDefaultTypeAlign__E)
                  00013510    00000010                                 : Startup.oer4f (.text:xdc_runtime_Startup_rtsDone__E)
                  00013520    0000000c     sysbios.aer4f : BIOS.obj (.text:ti_sysbios_family_arm_v7r_vim_Hwi_startup__E)
                  0001352c    00000004     --HOLE-- [fill = 0]
                  00013530    0000000c                   : BIOS.obj (.text:ti_sysbios_gates_GateHwi_enter__E)
                  0001353c    00000004     --HOLE-- [fill = 0]
                  00013540    0000000c                   : BIOS.obj (.text:ti_sysbios_knl_Queue_Instance_init__E)
                  0001354c    00000004     --HOLE-- [fill = 0]
                  00013550    00000008                   : BIOS.obj (.text:ti_sysbios_gates_GateHwi_leave__E)
                  00013558    00000008     --HOLE-- [fill = 0]
                  00013560    00000008                   : BIOS.obj (.text:ti_sysbios_gates_GateHwi_query__E)
                  00013568    00000008     --HOLE-- [fill = 0]
                  00013570    00000008                   : BIOS.obj (.text:ti_sysbios_gates_GateMutex_query__E)
                  00013578    00000008     --HOLE-- [fill = 0]
                  00013580    00000008                   : BIOS.obj (.text:ti_sysbios_heaps_HeapMem_isBlocking__E)
                  00013588    00000008     --HOLE-- [fill = 0]
                  00013590    00000008                   : BIOS.obj (.text:ti_sysbios_timers_rti_Timer_getMaxTicks__E)
                  00013598    00000008     --HOLE-- [fill = 0]
                  000135a0    00000004                   : BIOS.obj (.text:ti_sysbios_BIOS_linkedWithIncorrectBootLibrary__E)
                  000135a4    0000000c     --HOLE-- [fill = 0]
                  000135b0    00000004                   : BIOS.obj (.text:ti_sysbios_gates_GateHwi_Instance_init__E)
                  000135b4    0000000c     --HOLE-- [fill = 0]
                  000135c0    00000004                   : BIOS.obj (.text:ti_sysbios_knl_Task_startup__E)

.const     0    000135c8    000024da     
                  000135c8    00001a98     mss_mmw_per4f.oer4f (.const:xdc_runtime_Text_charTab__A)
                  00015060    00000101     rtsv7R4_T_le_v3D16_eabi.lib : ctype.obj (.const:.string:_ctypes_)
                  00015161    00000001     mss_mmw_per4f.oer4f (.const:xdc_runtime_Error_policy__C)
                  00015162    00000002     mss_mmw_per4f.oer4f (.const:ti_sysbios_family_arm_exc_Exception_Module__id__C)
                  00015164    00000100     libmmwavelink_xwr16xx.aer4f : rl_driver.oer4f (.const:$P$T0$1)
                  00015264    000000d8     mss_mmw_per4f.oer4f (.const:xdc_runtime_Text_nodeTab__A)
                  0001533c    00000080     mss_mmw_per4f.oer4f (.const:ti_sysbios_family_arm_v7r_vim_Hwi_channelMap__A)
                  000153bc    00000054     libspi_xwr16xx.aer4f : SPI.oer4f (.const:SPI_defaultParams)
                  00015410    00000048     mss_mmw_per4f.oer4f (.const:.string)
                  00015458    0000003c     mss_mmw_per4f.oer4f (.const:ti_sysbios_knl_Task_Object__PARAMS__C)
                  00015494    00000030     mss_mmw_per4f.oer4f (.const:ti_sysbios_family_arm_v7r_vim_Hwi_Object__PARAMS__C)
                  000154c4    0000002c     libspi_xwr16xx.aer4f : SPI.oer4f (.const:SPI_defaultMasterParams)
                  000154f0    0000002c     mss_mmw_per4f.oer4f (.const:xdc_runtime_Startup_sfxnTab__A)
                  0001551c    00000028     mss_mmw_per4f.oer4f (.const:ti_sysbios_heaps_HeapMem_Module__FXNS__C)
                  00015544    00000024     mss_mmw_per4f.oer4f (.const:ti_sysbios_gates_GateHwi_Module__FXNS__C)
                  00015568    00000024     mss_mmw_per4f.oer4f (.const:ti_sysbios_gates_GateMutex_Module__FXNS__C)
                  0001558c    00000024     mss_mmw_per4f.oer4f (.const:ti_sysbios_heaps_HeapMem_Object__PARAMS__C)
                  000155b0    00000024     mss_mmw_per4f.oer4f (.const:ti_sysbios_knl_Semaphore_Object__PARAMS__C)
                  000155d4    00000020     mss_mmw_per4f.oer4f (.const:ti_sysbios_family_arm_v7r_vim_Hwi_Object__DESC__C)
                  000155f4    00000020     mss_mmw_per4f.oer4f (.const:ti_sysbios_gates_GateHwi_Object__DESC__C)
                  00015614    00000020     mss_mmw_per4f.oer4f (.const:ti_sysbios_gates_GateMutex_Object__DESC__C)
                  00015634    00000020     mss_mmw_per4f.oer4f (.const:ti_sysbios_heaps_HeapMem_Object__DESC__C)
                  00015654    00000020     mss_mmw_per4f.oer4f (.const:ti_sysbios_knl_Event_Object__DESC__C)
                  00015674    00000020     mss_mmw_per4f.oer4f (.const:ti_sysbios_knl_Queue_Object__DESC__C)
                  00015694    00000020     mss_mmw_per4f.oer4f (.const:ti_sysbios_knl_Semaphore_Object__DESC__C)
                  000156b4    00000020     mss_mmw_per4f.oer4f (.const:ti_sysbios_knl_Task_Object__DESC__C)
                  000156d4    0000001c     libspi_xwr16xx.aer4f : mibspi_dma.oer4f (.const:$P$T0$1)
                  000156f0    00000018     mss_mmw_per4f.oer4f (.const:ti_sysbios_gates_GateHwi_Object__PARAMS__C)
                  00015708    00000018     mss_mmw_per4f.oer4f (.const:ti_sysbios_gates_GateMutex_Object__PARAMS__C)
                  00015720    00000018     mss_mmw_per4f.oer4f (.const:ti_sysbios_knl_Event_Object__PARAMS__C)
                  00015738    00000018     mss_mmw_per4f.oer4f (.const:ti_sysbios_knl_Queue_Object__PARAMS__C)
                  00015750    00000016     mss_mmw_per4f.oer4f (.const:xdc_runtime_Startup_sfxnRts__A)
                  00015766    00000002     mss_mmw_per4f.oer4f (.const:ti_sysbios_family_arm_v7a_Pmu_Module__id__C)
                  00015768    00000014     libmailbox_xwr16xx.aer4f : mailbox.oer4f (.const:Mailbox_defaultCfg)
                  0001577c    00000010     libmmwavelink_xwr16xx.aer4f : rl_driver.oer4f (.const:$P$T1$2)
                  0001578c    00000010     mss_mmw_per4f.oer4f (.const:ti_sysbios_family_arm_v7r_vim_Hwi_intReqEnaSet__A)
                  0001579c    00000010     mss_mmw_per4f.oer4f (.const:ti_sysbios_family_arm_v7r_vim_Hwi_wakeEnaSet__A)
                  000157ac    0000000c     libmmwavelink_xwr16xx.aer4f : rl_driver.oer4f (.const:.string:$P$T2$3)
                  000157b8    0000000c     libspi_xwr16xx.aer4f : SPI.oer4f (.const:SPI_defaultSlaveParams)
                  000157c4    00000008     mss_mmw_per4f.oer4f (.const:ti_sysbios_knl_Idle_funcList__C)
                  000157cc    00000008     mss_mmw_per4f.oer4f (.const:xdc_runtime_Startup_firstFxns__A)
                  000157d4    00000008     mss_mmw_per4f.oer4f (.const:xdc_runtime_Startup_firstFxns__C)
                  000157dc    00000008     mss_mmw_per4f.oer4f (.const:xdc_runtime_Startup_lastFxns__C)
                  000157e4    00000004     mss_mmw_per4f.oer4f (.const:ti_sysbios_family_arm_TaskSupport_stackAlignment__C)
                  000157e8    00000004     mss_mmw_per4f.oer4f (.const:ti_sysbios_family_arm_exc_Exception_E_dataAbort__C)
                  000157ec    00000004     mss_mmw_per4f.oer4f (.const:ti_sysbios_family_arm_exc_Exception_E_prefetchAbort__C)
                  000157f0    00000004     mss_mmw_per4f.oer4f (.const:ti_sysbios_family_arm_exc_Exception_E_swi__C)
                  000157f4    00000004     mss_mmw_per4f.oer4f (.const:ti_sysbios_family_arm_exc_Exception_E_undefinedInstruction__C)
                  000157f8    00000004     mss_mmw_per4f.oer4f (.const:ti_sysbios_family_arm_exc_Exception_excHookFuncs__A)
                  000157fc    00000004     mss_mmw_per4f.oer4f (.const:ti_sysbios_family_arm_exc_Exception_excHookFuncs__C)
                  00015800    00000004     mss_mmw_per4f.oer4f (.const:ti_sysbios_family_arm_v7a_Pmu_A_invalidCounterId__C)
                  00015804    00000004     mss_mmw_per4f.oer4f (.const:ti_sysbios_family_arm_v7a_Pmu_Module__diagsEnabled__C)
                  00015808    00000004     mss_mmw_per4f.oer4f (.const:ti_sysbios_family_arm_v7a_Pmu_Module__diagsIncluded__C)
                  0001580c    00000004     mss_mmw_per4f.oer4f (.const:ti_sysbios_family_arm_v7a_Pmu_Module__diagsMask__C)
                  00015810    00000004     mss_mmw_per4f.oer4f (.const:ti_sysbios_family_arm_v7r_tms570_Core_E_mismatchedIds__C)
                  00015814    00000004     mss_mmw_per4f.oer4f (.const:ti_sysbios_family_arm_v7r_tms570_Core_id__C)
                  00015818    00000004     mss_mmw_per4f.oer4f (.const:ti_sysbios_family_arm_v7r_vim_Hwi_A_badChannelId__C)
                  0001581c    00000004     mss_mmw_per4f.oer4f (.const:ti_sysbios_family_arm_v7r_vim_Hwi_E_alreadyDefined__C)
                  00015820    00000004     mss_mmw_per4f.oer4f (.const:ti_sysbios_family_arm_v7r_vim_Hwi_E_badIntNum__C)
                  00015824    00000004     mss_mmw_per4f.oer4f (.const:ti_sysbios_family_arm_v7r_vim_Hwi_E_phantomInterrupt__C)
                  00015828    00000004     mss_mmw_per4f.oer4f (.const:ti_sysbios_family_arm_v7r_vim_Hwi_E_undefined__C)
                  0001582c    00000004     mss_mmw_per4f.oer4f (.const:ti_sysbios_family_arm_v7r_vim_Hwi_E_unsupportedMaskingOption__C)
                  00015830    00000004     mss_mmw_per4f.oer4f (.const:ti_sysbios_family_arm_v7r_vim_Hwi_LD_end__C)
                  00015834    00000004     mss_mmw_per4f.oer4f (.const:ti_sysbios_family_arm_v7r_vim_Hwi_LM_begin__C)
                  00015838    00000004     mss_mmw_per4f.oer4f (.const:ti_sysbios_family_arm_v7r_vim_Hwi_Module__diagsEnabled__C)
                  0001583c    00000004     mss_mmw_per4f.oer4f (.const:ti_sysbios_family_arm_v7r_vim_Hwi_Module__diagsIncluded__C)
                  00015840    00000004     mss_mmw_per4f.oer4f (.const:ti_sysbios_family_arm_v7r_vim_Hwi_Module__diagsMask__C)
                  00015844    00000004     mss_mmw_per4f.oer4f (.const:ti_sysbios_family_arm_v7r_vim_Hwi_Module__loggerFxn1__C)
                  00015848    00000004     mss_mmw_per4f.oer4f (.const:ti_sysbios_family_arm_v7r_vim_Hwi_Module__loggerFxn8__C)
                  0001584c    00000004     mss_mmw_per4f.oer4f (.const:ti_sysbios_family_arm_v7r_vim_Hwi_Module__loggerObj__C)
                  00015850    00000004     mss_mmw_per4f.oer4f (.const:ti_sysbios_family_arm_v7r_vim_Hwi_NUM_INTERRUPTS__C)
                  00015854    00000004     mss_mmw_per4f.oer4f (.const:ti_sysbios_family_arm_v7r_vim_Hwi_channelMap__C)
                  00015858    00000004     mss_mmw_per4f.oer4f (.const:ti_sysbios_family_arm_v7r_vim_Hwi_intReqEnaSet__C)
                  0001585c    00000004     mss_mmw_per4f.oer4f (.const:ti_sysbios_family_arm_v7r_vim_Hwi_phantomFunc__C)
                  00015860    00000004     mss_mmw_per4f.oer4f (.const:ti_sysbios_family_arm_v7r_vim_Hwi_swiDisable__C)
                  00015864    00000004     mss_mmw_per4f.oer4f (.const:ti_sysbios_family_arm_v7r_vim_Hwi_swiRestoreHwi__C)
                  00015868    00000004     mss_mmw_per4f.oer4f (.const:ti_sysbios_family_arm_v7r_vim_Hwi_taskDisable__C)
                  0001586c    00000004     mss_mmw_per4f.oer4f (.const:ti_sysbios_family_arm_v7r_vim_Hwi_taskRestoreHwi__C)
                  00015870    00000004     mss_mmw_per4f.oer4f (.const:ti_sysbios_family_arm_v7r_vim_Hwi_wakeEnaSet__C)
                  00015874    00000004     mss_mmw_per4f.oer4f (.const:ti_sysbios_gates_GateMutex_A_badContext__C)
                  00015878    00000004     mss_mmw_per4f.oer4f (.const:ti_sysbios_gates_GateMutex_Instance_State_sem__O)
                  0001587c    00000004     mss_mmw_per4f.oer4f (.const:ti_sysbios_gates_GateMutex_Module__diagsEnabled__C)
                  00015880    00000004     mss_mmw_per4f.oer4f (.const:ti_sysbios_gates_GateMutex_Module__diagsIncluded__C)
                  00015884    00000004     mss_mmw_per4f.oer4f (.const:ti_sysbios_gates_GateMutex_Module__diagsMask__C)
                  00015888    00000004     mss_mmw_per4f.oer4f (.const:ti_sysbios_hal_Hwi_E_stackOverflow__C)
                  0001588c    00000004     mss_mmw_per4f.oer4f (.const:ti_sysbios_heaps_HeapBuf_Instance_State_freeList__O)
                  00015890    00000004     mss_mmw_per4f.oer4f (.const:ti_sysbios_heaps_HeapBuf_Object__count__C)
                  00015894    00000004     mss_mmw_per4f.oer4f (.const:ti_sysbios_heaps_HeapBuf_numConstructedHeaps__C)
                  00015898    00000004     mss_mmw_per4f.oer4f (.const:ti_sysbios_heaps_HeapMem_A_align__C)
                  0001589c    00000004     mss_mmw_per4f.oer4f (.const:ti_sysbios_heaps_HeapMem_A_heapSize__C)
                  000158a0    00000004     mss_mmw_per4f.oer4f (.const:ti_sysbios_heaps_HeapMem_A_invalidFree__C)
                  000158a4    00000004     mss_mmw_per4f.oer4f (.const:ti_sysbios_heaps_HeapMem_A_zeroBlock__C)
                  000158a8    00000004     mss_mmw_per4f.oer4f (.const:ti_sysbios_heaps_HeapMem_E_memory__C)
                  000158ac    00000004     mss_mmw_per4f.oer4f (.const:ti_sysbios_heaps_HeapMem_Module__diagsEnabled__C)
                  000158b0    00000004     mss_mmw_per4f.oer4f (.const:ti_sysbios_heaps_HeapMem_Module__diagsIncluded__C)
                  000158b4    00000004     mss_mmw_per4f.oer4f (.const:ti_sysbios_heaps_HeapMem_Module__diagsMask__C)
                  000158b8    00000004     mss_mmw_per4f.oer4f (.const:ti_sysbios_heaps_HeapMem_Module__gateObj__C)
                  000158bc    00000004     mss_mmw_per4f.oer4f (.const:ti_sysbios_heaps_HeapMem_Object__count__C)
                  000158c0    00000004     mss_mmw_per4f.oer4f (.const:ti_sysbios_heaps_HeapMem_reqAlign__C)
                  000158c4    00000004     mss_mmw_per4f.oer4f (.const:ti_sysbios_knl_Clock_LM_begin__C)
                  000158c8    00000004     mss_mmw_per4f.oer4f (.const:ti_sysbios_knl_Clock_LM_tick__C)
                  000158cc    00000004     mss_mmw_per4f.oer4f (.const:ti_sysbios_knl_Clock_LW_delayed__C)
                  000158d0    00000004     mss_mmw_per4f.oer4f (.const:ti_sysbios_knl_Clock_Module_State_clockQ__O)
                  000158d4    00000004     mss_mmw_per4f.oer4f (.const:ti_sysbios_knl_Clock_Module__diagsEnabled__C)
                  000158d8    00000004     mss_mmw_per4f.oer4f (.const:ti_sysbios_knl_Clock_Module__diagsIncluded__C)
                  000158dc    00000004     mss_mmw_per4f.oer4f (.const:ti_sysbios_knl_Clock_Module__diagsMask__C)
                  000158e0    00000004     mss_mmw_per4f.oer4f (.const:ti_sysbios_knl_Clock_Module__loggerFxn1__C)
                  000158e4    00000004     mss_mmw_per4f.oer4f (.const:ti_sysbios_knl_Clock_Module__loggerFxn2__C)
                  000158e8    00000004     mss_mmw_per4f.oer4f (.const:ti_sysbios_knl_Clock_Module__loggerObj__C)
                  000158ec    00000004     mss_mmw_per4f.oer4f (.const:ti_sysbios_knl_Event_A_nullEventId__C)
                  000158f0    00000004     mss_mmw_per4f.oer4f (.const:ti_sysbios_knl_Event_Instance_State_pendQ__O)
                  000158f4    00000004     mss_mmw_per4f.oer4f (.const:ti_sysbios_knl_Event_LM_post__C)
                  000158f8    00000004     mss_mmw_per4f.oer4f (.const:ti_sysbios_knl_Event_Module__diagsEnabled__C)
                  000158fc    00000004     mss_mmw_per4f.oer4f (.const:ti_sysbios_knl_Event_Module__diagsIncluded__C)
                  00015900    00000004     mss_mmw_per4f.oer4f (.const:ti_sysbios_knl_Event_Module__diagsMask__C)
                  00015904    00000004     mss_mmw_per4f.oer4f (.const:ti_sysbios_knl_Event_Module__loggerFxn4__C)
                  00015908    00000004     mss_mmw_per4f.oer4f (.const:ti_sysbios_knl_Event_Module__loggerObj__C)
                  0001590c    00000004     mss_mmw_per4f.oer4f (.const:ti_sysbios_knl_Idle_funcList__A)
                  00015910    00000004     mss_mmw_per4f.oer4f (.const:ti_sysbios_knl_Semaphore_A_badContext__C)
                  00015914    00000004     mss_mmw_per4f.oer4f (.const:ti_sysbios_knl_Semaphore_A_noEvents__C)
                  00015918    00000004     mss_mmw_per4f.oer4f (.const:ti_sysbios_knl_Semaphore_A_overflow__C)
                  0001591c    00000004     mss_mmw_per4f.oer4f (.const:ti_sysbios_knl_Semaphore_A_pendTaskDisabled__C)
                  00015920    00000004     mss_mmw_per4f.oer4f (.const:ti_sysbios_knl_Semaphore_Instance_State_pendQ__O)
                  00015924    00000004     mss_mmw_per4f.oer4f (.const:ti_sysbios_knl_Semaphore_LM_pend__C)
                  00015928    00000004     mss_mmw_per4f.oer4f (.const:ti_sysbios_knl_Semaphore_LM_post__C)
                  0001592c    00000004     mss_mmw_per4f.oer4f (.const:ti_sysbios_knl_Semaphore_Module__diagsEnabled__C)
                  00015930    00000004     mss_mmw_per4f.oer4f (.const:ti_sysbios_knl_Semaphore_Module__diagsIncluded__C)
                  00015934    00000004     mss_mmw_per4f.oer4f (.const:ti_sysbios_knl_Semaphore_Module__diagsMask__C)
                  00015938    00000004     mss_mmw_per4f.oer4f (.const:ti_sysbios_knl_Semaphore_Module__loggerFxn2__C)
                  0001593c    00000004     mss_mmw_per4f.oer4f (.const:ti_sysbios_knl_Semaphore_Module__loggerFxn4__C)
                  00015940    00000004     mss_mmw_per4f.oer4f (.const:ti_sysbios_knl_Semaphore_Module__loggerObj__C)
                  00015944    00000004     mss_mmw_per4f.oer4f (.const:ti_sysbios_knl_Swi_LD_end__C)
                  00015948    00000004     mss_mmw_per4f.oer4f (.const:ti_sysbios_knl_Swi_LM_begin__C)
                  0001594c    00000004     mss_mmw_per4f.oer4f (.const:ti_sysbios_knl_Swi_LM_post__C)
                  00015950    00000004     mss_mmw_per4f.oer4f (.const:ti_sysbios_knl_Swi_Module__diagsEnabled__C)
                  00015954    00000004     mss_mmw_per4f.oer4f (.const:ti_sysbios_knl_Swi_Module__diagsIncluded__C)
                  00015958    00000004     mss_mmw_per4f.oer4f (.const:ti_sysbios_knl_Swi_Module__diagsMask__C)
                  0001595c    00000004     mss_mmw_per4f.oer4f (.const:ti_sysbios_knl_Swi_Module__loggerFxn1__C)
                  00015960    00000004     mss_mmw_per4f.oer4f (.const:ti_sysbios_knl_Swi_Module__loggerFxn4__C)
                  00015964    00000004     mss_mmw_per4f.oer4f (.const:ti_sysbios_knl_Swi_Module__loggerObj__C)
                  00015968    00000004     mss_mmw_per4f.oer4f (.const:ti_sysbios_knl_Swi_Object__count__C)
                  0001596c    00000004     mss_mmw_per4f.oer4f (.const:ti_sysbios_knl_Task_A_badPriority__C)
                  00015970    00000004     mss_mmw_per4f.oer4f (.const:ti_sysbios_knl_Task_A_badTaskState__C)
                  00015974    00000004     mss_mmw_per4f.oer4f (.const:ti_sysbios_knl_Task_A_badThreadType__C)
                  00015978    00000004     mss_mmw_per4f.oer4f (.const:ti_sysbios_knl_Task_A_badTimeout__C)
                  0001597c    00000004     mss_mmw_per4f.oer4f (.const:ti_sysbios_knl_Task_A_noPendElem__C)
                  00015980    00000004     mss_mmw_per4f.oer4f (.const:ti_sysbios_knl_Task_A_sleepTaskDisabled__C)
                  00015984    00000004     mss_mmw_per4f.oer4f (.const:ti_sysbios_knl_Task_E_spOutOfBounds__C)
                  00015988    00000004     mss_mmw_per4f.oer4f (.const:ti_sysbios_knl_Task_E_stackOverflow__C)
                  0001598c    00000004     mss_mmw_per4f.oer4f (.const:ti_sysbios_knl_Task_LD_block__C)
                  00015990    00000004     mss_mmw_per4f.oer4f (.const:ti_sysbios_knl_Task_LD_exit__C)
                  00015994    00000004     mss_mmw_per4f.oer4f (.const:ti_sysbios_knl_Task_LD_ready__C)
                  00015998    00000004     mss_mmw_per4f.oer4f (.const:ti_sysbios_knl_Task_LM_sleep__C)
                  0001599c    00000004     mss_mmw_per4f.oer4f (.const:ti_sysbios_knl_Task_LM_switch__C)
                  000159a0    00000004     mss_mmw_per4f.oer4f (.const:ti_sysbios_knl_Task_Module_State_inactiveQ__O)
                  000159a4    00000004     mss_mmw_per4f.oer4f (.const:ti_sysbios_knl_Task_Module__diagsEnabled__C)
                  000159a8    00000004     mss_mmw_per4f.oer4f (.const:ti_sysbios_knl_Task_Module__diagsIncluded__C)
                  000159ac    00000004     mss_mmw_per4f.oer4f (.const:ti_sysbios_knl_Task_Module__diagsMask__C)
                  000159b0    00000004     mss_mmw_per4f.oer4f (.const:ti_sysbios_knl_Task_Module__loggerFxn2__C)
                  000159b4    00000004     mss_mmw_per4f.oer4f (.const:ti_sysbios_knl_Task_Module__loggerFxn4__C)
                  000159b8    00000004     mss_mmw_per4f.oer4f (.const:ti_sysbios_knl_Task_Module__loggerObj__C)
                  000159bc    00000004     mss_mmw_per4f.oer4f (.const:ti_sysbios_knl_Task_Object__count__C)
                  000159c0    00000004     mss_mmw_per4f.oer4f (.const:ti_sysbios_knl_Task_allBlockedFunc__C)
                  000159c4    00000004     mss_mmw_per4f.oer4f (.const:ti_sysbios_knl_Task_defaultStackHeap__C)
                  000159c8    00000004     mss_mmw_per4f.oer4f (.const:ti_sysbios_knl_Task_defaultStackSize__C)
                  000159cc    00000004     mss_mmw_per4f.oer4f (.const:ti_sysbios_knl_Task_numConstructedTasks__C)
                  000159d0    00000004     mss_mmw_per4f.oer4f (.const:ti_sysbios_timers_rti_Timer_E_cannotSupport__C)
                  000159d4    00000004     mss_mmw_per4f.oer4f (.const:ti_sysbios_timers_rti_Timer_Module__diagsEnabled__C)
                  000159d8    00000004     mss_mmw_per4f.oer4f (.const:ti_sysbios_timers_rti_Timer_Module__diagsIncluded__C)
                  000159dc    00000004     mss_mmw_per4f.oer4f (.const:ti_sysbios_timers_rti_Timer_Module__diagsMask__C)
                  000159e0    00000004     mss_mmw_per4f.oer4f (.const:ti_sysbios_timers_rti_Timer_numTimerDevices__C)
                  000159e4    00000004     mss_mmw_per4f.oer4f (.const:ti_sysbios_timers_rti_Timer_startupNeeded__C)
                  000159e8    00000004     mss_mmw_per4f.oer4f (.const:xdc_runtime_Assert_E_assertFailed__C)
                  000159ec    00000004     mss_mmw_per4f.oer4f (.const:xdc_runtime_Core_A_initializedParams__C)
                  000159f0    00000004     mss_mmw_per4f.oer4f (.const:xdc_runtime_Core_Module__diagsEnabled__C)
                  000159f4    00000004     mss_mmw_per4f.oer4f (.const:xdc_runtime_Core_Module__diagsIncluded__C)
                  000159f8    00000004     mss_mmw_per4f.oer4f (.const:xdc_runtime_Core_Module__diagsMask__C)
                  000159fc    00000004     mss_mmw_per4f.oer4f (.const:xdc_runtime_Error_E_memory__C)
                  00015a00    00000004     mss_mmw_per4f.oer4f (.const:xdc_runtime_Error_Module__diagsEnabled__C)
                  00015a04    00000004     mss_mmw_per4f.oer4f (.const:xdc_runtime_Error_Module__diagsIncluded__C)
[...]
000158c0  ti_sysbios_heaps_HeapMem_reqAlign__C                                 
000158c4  ti_sysbios_knl_Clock_LM_begin__C                                     
000158c8  ti_sysbios_knl_Clock_LM_tick__C                                      
000158cc  ti_sysbios_knl_Clock_LW_delayed__C                                   
000158d0  ti_sysbios_knl_Clock_Module_State_clockQ__O                          
000158d4  ti_sysbios_knl_Clock_Module__diagsEnabled__C                         
000158d8  ti_sysbios_knl_Clock_Module__diagsIncluded__C                        
000158dc  ti_sysbios_knl_Clock_Module__diagsMask__C                            
000158e0  ti_sysbios_knl_Clock_Module__loggerFxn1__C                           
000158e4  ti_sysbios_knl_Clock_Module__loggerFxn2__C                           
000158e8  ti_sysbios_knl_Clock_Module__loggerObj__C                            
000158ec  ti_sysbios_knl_Event_A_nullEventId__C                                
000158f0  ti_sysbios_knl_Event_Instance_State_pendQ__O                         
000158f4  ti_sysbios_knl_Event_LM_post__C                                      
000158f8  ti_sysbios_knl_Event_Module__diagsEnabled__C                         
000158fc  ti_sysbios_knl_Event_Module__diagsIncluded__C                        
00015900  ti_sysbios_knl_Event_Module__diagsMask__C                            
00015904  ti_sysbios_knl_Event_Module__loggerFxn4__C                           
00015908  ti_sysbios_knl_Event_Module__loggerObj__C                            
0001590c  ti_sysbios_knl_Idle_funcList__A                                      
00015910  ti_sysbios_knl_Semaphore_A_badContext__C                             
00015914  ti_sysbios_knl_Semaphore_A_noEvents__C                               
00015918  ti_sysbios_knl_Semaphore_A_overflow__C                               
0001591c  ti_sysbios_knl_Semaphore_A_pendTaskDisabled__C                       
00015920  ti_sysbios_knl_Semaphore_Instance_State_pendQ__O                     
00015924  ti_sysbios_knl_Semaphore_LM_pend__C                                  
00015928  ti_sysbios_knl_Semaphore_LM_post__C                                  
0001592c  ti_sysbios_knl_Semaphore_Module__diagsEnabled__C                     
00015930  ti_sysbios_knl_Semaphore_Module__diagsIncluded__C                    
00015934  ti_sysbios_knl_Semaphore_Module__diagsMask__C                        
00015938  ti_sysbios_knl_Semaphore_Module__loggerFxn2__C                       
0001593c  ti_sysbios_knl_Semaphore_Module__loggerFxn4__C                       
00015940  ti_sysbios_knl_Semaphore_Module__loggerObj__C                        
00015944  ti_sysbios_knl_Swi_LD_end__C                                         
00015948  ti_sysbios_knl_Swi_LM_begin__C                                       
0001594c  ti_sysbios_knl_Swi_LM_post__C                                        
00015950  ti_sysbios_knl_Swi_Module__diagsEnabled__C                           
00015954  ti_sysbios_knl_Swi_Module__diagsIncluded__C                          
00015958  ti_sysbios_knl_Swi_Module__diagsMask__C                              
0001595c  ti_sysbios_knl_Swi_Module__loggerFxn1__C                             
00015960  ti_sysbios_knl_Swi_Module__loggerFxn4__C                             
00015964  ti_sysbios_knl_Swi_Module__loggerObj__C                              
00015968  ti_sysbios_knl_Swi_Object__count__C                                  
0001596c  ti_sysbios_knl_Task_A_badPriority__C                                 
00015970  ti_sysbios_knl_Task_A_badTaskState__C                                
00015974  ti_sysbios_knl_Task_A_badThreadType__C                               
00015978  ti_sysbios_knl_Task_A_badTimeout__C                                  
0001597c  ti_sysbios_knl_Task_A_noPendElem__C                                  
00015980  ti_sysbios_knl_Task_A_sleepTaskDisabled__C                           
00015984  ti_sysbios_knl_Task_E_spOutOfBounds__C                               
00015988  ti_sysbios_knl_Task_E_stackOverflow__C                               
0001598c  ti_sysbios_knl_Task_LD_block__C                                      
00015990  ti_sysbios_knl_Task_LD_exit__C                                       
00015994  ti_sysbios_knl_Task_LD_ready__C                                      
00015998  ti_sysbios_knl_Task_LM_sleep__C                                      
0001599c  ti_sysbios_knl_Task_LM_switch__C                                     
000159a0  ti_sysbios_knl_Task_Module_State_inactiveQ__O                        
000159a4  ti_sysbios_knl_Task_Module__diagsEnabled__C                          
000159a8  ti_sysbios_knl_Task_Module__diagsIncluded__C                         
000159ac  ti_sysbios_knl_Task_Module__diagsMask__C                             
000159b0  ti_sysbios_knl_Task_Module__loggerFxn2__C                            
000159b4  ti_sysbios_knl_Task_Module__loggerFxn4__C                            
000159b8  ti_sysbios_knl_Task_Module__loggerObj__C                             
000159bc  ti_sysbios_knl_Task_Object__count__C                                 
000159c0  ti_sysbios_knl_Task_allBlockedFunc__C                                
000159c4  ti_sysbios_knl_Task_defaultStackHeap__C                              
000159c8  ti_sysbios_knl_Task_defaultStackSize__C                              
000159cc  ti_sysbios_knl_Task_numConstructedTasks__C                           
000159d0  ti_sysbios_timers_rti_Timer_E_cannotSupport__C                       
000159d4  ti_sysbios_timers_rti_Timer_Module__diagsEnabled__C                  
000159d8  ti_sysbios_timers_rti_Timer_Module__diagsIncluded__C                 
000159dc  ti_sysbios_timers_rti_Timer_Module__diagsMask__C                     
000159e0  ti_sysbios_timers_rti_Timer_numTimerDevices__C                       
000159e4  ti_sysbios_timers_rti_Timer_startupNeeded__C                         
000159e8  xdc_runtime_Assert_E_assertFailed__C                                 
000159ec  xdc_runtime_Core_A_initializedParams__C                              
000159f0  xdc_runtime_Core_Module__diagsEnabled__C                             
000159f4  xdc_runtime_Core_Module__diagsIncluded__C                            
000159f8  xdc_runtime_Core_Module__diagsMask__C                                
000159fc  xdc_runtime_Error_E_memory__C                                        
00015a00  xdc_runtime_Error_Module__diagsEnabled__C                            
00015a04  xdc_runtime_Error_Module__diagsIncluded__C                           
00015a08  xdc_runtime_Error_Module__diagsMask__C                               
00015a0c  xdc_runtime_Error_Module__loggerFxn8__C                              
00015a10  xdc_runtime_Error_Module__loggerObj__C                               
00015a14  xdc_runtime_Error_policyFxn__C                                       
00015a18  xdc_runtime_Error_raiseHook__C                                       
00015a1c  xdc_runtime_IGateProvider_Interface__BASE__C                         
00015a20  xdc_runtime_IHeap_Interface__BASE__C                                 
00015a24  xdc_runtime_IModule_Interface__BASE__C                               
00015a28  xdc_runtime_Log_L_error__C                                           
00015a2c  xdc_runtime_Memory_defaultHeapInstance__C                            
00015a30  xdc_runtime_Startup_execImpl__C                                      
00015a34  xdc_runtime_Startup_maxPasses__C                                     
00015a38  xdc_runtime_Startup_sfxnRts__C                                       
00015a3c  xdc_runtime_Startup_sfxnTab__C                                       
00015a40  xdc_runtime_System_Module__gateObj__C                                
00015a44  xdc_runtime_System_abortFxn__C                                       
00015a48  xdc_runtime_System_exitFxn__C                                        
00015a4c  xdc_runtime_System_extendFxn__C                                      
00015a50  xdc_runtime_System_maxAtexitHandlers__C                              
00015a54  xdc_runtime_Text_charTab__C                                          
00015a58  xdc_runtime_Text_nameEmpty__C                                        
00015a5c  xdc_runtime_Text_nameStatic__C                                       
00015a60  xdc_runtime_Text_nameUnknown__C                                      
00015a64  xdc_runtime_Text_nodeTab__C                                          
00015a68  xdc_runtime_Text_visitRopeFxn__C                                     
00015a6c  ti_sysbios_family_arm_v7r_tms570_Core_Module__id__C                  
00015a6e  ti_sysbios_family_arm_v7r_vim_Hwi_Module__id__C                      
00015a70  ti_sysbios_family_arm_v7r_vim_Hwi_Module__loggerDefined__C           
00015a72  ti_sysbios_gates_GateMutex_Module__id__C                             
00015a74  ti_sysbios_hal_Hwi_Module__id__C                                     
00015a76  ti_sysbios_heaps_HeapMem_Module__id__C                               
00015a78  ti_sysbios_knl_Clock_Module__id__C                                   
00015a7a  ti_sysbios_knl_Clock_Module__loggerDefined__C                        
00015a7c  ti_sysbios_knl_Event_Module__id__C                                   
00015a7e  ti_sysbios_knl_Event_Module__loggerDefined__C                        
00015a80  ti_sysbios_knl_Semaphore_Module__id__C                               
00015a82  ti_sysbios_knl_Semaphore_Module__loggerDefined__C                    
00015a84  ti_sysbios_knl_Swi_Module__id__C                                     
00015a86  ti_sysbios_knl_Swi_Module__loggerDefined__C                          
00015a88  ti_sysbios_knl_Task_Module__id__C                                    
00015a8a  ti_sysbios_knl_Task_Module__loggerDefined__C                         
00015a8c  ti_sysbios_timers_rti_Timer_Module__id__C                            
00015a8e  ti_sysbios_timers_rti_Timer_continueOnSuspend__C                     
00015a90  xdc_runtime_Core_Module__id__C                                       
00015a92  xdc_runtime_Error_Module__loggerDefined__C                           
00015a94  xdc_runtime_Error_maxDepth__C                                        
00015a96  xdc_runtime_Main_Module__id__C                                       
00015a98  xdc_runtime_Memory_Module__id__C                                     
00015a9a  xdc_runtime_Text_charCnt__C                                          
00015a9c  xdc_runtime_Text_isLoaded__C                                         
00015a9e  xdc_runtime_Text_registryModsLastId__C                               
00015aa0  xdc_runtime_Text_unnamedModsLastId__C                                
00015aa8  ti_sysbios_heaps_HeapMem_Instance_State_0_buf__A                     
0001daa8  __TI_static_base__                                                   
0001e040  __TI_Handler_Table_Base                                              
0001e04c  __TI_Handler_Table_Limit                                             
0001e068  __TI_CINIT_Base                                                      
0001e088  __TI_CINIT_Limit                                                     
08000000  ti_sysbios_family_arm_exc_Exception_Module_State_0_excStack_0__A     
08001000  ti_sysbios_knl_Task_Instance_State_0_stack__A                        
08001800  gGPIOMCB                                                             
08001994  __CIOBUF_                                                            
08001ab4  gMMWave_MCB                                                          
08001b68  __TI_tmpnams                                                         
08001c10  gDMADriverPtr                                                        
08001c18  gMMWave_XWR16xxMCB                                                   
08001c20  handle                                                               
08001c24  SPISem                                                               
08001c28  gDmaHandle                                                           
08001c2c  spiTransaction                                                       
08001c40  gMmwMssMCB                                                           
08001d04  msg                                                                  
08001fff  rx                                                                   
080022fc  D2H_SYNC_PATTERN                                                     
08002300  H2D_SYNC_PATTERN                                                     
08002304  H2D_CNYS_PATTERN                                                     
08002308  rl_txMsg                                                             
08002408  rl_rxMsg                                                             
08002508  rl_driverData                                                        
080026dc  ti_sysbios_family_arm_v7r_vim_Hwi_Module_State_0_dispatchTable__A    
080028dc  _ftable                                                              
08002a9c  ti_sysbios_knl_Swi_Module_State_0_readyQ__A                          
08002b1c  ti_sysbios_knl_Task_Module_State_0_readyQ__A                         
08002b9c  gDMAHwCfg                                                            
08002bf4  ti_sysbios_knl_Task_Object__table__V                                 
08002c40  gFuncPtrDetailIndex                                                  
08002c42  apiErrorStatus                                                       
08002c48  funcPtrDetails                                                       
08002c88  gMailboxMCB                                                          
08002cd0  ti_sysbios_knl_Task_Module__state__V                                 
08002d14  gSpiHwCfg                                                            
08002d4c  ti_sysbios_gates_GateMutex_Object__table__V                          
08002d84  ti_sysbios_timers_rti_Timer_Object__table__V                         
08002dbc  ti_sysbios_family_arm_v7r_vim_Hwi_Module__state__V                   
08002df0  ti_sysbios_knl_Swi_Object__table__V                                  
08002e20  gESMHwCfg                                                            
08002e24  pESMHwiHandle                                                        
08002e28  dbg_esm_isr_cnt                                                      
08002e38  gESMInitStatus                                                       
08002e4c  ti_sysbios_family_arm_v7r_vim_Hwi_Object__table__V                   
08002e78  ti_sysbios_knl_Clock_Module__state__V                                
08002ea4  SPI_config                                                           
08002ec8  gMMWaveHwAttributes                                                  
08002eec  ti_sysbios_BIOS_Module__state__V                                     
08002f10  xdc_runtime_Error_IgnoreBlock                                        
08002f30  xdc_runtime_System_Module_State_0_atexitHandlers__A                  
08002f50  gSpiFxnTable                                                         
08002f6c  ti_sysbios_knl_Swi_Module__state__V                                  
08002f88  gMailboxMssBssHwCfg                                                  
08002fa0  gMailboxMssDssHwCfg                                                  
08002fb8  ti_sysbios_heaps_HeapMem_Object__table__V                            
08002fd0  ti_sysbios_timers_rti_Timer_Module_State_0_device__A                 
08002fe8  gSOCHwAttrib                                                         
08002ffc  ti_sysbios_family_arm_exc_Exception_Module__state__V                 
08003010  __TI_ft_end                                                          
08003014  __aeabi_stdin                                                        
08003018  __aeabi_stdout                                                       
0800301c  __aeabi_stderr                                                       
08003020  ti_sysbios_timers_rti_Timer_Module_State_0_intFreqs__A               
08003030  ti_sysbios_timers_rti_Timer_Module__state__V                         
08003040  __TI_cleanup_ptr                                                     
08003044  __TI_dtors_ptr                                                       
08003048  __TI_enable_exit_profile_output                                      
0800304c  ti_sysbios_family_arm_v7a_Pmu_Module__state__V                       
08003058  _lock                                                                
0800305c  _unlock                                                              
08003060  gESMHwCfgAttrs                                                       
08003068  gGPIOHwAtrrib                                                        
08003070  ti_sysbios_family_arm_v7r_vim_Hwi_Module__root__V                    
08003078  ti_sysbios_gates_GateHwi_Module__root__V                             
08003080  ti_sysbios_gates_GateMutex_Module__root__V                           
08003088  ti_sysbios_hal_Hwi_Object__table__V                                  
08003090  ti_sysbios_heaps_HeapMem_Module__root__V                             
08003098  ti_sysbios_knl_Event_Module__root__V                                 
080030a0  ti_sysbios_knl_Queue_Module__root__V                                 
080030a8  ti_sysbios_knl_Semaphore_Module__root__V                             
080030b0  ti_sysbios_knl_Task_Module__root__V                                  
080030b8  ti_sysbios_timers_rti_Timer_Module_State_0_handles__A                
080030c0  xdc_runtime_Registry_Module__state__V                                
080030c8  xdc_runtime_Startup_Module__state__V                                 
080030d0  xdc_runtime_System_Module__state__V                                  
080030d8  DMA_defaultParams                                                    
080030dc  gCRCRegister                                                         
080030e0  gPinmuxRegs                                                          
080030e8  errno                                                                
080030f0  main_func_sp                                                         
080030f4  ti_sysbios_family_arm_exc_Exception_Module_State_0_excContext__A     
080030f8  ti_sysbios_family_arm_exc_Exception_Module_State_0_excStackBuffers__A
080030fc  ti_sysbios_family_arm_exc_Exception_Module_State_0_excStack__A       
08003100  ti_sysbios_gates_GateHwi_Object__table__V                            
08003104  ti_sysbios_heaps_HeapBuf_Module__state__V                            
08003108  ti_sysbios_knl_Task_Module_State_0_idleTask__A                       
0800310c  xdc_runtime_Memory_Module__state__V                                  
08003110  ti_sysbios_family_arm_exc_Exception_Module_State_0_excActive__A      
08003112  xdc_runtime_Error_Module__state__V                                   
08003120  __stack                                                              
08004120  __STACK_END                                                          
08004120  ti_sysbios_family_arm_v7r_vim_Hwi_Module_State_0_fiqStack__A         
fffffdec  ti_sysbios_family_arm_v7r_vim_Hwi_vim                                
ffffffff  __TI_pprof_out_hndl                                                  
ffffffff  __TI_prof_data_size                                                  
ffffffff  __TI_prof_data_start                                                 
ffffffff  __binit__                                                            
ffffffff  __c_args__                                                           
ffffffff  binit                                                                
UNDEFED   SHT$$INIT_ARRAY$$Base                                                
UNDEFED   SHT$$INIT_ARRAY$$Limit                                               

[842 symbols]
