******************************************************************************
                  TI ARM Linker Unix v16.9.1                   
******************************************************************************
>> Linked Tue Jan  9 11:20:13 2018

OUTPUT FILE NAME:   <xwr16xx_mmw_mss.xer4f>
ENTRY POINT SYMBOL: "_c_int00"  address: 000101fc


MEMORY CONFIGURATION

         name            origin    length      used     unused   attr    fill
----------------------  --------  ---------  --------  --------  ----  --------
  VECTORS               00000000   00000100  0000003c  000000c4     X
  PROG_RAM              00000100   0003ff00  0001dc16  000222ea  R  X
  DATA_RAM              08000000   00030000  000043d8  0002bc28  RW  
  L3_RAM                51000000   000a0000  00000000  000a0000  RW  
  HS_RAM                52080000   00008000  00000000  00008000  RW  


SEGMENT ALLOCATION MAP

run origin  load origin   length   init length attrs members
----------  ----------- ---------- ----------- ----- -------
00000000    00000000    0000003c   0000003c    r--
  00000000    00000000    0000003c   0000003c    r-- .vecs
00000100    00000100    00015882   00015882    r-x
  00000100    00000100    000133a4   000133a4    r-x .text
  000134a8    000134a8    000024da   000024da    r-- .const
00015988    00015988    00008000   00000000    rw-
  00015988    00015988    00008000   00000000    rw- systemHeap
0001d988    0001d988    00000398   00000398    r--
  0001d988    0001d988    00000398   00000398    r-- .cinit
08000000    08000000    000043d8   00000000    rw-
  08000000    08000000    00001c20   00000000    rw- .bss
  08001c20    08001c20    00001000   00000000    rw- .stack
  08002c20    08002c20    00000fb8   00000000    rw- .data
  08003bd8    08003bd8    00000800   00000000    rw- .myFiqStack


SECTION ALLOCATION MAP

 output                                  attributes/
section   page    origin      length       input sections
--------  ----  ----------  ----------   ----------------
.vecs      0    00000000    0000003c     
                  00000000    0000003c     mss_mmw_per4f.oer4f (.vecs)

.text      0    00000100    000133a4     
                  00000100    00001072     rtsv7R4_T_le_v3D16_eabi.lib : _printfi.obj (.text)
                  00001172    00000002                                 : i_div0.obj (.text)
                  00001174    00000650     libspi_xwr16xx.aer4f : mibspi_dma.oer4f (.text:MIBSPI_open)
                  000017c4    000005bc     mss_main.obj (.text:MmwDemo_mssInitTask)
                  00001d80    0000054c     libspi_xwr16xx.aer4f : mibspi_dma.oer4f (.text:MIBSPI_dataTransfer)
                  000022cc    00000540     ti.targets.arm.rtsarm.aer4f : System.oer4f (.text:xdc_runtime_System_doPrint__I)
                  0000280c    00000004     libdma_xwr16xx.aer4f : dma.oer4f (.text:DMA_init)
                  00002810    000004f0     sysbios.aer4f : BIOS.obj (.text:ti_sysbios_knl_Semaphore_pend__E)
                  00002d00    000003e8     libdma_xwr16xx.aer4f : dma.oer4f (.text:DMA_open)
                  000030e8    00000008     libosal_xwr16xx.aer4f : HwiP_tirtos.oer4f (.text:HwiP_restore)
                  000030f0    000003e4     sysbios.aer4f : BIOS.obj (.text:ti_sysbios_knl_Task_Instance_finalize__E)
                  000034d4    00000398     libmailbox_xwr16xx.aer4f : mailbox.oer4f (.text:Mailbox_open)
                  0000386c    00000004     libosal_xwr16xx.aer4f : HwiP_tirtos.oer4f (.text:HwiP_disableInterrupt)
                  00003870    00000370     sysbios.aer4f : BIOS.obj (.text:ti_sysbios_heaps_HeapMem_freeUnprotected__E)
                  00003be0    0000034c                   : BIOS.obj (.text:ti_sysbios_knl_Task_sleep__E)
                  00003f2c    00000338     libcrc_xwr16xx.aer4f : crc.oer4f (.text:CRC_open)
                  00004264    00000324     rtsv7R4_T_le_v3D16_eabi.lib : trgdrv.obj (.text)
                  00004588    00000314                                 : lowlev.obj (.text)
                  0000489c    00000004     libspi_xwr16xx.aer4f : mibspi_dma.oer4f (.text:MIBSPI_init)
                  000048a0    00000304     sysbios.aer4f : BIOS.obj (.text:ti_sysbios_heaps_HeapMem_allocUnprotected__E)
                  00004ba4    0000000c     libosal_xwr16xx.aer4f : HwiP_tirtos.oer4f (.text:HwiP_disable)
                  00004bb0    000002fc     sysbios.aer4f : BIOS.obj (.text:ti_sysbios_family_arm_exc_Exception_excDumpContext__I)
                  00004eac    000002f8     libspi_xwr16xx.aer4f : mibspi_dma.oer4f (.text:MIBSPI_initMaster)
                  000051a4    000002d0     libdma_xwr16xx.aer4f : dma.oer4f (.text:DMA_setChannelParams)
                  00005474    000002c8     libsoc_xwr16xx.aer4f : soc_xwr16xx_mss.oer4f (.text:SOC_deviceInit)
                  0000573c    00000004     libspi_xwr16xx.aer4f : mibspi_dma.oer4f (.text:MIBSPI_serviceISR)
                  00005740    000002c8     sysbios.aer4f : BIOS.obj (.text:ti_sysbios_family_arm_v7r_vim_Hwi_dispatchIRQC__I)
                  00005a08    00000008     libmmwave_xwr16xx.aer4f : mmwave_link.oer4f (.text:MMWave_disableDevice)
                  00005a10    000002c4     sysbios.aer4f : BIOS.obj (.text:ti_sysbios_timers_rti_Timer_Module_startup__E)
                  00005cd4    000002b8     rtsv7R4_T_le_v3D16_eabi.lib : ull_div32.obj (.text)
                  00005f8c    00000004     libmmwave_xwr16xx.aer4f : mmwave_link.oer4f (.text:MMWave_maskHostIRQ)
                  00005f90    000002b4     sysbios.aer4f : BIOS.obj (.text:ti_sysbios_knl_Task_Instance_init__E)
                  00006244    0000000c     libmmwave_xwr16xx.aer4f : mmwave_link.oer4f (.text:MMWave_mboxCallbackFxn)
                  00006250    000002b4     sysbios.aer4f : BIOS.obj (.text:ti_sysbios_knl_Task_Module_startup__E)
                  00006504    0000000c     rtsv7R4_T_le_v3D16_eabi.lib : copy_zero_init.obj (.text:decompress:ZI)
                  00006510    00000294     sysbios.aer4f : BIOS.obj (.text:ti_sysbios_family_arm_exc_Exception_excHandler__I)
                  000067a4    0000000c     libmmwavelink_xwr16xx.aer4f : rl_driver.oer4f (.text:rlDriverGetHandle)
                  000067b0    00000248     sysbios.aer4f : BIOS.obj (.text:ti_sysbios_knl_Event_post__E)
                  000069f8    0000023c     libmmwave_xwr16xx.aer4f : mmwave_xwr16xx.oer4f (.text:MMWave_deviceExecuteFxn)
                  00006c34    00000218     libmmwavelink_xwr16xx.aer4f : rl_driver.oer4f (.text:rlDriverMsgRead)
                  00006e4c    00000004     libmmwave_xwr16xx.aer4f : mmwave_link.oer4f (.text:MMWave_mboxClose)
                  00006e50    00000218     sysbios.aer4f : BIOS.obj (.text:ti_sysbios_knl_Semaphore_post__E)
                  00007068    000001fc     libmmwavelink_xwr16xx.aer4f : rl_driver.oer4f (.text:rlDriverRxHdrRead)
                  00007264    0000000c     sysbios.aer4f : BIOS.obj (.text:ti_sysbios_family_arm_v7a_Pmu_configureCounterI__I)
                  00007270    000001f8                   : BIOS.obj (.text:ti_sysbios_heaps_HeapMem_Instance_init__E)
                  00007468    00000008     libmmwave_xwr16xx.aer4f : mmwave_link.oer4f (.text:MMWave_enableDevice)
                  00007470    000001e4     sysbios.aer4f : BIOS.obj (.text:ti_sysbios_family_arm_v7r_vim_Hwi_reconfig__E)
                  00007654    000001e0     libmmwave_xwr16xx.aer4f : mmwave_link.oer4f (.text:MMWave_setupLink)
                  00007834    000001c8     rtsv7R4_T_le_v3D16_eabi.lib : fopen.obj (.text)
                  000079fc    000001c4     libmailbox_xwr16xx.aer4f : mailbox.oer4f (.text:Mailbox_write)
                  00007bc0    000001c4     sysbios.aer4f : BIOS.obj (.text:ti_sysbios_knl_Clock_workFunc__E)
                  00007d84    000001c4     ti.targets.arm.rtsarm.aer4f : Error.oer4f (.text:xdc_runtime_Error_policyDefault__E)
                  00007f48    000001be     libmmwave_xwr16xx.aer4f : mmwave_xwr16xx.oer4f (.text:MMWave_serializeCfg)
                  00008106    00000002     --HOLE-- [fill = 0]
                  00008108    000001a8     libmmwavelink_xwr16xx.aer4f : rl_driver.oer4f (.text:rlDriverSendResponse)
                  000082b0    000001a0     sysbios.aer4f : BIOS.obj (.text:ti_sysbios_knl_Swi_run__I)
                  00008450    00000198     libcrc_xwr16xx.aer4f : crc.oer4f (.text:CRC_computeSignature)
                  000085e8    00000194     libmmwavelink_xwr16xx.aer4f : rl_driver.oer4f (.text:rlDriverProcRdMsg)
                  0000877c    00000004     libmmwave_xwr16xx.aer4f : mmwave_link.oer4f (.text:MMWave_mboxRead)
                  00008780    0000018c     sysbios.aer4f : BIOS.obj (.text:ti_sysbios_family_arm_v7r_vim_Hwi_Instance_init__E)
                  0000890c    00000188     libdma_xwr16xx.aer4f : dma.oer4f (.text:DMA_disableInterrupt)
                  00008a94    00000188     mss_mmw_per4f.oer4f (.text:xdc_runtime_System_printfExtend__I)
                  00008c1c    00000180     libmmwave_xwr16xx.aer4f : mmwave_xwr16xx.oer4f (.text:MMWave_deviceInitFxn)
                  00008d9c    00000180     mss_main.obj (.text:main)
                  00008f1c    0000017c     ti.targets.arm.rtsarm.aer4f : Core-mem.oer4f (.text:xdc_runtime_Core_createObject__I)
                  00009098    00000008     libmmwave_xwr16xx.aer4f : mmwave_listlib.oer4f (.text:MMWave_listGetHead)
                  000090a0    00000174     sysbios.aer4f : BIOS.obj (.text:ti_sysbios_heaps_HeapBuf_Module_startup__E)
                  00009214    0000000c                   : tms570_Core_asm.obj (.text:ti_sysbios_family_arm_v7r_tms570_Core_getId__E)
                  00009220    00000170                   : BIOS.obj (.text:ti_sysbios_family_arm_v7r_vim_Hwi_Module_startup__E)
                  00009390    00000168     libspi_xwr16xx.aer4f : mibspi_dma.oer4f (.text:MIBSPI_control)
                  000094f8    0000015c     libmailbox_xwr16xx.aer4f : mailbox.oer4f (.text:Mailbox_read)
                  00009654    0000015c     libmmwavelink_xwr16xx.aer4f : rl_driver.oer4f (.text:rlDriverRdVerifyAsync)
                  000097b0    00000158     ti.targets.arm.rtsarm.aer4f : Startup.oer4f (.text:xdc_runtime_Startup_startMods__I)
                  00009908    00000154     libmmwavelink_xwr16xx.aer4f : rl_driver.oer4f (.text:rlDriverRdVerifyCmd)
                  00009a5c    00000004     libmmwave_xwr16xx.aer4f : mmwave_link.oer4f (.text:MMWave_unmaskHostIRQ)
                  00009a60    00000154     sysbios.aer4f : BIOS.obj (.text:ti_sysbios_knl_Task_exit__E)
                  00009bb4    0000014c     libspi_xwr16xx.aer4f : mibspi_dma.oer4f (.text:MIBSPI_ISR)
                  00009d00    00000144     libdma_xwr16xx.aer4f : dma.oer4f (.text:DMA_enableInterrupt)
                  00009e44    00000144     libmmwavelink_xwr16xx.aer4f : rl_driver.oer4f (.text:rlDriverRdVerifyRsp)
                  00009f88    00000144     ti.targets.arm.rtsarm.aer4f : Core-smem.oer4f (.text:xdc_runtime_Core_constructObject__I)
                  0000a0cc    00000140     libmmwavelink_xwr16xx.aer4f : rl_protocol.oer4f (.text:rlMsgParseSbcGet)
                  0000a20c    0000013c     libmmwave_xwr16xx.aer4f : mmwave_link.oer4f (.text:MMWave_computeCRC)
                  0000a348    00000138     rtsv7R4_T_le_v3D16_eabi.lib : fputs.obj (.text)
                  0000a480    00000138     sysbios.aer4f : BIOS.obj (.text:ti_sysbios_family_arm_v7a_Pmu_configureCounter__E)
                  0000a5b8    00000008     libmmwave_xwr16xx.aer4f : mmwave_listlib.oer4f (.text:MMWave_listGetNext)
                  0000a5c0    00000138     sysbios.aer4f : BIOS.obj (.text:ti_sysbios_knl_Task_schedule__I)
                  0000a6f8    00000008     libmmwave_xwr16xx.aer4f : mmwave_link.oer4f (.text:MMWave_registerInterruptHandler)
                  0000a700    00000134     sysbios.aer4f : BIOS.obj (.text:ti_sysbios_knl_Task_checkStacks__E)
                  0000a834    0000000c     ti.targets.arm.rtsarm.aer4f : SysStd.oer4f (.text:xdc_runtime_SysStd_exit__E)
                  0000a840    00000130     sysbios.aer4f : BIOS.obj (.text:ti_sysbios_knl_Task_postInit__I)
                  0000a970    00000130                   : BIOS.obj (.text:ti_sysbios_knl_Task_startCore__E)
                  0000aaa0    00000130                   : BIOS.obj (.text:ti_sysbios_timers_rti_Timer_getFreq__E)
                  0000abd0    00000129     libspi_xwr16xx.aer4f : mibspi_dma.oer4f (.text:MIBSPI_close)
                  0000acf9    00000003     --HOLE-- [fill = 0]
                  0000acfc    00000124     libmmwavelink_xwr16xx.aer4f : rl_driver.oer4f (.text:rlDriverInit)
                  0000ae20    00000124     sysbios.aer4f : BIOS.obj (.text:ti_sysbios_gates_GateMutex_enter__E)
                  0000af44    00000008     libmmwave_xwr16xx.aer4f : mmwave_link.oer4f (.text:MMWave_waitIRQStatus)
                  0000af4c    00000004     mss_mmw_per4f.oer4f (.text:ti_sysbios_BIOS_RtsGateProxy_enter__E)
                  0000af50    00000120     sysbios.aer4f : BIOS.obj (.text:ti_sysbios_knl_Swi_post__E)
                  0000b070    0000011c     libmmwave_xwr16xx.aer4f : mmwave_fullcfg.oer4f (.text:MMWave_addChirp)
                  0000b18c    00000118                             : mmwave.oer4f (.text:MMWave_init)
                  0000b2a4    00000118     libmmwavelink_xwr16xx.aer4f : rl_protocol.oer4f (.text:rlMsgParseRxCommand)
                  0000b3bc    00000114     libspi_xwr16xx.aer4f : mibspi_dma.oer4f (.text:MIBSPI_sysDmaSetChanParams)
                  0000b4d0    00000114                          : mibspi_dma.oer4f (.text:MIBSPI_transfer)
                  0000b5e4    00000008     mss_mmw_per4f.oer4f (.text:ti_sysbios_family_arm_TaskSupport_Module__startupDone__S)
                  0000b5ec    00000004     mss_mmw_per4f.oer4f (.text:ti_sysbios_BIOS_RtsGateProxy_leave__E)
                  0000b5f0    00000114     sysbios.aer4f : BIOS.obj (.text:ti_sysbios_timers_rti_Timer_startup__E)
                  0000b704    00000108     libmailbox_xwr16xx.aer4f : mailbox.oer4f (.text:Mailbox_close)
                  0000b80c    00000004     mss_mmw_per4f.oer4f (.text:ti_sysbios_BIOS_nullFunc__I)
                  0000b810    00000108     sysbios.aer4f : BIOS.obj (.text:ti_sysbios_knl_Semaphore_Instance_init__E)
                  0000b918    00000104     libpinmux_xwr16xx.aer4f : pinmux.oer4f (.text:Pinmux_Set_OverrideCtrl)
                  0000ba1c    00000100     libdma_xwr16xx.aer4f : dma.oer4f (.text:DMA_assignChannel)
                  0000bb1c    000000fc     mss_main.obj (.text:MmwDemo_mssMmwaveEventCallbackFxn)
                  0000bc18    00000008     sysbios.aer4f : BIOS.obj (.text:ti_sysbios_family_arm_v7a_Pmu_getEnabled__E)
                  0000bc20    000000fc                   : BIOS.obj (.text:ti_sysbios_knl_Task_blockI__E)
                  0000bd1c    000000f8     libspi_xwr16xx.aer4f : mibspi_dma.oer4f (.text:MIBSPI_sysDmaIntHandler)
                  0000be14    000000f8     libmmwave_xwr16xx.aer4f : mmwave_fullcfg.oer4f (.text:MMWave_getChirpHandle)
                  0000bf0c    00000004     mss_mmw_per4f.oer4f (.text:ti_sysbios_family_arm_v7r_vim_Hwi_delete)
                  0000bf10    000000f4     sysbios.aer4f : BIOS.obj (.text:ti_sysbios_family_arm_v7r_vim_Hwi_mapChannel__I)
                  0000c004    00000008     ti.targets.arm.rtsarm.aer4f : Error.oer4f (.text:xdc_runtime_Error_getSite__E)
                  0000c00c    00000004     mss_mmw_per4f.oer4f (.text:ti_sysbios_heaps_HeapMem_Module_GateProxy_enter__E)
                  0000c010    000000f4     sysbios.aer4f : BIOS.obj (.text:ti_sysbios_knl_Task_unblockI__E)
                  0000c104    000000f2     ti.targets.arm.rtsarm.aer4f : Text.oer4f (.text:xdc_runtime_Text_putSite__E)
                  0000c1f6    00000002     --HOLE-- [fill = 0]
                  0000c1f8    000000ec     libdma_xwr16xx.aer4f : dma.oer4f (.text:DMA_deleteInstance)
                  0000c2e4    000000ec     libsoc_xwr16xx.aer4f : soc_xwr16xx_mss.oer4f (.text:SOC_unhaltDSS)
                  0000c3d0    000000ec     auto_init.aer4f : auto_init.oer4f (.text)
                  0000c4bc    000000ec     rtsv7R4_T_le_v3D16_eabi.lib : s_scalbn.obj (.text)
                  0000c5a8    000000e8     libmmwave_xwr16xx.aer4f : mmwave_fullcfg.oer4f (.text:MMWave_addProfile)
                  0000c690    000000e8                             : mmwave_link.oer4f (.text:MMWave_asyncEventHandler)
                  0000c778    000000e4     libesm_xwr16xx.aer4f : esm.oer4f (.text:ESM_highpriority_FIQ)
                  0000c85c    000000e4     libmmwavelink_xwr16xx.aer4f : rl_device.oer4f (.text:rlDevicePowerOn)
                  0000c940    000000e4                                 : rl_protocol.oer4f (.text:rlMsgParseSbcSet)
                  0000ca24    000000e4     ti.targets.arm.rtsarm.aer4f : Text.oer4f (.text:xdc_runtime_Text_putMod__E)
                  0000cb08    00000008                                 : SysStd.oer4f (.text:xdc_runtime_SysStd_ready__E)
                  0000cb10    000000e0     sysbios.aer4f : BIOS.obj (.text:ti_sysbios_family_arm_v7a_Pmu_startCounter__E)
                  0000cbf0    000000dc     rtsv7R4_T_le_v3D16_eabi.lib : setvbuf.obj (.text)
                  0000cccc    00000004     mss_mmw_per4f.oer4f (.text:ti_sysbios_heaps_HeapMem_Module_GateProxy_leave__E)
                  0000ccd0    000000dc     sysbios.aer4f : BIOS.obj (.text:ti_sysbios_family_arm_v7r_vim_Hwi_initIntController__I)
                  0000cdac    000000d8     libmmwavelink_xwr16xx.aer4f : rl_driver.oer4f (.text:rlDriverDeInit)
                  0000ce84    000000d4     libmmwave_xwr16xx.aer4f : mmwave_fullcfg.oer4f (.text:MMWave_flushCfg)
                  0000cf58    000000d4     libmmwavelink_xwr16xx.aer4f : rl_driver.oer4f (.text:rlDriverRdVerifyMsg)
                  0000d02c    000000d0     libgpio_xwr16xx.aer4f : gpio.oer4f (.text:GPIO_init)
                  0000d0fc    000000d0     libspi_xwr16xx.aer4f : mibspi_dma.oer4f (.text:MIBSPI_readDataRAM)
                  0000d1cc    000000d0     libmmwave_xwr16xx.aer4f : mmwave_fullcfg.oer4f (.text:MMWave_getChirpCfg)
                  0000d29c    000000d0     libmmwavelink_xwr16xx.aer4f : rl_driver.oer4f (.text:rlDriverMsgCmdReply)
                  0000d36c    000000d0                                 : rl_driver.oer4f (.text:rlDriverMsgWriteRspCtx)
                  0000d43c    000000d0     sysbios.aer4f : exc_Exception_asm.obj (.text:ti_sysbios_family_arm_exc_Exception_excHandlerAsm__I)
                  0000d50c    000000cc     libmmwave_xwr16xx.aer4f : mmwave_link.oer4f (.text:MMWave_initLink)
                  0000d5d8    000000cc     rtsv7R4_T_le_v3D16_eabi.lib : fflush.obj (.text)
                  0000d6a4    00000008     ti.targets.arm.rtsarm.aer4f : System.oer4f (.text:xdc_runtime_System_Module_startup__E)
                  0000d6ac    00000004     mss_mmw_per4f.oer4f (.text:ti_sysbios_knl_Clock_TimerProxy_getMaxTicks__E)
                  0000d6b0    000000cc     sysbios.aer4f : BIOS.obj (.text:ti_sysbios_timers_rti_Timer_initDevice__I)
                  0000d77c    00000004     mss_mmw_per4f.oer4f (.text:ti_sysbios_knl_Semaphore_delete)
                  0000d780    000000c4     sysbios.aer4f : BIOS.obj (.text:ti_sysbios_family_arm_v7r_vim_Hwi_Instance_finalize__E)
                  0000d844    000000c0     libesm_xwr16xx.aer4f : esm.oer4f (.text:ESM_init)
                  0000d904    000000c0     libosal_xwr16xx.aer4f : HwiP_tirtos.oer4f (.text:HwiP_create)
                  0000d9c4    000000c0     libmmwavelink_xwr16xx.aer4f : rl_driver.oer4f (.text:rlDriverAsyncEventHandler)
                  0000da84    000000b8     libmailbox_xwr16xx.aer4f : mailbox.oer4f (.text:Mailbox_init)
                  0000db3c    000000b8     libsoc_xwr16xx.aer4f : soc.oer4f (.text:SOC_init)
                  0000dbf4    000000b6                          : soc_mpu.o (.text)
                  0000dcaa    00000002     --HOLE-- [fill = 0]
                  0000dcac    000000b4     libdma_xwr16xx.aer4f : dma.oer4f (.text:DMA_disableChannel)
                  0000dd60    000000b4                          : dma.oer4f (.text:DMA_enableChannel)
                  0000de14    000000b4     libmmwave_xwr16xx.aer4f : mmwave_fullcfg.oer4f (.text:MMWave_getProfileCfg)
                  0000dec8    000000b4     libmmwavelink_xwr16xx.aer4f : rl_driver.oer4f (.text:rlDriverOsiInit)
                  0000df7c    00000004     mss_mmw_per4f.oer4f (.text:xdc_runtime_Startup_reset__I)
                  0000df80    000000b4     sysbios.aer4f : BIOS.obj (.text:ti_sysbios_knl_Swi_restoreHwi__E)
                  0000e034    000000b4     ti.targets.arm.rtsarm.aer4f : Memory.oer4f (.text:xdc_runtime_Memory_alloc__E)
                  0000e0e8    000000b2     libdma_xwr16xx.aer4f : dma.oer4f (.text:DMA_berISR)
                  0000e19a    00000002     --HOLE-- [fill = 0]
                  0000e19c    000000b2                          : dma.oer4f (.text:DMA_btcISR)
                  0000e24e    00000002     --HOLE-- [fill = 0]
                  0000e250    000000b2                          : dma.oer4f (.text:DMA_ftcISR)
                  0000e302    00000002     --HOLE-- [fill = 0]
                  0000e304    000000b2                          : dma.oer4f (.text:DMA_hbcISR)
                  0000e3b6    00000002     --HOLE-- [fill = 0]
                  0000e3b8    000000b2                          : dma.oer4f (.text:DMA_lfsISR)
                  0000e46a    000000ae     rtsv7R4_T_le_v3D16_eabi.lib : _io_perm.obj (.text)
                  0000e518    000000ac     libmmwave_xwr16xx.aer4f : mmwave_link.oer4f (.text:MMWave_deinitLink)
                  0000e5c4    000000ac     libmailbox_xwr16xx.aer4f : mailbox.oer4f (.text:Mailbox_readFlush)
                  0000e670    000000a8     sysbios.aer4f : BIOS.obj (.text:ti_sysbios_knl_Swi_schedule__I)
                  0000e718    000000a5     ti.targets.arm.rtsarm.aer4f : System.oer4f (.text:xdc_runtime_System_formatNum__I)
                  0000e7bd    00000003     --HOLE-- [fill = 0]
                  0000e7c0    000000a4     libmmwave_xwr16xx.aer4f : mmwave_xwr16xx.oer4f (.text:MMWave_deviceEventFxn)
                  0000e864    000000a4     ti.targets.arm.rtsarm.aer4f : Error.oer4f (.text:xdc_runtime_Error_print__E)
                  0000e908    000000a0     libspi_xwr16xx.aer4f : mibspi_dma.oer4f (.text:MIBSPI_writeDataRAM)
                  0000e9a8    000000a0     libmmwave_xwr16xx.aer4f : mmwave_fullcfg.oer4f (.text:MMWave_getNumChirps)
                  0000ea48    0000009f     ti.targets.arm.rtsarm.aer4f : Text.oer4f (.text:xdc_runtime_Text_putLab__E)
                  0000eae7    00000001     --HOLE-- [fill = 0]
                  0000eae8    0000009c     libpinmux_xwr16xx.aer4f : pinmux.oer4f (.text:Pinmux_Set_FuncSel)
                  0000eb84    0000009c     rtsv7R4_T_le_v3D16_eabi.lib : memcpy_t2.obj (.text)
                  0000ec20    0000009c     sysbios.aer4f : BIOS.obj (.text:ti_sysbios_knl_Clock_logTick__E)
                  0000ecbc    00000098     libmmwavelink_xwr16xx.aer4f : rl_driver.oer4f (.text:rlDriverHostIrqHandler)
                  0000ed54    00000098     rtsv7R4_T_le_v3D16_eabi.lib : fclose.obj (.text)
                  0000edec    00000098                                 : fputc.obj (.text)
                  0000ee84    00000098     sysbios.aer4f : vim_Hwi_asm_switch.obj (.text)
                  0000ef1c    00000098     ti.targets.arm.rtsarm.aer4f : Core-mem.oer4f (.text:xdc_runtime_Core_deleteObject__I)
                  0000efb4    00000094     libmmwave_xwr16xx.aer4f : mmwave_xwr16xx.oer4f (.text:MMWave_deviceDeinitFxn)
                  0000f048    00000094     sysbios.aer4f : vim_Hwi_asm.obj (.text:ti_sysbios_family_arm_v7r_vim_Hwi_dispatchIRQ__I)
                  0000f0dc    00000090     libmmwave_xwr16xx.aer4f : mmwave_xwr16xx.oer4f (.text:MMWave_deviceCfgFxn)
                  0000f16c    00000004     ti.targets.arm.rtsarm.aer4f : SysStd.oer4f (.text:xdc_runtime_SysStd_putch__E)
                  0000f170    00000090     sysbios.aer4f : BIOS.obj (.text:ti_sysbios_heaps_HeapMem_alloc__E)
                  0000f200    0000008c     libcrc_xwr16xx.aer4f : crc.oer4f (.text:CRC_getSignature)
                  0000f28c    0000008c     libmailbox_xwr16xx.aer4f : mailbox.oer4f (.text:Mailbox_boxEmptyISRProcessing)
                  0000f318    0000008c                              : mailbox.oer4f (.text:Mailbox_boxFullISRProcessing)
                  0000f3a4    0000008c     mss_main.obj (.text:SPITask)
                  0000f430    0000008c     libosal_xwr16xx.aer4f : SemaphoreP_tirtos.oer4f (.text:SemaphoreP_create)
                  0000f4bc    0000008c     libmmwavelink_xwr16xx.aer4f : rl_driver.oer4f (.text:rlDriverCalChkSum)
                  0000f548    00000004     mss_mmw_per4f.oer4f (.text:xdc_runtime_System_Module_GateProxy_enter__E)
                  0000f54c    00000004     mss_mmw_per4f.oer4f (.text:xdc_runtime_System_Module_GateProxy_leave__E)
                  0000f550    0000008c     sysbios.aer4f : BIOS.obj (.text:ti_sysbios_knl_Swi_runLoop__I)
                  0000f5dc    0000008c     ti.targets.arm.rtsarm.aer4f : Startup.oer4f (.text:xdc_runtime_Startup_exec__E)
                  0000f668    00000088     libcrc_xwr16xx.aer4f : crc.oer4f (.text:CRC_getTransactionId)
                  0000f6f0    00000088     libdma_xwr16xx.aer4f : dma.oer4f (.text:DMA_freeChannel)
                  0000f778    00000088     libmmwave_xwr16xx.aer4f : mmwave_link.oer4f (.text:MMWave_spawn)
                  0000f800    00000088     libmmwavelink_xwr16xx.aer4f : rl_driver.oer4f (.text:rlDriverSendMsg)
                  0000f888    00000088     mss_mmw_per4f.oer4f (.text:ti_sysbios_family_arm_v7r_vim_Hwi_create)
                  0000f910    00000084     libmmwave_xwr16xx.aer4f : mmwave_xwr16xx.oer4f (.text:MMWave_deviceStartFxn)
                  0000f994    00000084                             : mmwave_xwr16xx.oer4f (.text:MMWave_deviceStopFxn)
                  0000fa18    00000084                             : mmwave_link.oer4f (.text:MMWave_mboxOpen)
                  0000fa9c    00000084     libmmwavelink_xwr16xx.aer4f : rl_device.oer4f (.text:rlDevicePowerOff)
                  0000fb20    00000084     sysbios.aer4f : BIOS.obj (.text:ti_sysbios_heaps_HeapMem_getStats__E)
                  0000fba4    00000004     ti.targets.arm.rtsarm.aer4f : System.oer4f (.text:xdc_runtime_System_aprintf_va__F)
                  0000fba8    00000004                                 : System.oer4f (.text:xdc_runtime_System_printf_va__F)
                  0000fbac    00000004     --HOLE-- [fill = 0]
                  0000fbb0    00000084     sysbios.aer4f : BIOS.obj (.text:ti_sysbios_knl_Swi_startup__E)
                  0000fc34    00000080     libmailbox_xwr16xx.aer4f : mailbox.oer4f (.text:Mailbox_boxFullISRMssDss)
                  0000fcb4    00000080     libmmwavelink_xwr16xx.aer4f : rl_driver.oer4f (.text:rlDriverMsgReadSpawnCtx)
                  0000fd34    00000080     mss_mmw_per4f.oer4f (.text:ti_sysbios_knl_Task_create)
                  0000fdb4    00000080     ti.targets.arm.rtsarm.aer4f : Text.oer4f (.text:xdc_runtime_Text_visitRope2__I)
                  0000fe34    0000007d     libspi_xwr16xx.aer4f : mibspi_dma.oer4f (.text:MIBSPI_sysDmaChanDeInit)
                  0000feb1    00000003     --HOLE-- [fill = 0]
                  0000feb4    0000007c     sysbios.aer4f : arm_TaskSupport_asm.obj (.text:_ti_sysbios_family_arm_TaskSupport_buildTaskStack)
                  0000ff30    0000007c     ti.targets.arm.rtsarm.aer4f : Assert.oer4f (.text:xdc_runtime_Assert_raise__I)
                  0000ffac    0000007a     rtsv7R4_T_le_v3D16_eabi.lib : memset_t2.obj (.text)
                  00010026    00000002     --HOLE-- [fill = 0]
                  00010028    00000078     libmmwavelink_xwr16xx.aer4f : rl_protocol.oer4f (.text:rlMsgGetResponseOpcode)
                  000100a0    00000074     libcrc_xwr16xx.aer4f : crc.oer4f (.text:CRC_resetSignature)
                  00010114    00000074     libspi_xwr16xx.aer4f : mibspi_dma.oer4f (.text:MIBSPI_sysDmaChanInit)
                  00010188    00000074     libmmwave_xwr16xx.aer4f : mmwave.oer4f (.text:MMWave_execute)
                  000101fc    00000074     boot.aer4f : boot.oer4f (.text)
                  00010270    00000074     rtsv7R4_T_le_v3D16_eabi.lib : s_frexp.obj (.text)
                  000102e4    00000070     libmmwavelink_xwr16xx.aer4f : rl_driver.oer4f (.text:rlDriverVerifyCRC)
                  00010354    00000070     rtsv7R4_T_le_v3D16_eabi.lib : printf.obj (.text)
                  000103c4    0000000c                                 : fputc.obj (.tramp.putchar.1)
                  000103d0    00000070     sysbios.aer4f : BIOS.obj (.text:ti_sysbios_family_arm_v7r_vim_Hwi_getStackInfo__E)
                  00010440    00000070                   : BIOS.obj (.text:ti_sysbios_family_arm_v7r_vim_Hwi_phantomIntHandler__I)
                  000104b0    0000006c     libmailbox_xwr16xx.aer4f : mailbox.oer4f (.text:Mailbox_writeReset)
                  0001051c    0000006c     rtsv7R4_T_le_v3D16_eabi.lib : copy_decompress_lzss.obj (.text:decompress:lzss)
                  00010588    0000006c                                 : trgmsg.obj (.text)
                  000105f4    0000000c                                 : fflush.obj (.tramp.fflush.1)
                  00010600    0000006c     sysbios.aer4f : BIOS.obj (.text:ti_sysbios_heaps_HeapMem_init__I)
                  0001066c    00000004     --HOLE-- [fill = 0]
                  00010670    0000006c                   : BIOS.obj (.text:ti_sysbios_knl_Task_allBlockedFunction__I)
                  000106dc    00000068     mss_main.obj (.text:MmwDemo_mmWaveCtrlTask)
                  00010744    00000068     libmmwavelink_xwr16xx.aer4f : rl_protocol.oer4f (.text:rlMsgSbcFunPtrAddrGet)
                  000107ac    00000068     ti.targets.arm.rtsarm.aer4f : Error.oer4f (.text:xdc_runtime_Error_setX__E)
                  00010814    00000064     libmmwave_xwr16xx.aer4f : mmwave_link.oer4f (.text:MMWave_executeLink)
                  00010878    00000064     libsoc_xwr16xx.aer4f : soc.oer4f (.text:SOC_unhaltBSS)
                  000108dc    00000064     libmmwavelink_xwr16xx.aer4f : rl_protocol.oer4f (.text:rlMsgParseRxMsg)
                  00010940    00000064     rtsv7R4_T_le_v3D16_eabi.lib : fseek.obj (.text)
                  000109a4    00000064                                 : sprintf.obj (.text)
                  00010a08    00000064     sysbios.aer4f : exc_Exception_asm.obj (.text:ti_sysbios_family_arm_exc_Exception_initCore0__I)
                  00010a6c    00000064     ti.targets.arm.rtsarm.aer4f : Core-params.oer4f (.text:xdc_runtime_Core_assignParams__I)
                  00010ad0    00000061     libspi_xwr16xx.aer4f : mibspi_dma.oer4f (.text:MIBSPI_enablePinSettings)
                  00010b31    00000001     --HOLE-- [fill = 0]
                  00010b32    0000000e     rtsv7R4_T_le_v3D16_eabi.lib : copy_decompress_none.obj (.text:decompress:none)
                  00010b40    00000060     sysbios.aer4f : BIOS.obj (.text:ti_sysbios_timers_rti_Timer_stop__E)
                  00010ba0    00000060     ti.targets.arm.rtsarm.aer4f : Text.oer4f (.text:xdc_runtime_Text_xprintf__I)
                  00010c00    0000005c     libcrc_xwr16xx.aer4f : crc.oer4f (.text:CSL_FINSR)
                  00010c5c    0000005c     libdma_xwr16xx.aer4f : dma.oer4f (.text:CSL_FINSR)
                  00010cb8    0000005c     libmailbox_xwr16xx.aer4f : mailbox.oer4f (.text:CSL_FINSR)
                  00010d14    0000005c     libpinmux_xwr16xx.aer4f : pinmux.oer4f (.text:CSL_FINSR)
                  00010d70    0000005c     libsoc_xwr16xx.aer4f : soc.oer4f (.text:CSL_FINSR)
                  00010dcc    0000005c                          : soc_xwr16xx.oer4f (.text:CSL_FINSR)
                  00010e28    0000005c                          : soc_xwr16xx_mss.oer4f (.text:CSL_FINSR)
                  00010e84    0000005c     libspi_xwr16xx.aer4f : mibspi_dma.oer4f (.text:CSL_FINSR)
                  00010ee0    0000005c                          : SPI.oer4f (.text:SPI_Params_init)
                  00010f3c    0000005c                          : SPI.oer4f (.text:SPI_init)
                  00010f98    00000008     mss_main.obj (.tramp.main.1)
                  00010fa0    0000005c     sysbios.aer4f : BIOS.obj (.text:ti_sysbios_family_arm_v7r_tms570_Core_Module_startup__E)
                  00010ffc    0000005c     ti.targets.arm.rtsarm.aer4f : Core-label.oer4f (.text:xdc_runtime_Core_assignLabel__I)
                  00011058    00000058     libspi_xwr16xx.aer4f : mibspi_dma.oer4f (.text:MIBSPI_transferGroupDisable)
                  000110b0    00000058     sysbios.aer4f : BIOS.obj (.text:ti_sysbios_family_arm_TaskSupport_start__E)
                  00011108    00000008     --HOLE-- [fill = 0]
                  00011110    00000058                   : BIOS.obj (.text:ti_sysbios_hal_Hwi_checkStack)
                  00011168    00000058     mss_mmw_per4f.oer4f (.text:ti_sysbios_rts_gnu_MemAlloc_alloc)
                  000111c0    00000054     libmmwave_xwr16xx.aer4f : mmwave_link.oer4f (.text:MMWave_mboxWrite)
                  00011214    00000054                             : mmwave.oer4f (.text:MMWave_sync)
                  00011268    00000054     libmmwavelink_xwr16xx.aer4f : rl_driver.oer4f (.text:rlDriverValidateHdr)
                  000112bc    00000054     rtsv7R4_T_le_v3D16_eabi.lib : i_div32.obj (.text)
                  00011310    00000054                                 : ltoa.obj (.text)
                  00011364    0000000c                                 : memset_t2.obj (.tramp.memset.1)
                  00011370    00000054     sysbios.aer4f : BIOS.obj (.text:ti_sysbios_hal_Hwi_initStack)
                  000113c4    00000054     mss_mmw_per4f.oer4f (.text:ti_sysbios_knl_Semaphore_create)
                  00011418    00000054     ti.targets.arm.rtsarm.aer4f : System.oer4f (.text:xdc_runtime_System_atexit__E)
                  0001146c    00000054                                 : System.oer4f (.text:xdc_runtime_System_putchar__I)
                  000114c0    00000053                                 : Text.oer4f (.text:xdc_runtime_Text_printVisFxn__I)
                  00011513    00000001     --HOLE-- [fill = 0]
                  00011514    00000050     libmmwave_xwr16xx.aer4f : mmwave_listlib.oer4f (.text:MMWave_listRemoveNode)
                  00011564    00000050     rtsv7R4_T_le_v3D16_eabi.lib : atoi.obj (.text)
                  000115b4    00000050                                 : exit.obj (.text)
                  00011604    00000050                                 : u_div32.obj (.text)
                  00011654    0000000c                                 : cpy_tbl.obj (.tramp.copy_in.1)
                  00011660    00000050     sysbios.aer4f : BIOS.obj (.text:ti_sysbios_knl_Semaphore_pendTimeout__I)
                  000116b0    0000004e     libcrc_xwr16xx.aer4f : crc.oer4f (.text:CRC_getCRCDataSelectBitValue)
                  000116fe    00000002     --HOLE-- [fill = 0]
                  00011700    0000004e                          : crc.oer4f (.text:CRC_getCRCTypeBitValue)
                  0001174e    00000002     --HOLE-- [fill = 0]
                  00011750    0000004e     libosal_xwr16xx.aer4f : HwiP_tirtos.oer4f (.text:HwiP_delete)
                  0001179e    00000002     --HOLE-- [fill = 0]
                  000117a0    0000004c     libsoc_xwr16xx.aer4f : soc.oer4f (.text:SOC_SystemISR)
                  000117ec    0000004c     libspi_xwr16xx.aer4f : SPI.oer4f (.text:SPI_open)
                  00011838    0000004c     libmmwavelink_xwr16xx.aer4f : rl_controller.oer4f (.text:rlAppendSubBlock)
                  00011884    0000004c     rtsv7R4_T_le_v3D16_eabi.lib : cpy_tbl.obj (.text)
                  000118d0    0000004c     mss_mmw_per4f.oer4f (.text:ti_sysbios_gates_GateHwi_Object__create__S)
                  0001191c    0000004c     mss_mmw_per4f.oer4f (.text:ti_sysbios_gates_GateMutex_Object__create__S)
                  00011968    0000004c     mss_mmw_per4f.oer4f (.text:ti_sysbios_heaps_HeapMem_Object__create__S)
                  000119b4    0000004c     mss_mmw_per4f.oer4f (.text:ti_sysbios_knl_Event_create)
                  00011a00    0000004c     mss_mmw_per4f.oer4f (.text:ti_sysbios_knl_Semaphore_construct)
                  00011a4c    00000048     libspi_xwr16xx.aer4f : mibspi_dma.oer4f (.text:MIBSPI_checkTGComplete)
                  00011a94    00000048     libsoc_xwr16xx.aer4f : soc_xwr16xx.oer4f (.text:SOC_setMMWaveDSSLinkState)
                  00011adc    00000048                          : soc_xwr16xx.oer4f (.text:SOC_setMMWaveMSSLinkState)
                  00011b24    00000048     ti.targets.arm.rtsarm.aer4f : System.oer4f (.text:xdc_runtime_System_processAtExit__E)
                  00011b6c    00000044     libcrc_xwr16xx.aer4f : crc.oer4f (.text:CRC_close)
                  00011bb0    00000044     libmmwave_xwr16xx.aer4f : mmwave_osal.oer4f (.text:MMWave_osalMutexCreate)
                  00011bf4    00000044                             : mmwave_osal.oer4f (.text:MMWave_osalSemCreate)
                  00011c38    00000044     libsoc_xwr16xx.aer4f : soc_xwr16xx_mss.oer4f (.text:SOC_waitBSSPowerUp)
                  00011c7c    00000044     libmmwavelink_xwr16xx.aer4f : rl_driver.oer4f (.text:rlDriverGetDeviceIndex)
                  00011cc0    00000044     mss_mmw_per4f.oer4f (.text:ti_sysbios_BIOS_atExitFunc__I)
                  00011d04    0000000c     --HOLE-- [fill = 0]
                  00011d10    00000044     sysbios.aer4f : BIOS.obj (.text:ti_sysbios_heaps_HeapMem_free__E)
                  00011d54    00000044     mss_mmw_per4f.oer4f (.text:ti_sysbios_knl_Clock_doTick__I)
                  00011d98    00000044     mss_mmw_per4f.oer4f (.text:ti_sysbios_knl_Queue_construct)
                  00011ddc    00000004     --HOLE-- [fill = 0]
                  00011de0    00000044     sysbios.aer4f : BIOS.obj (.text:ti_sysbios_knl_Swi_Module_startup__E)
                  00011e24    0000000c     --HOLE-- [fill = 0]
                  00011e30    00000044                   : BIOS.obj (.text:ti_sysbios_knl_Task_restoreHwi__E)
                  00011e74    0000000c     --HOLE-- [fill = 0]
                  00011e80    00000044                   : BIOS.obj (.text:ti_sysbios_timers_rti_Timer_periodicStub__E)
                  00011ec4    00000044     ti.targets.arm.rtsarm.aer4f : Text.oer4f (.text:xdc_runtime_Text_cordText__E)
                  00011f08    00000040     libgpio_xwr16xx.aer4f : gpio.oer4f (.text:GPIO_HighPriorityISR)
                  00011f48    00000040                           : gpio.oer4f (.text:GPIO_LowPriorityISR)
                  00011f88    00000040     ti.targets.arm.rtsarm.aer4f : System.oer4f (.text:xdc_runtime_System_avprintf__E)
                  00011fc8    0000003c     libcrc_xwr16xx.aer4f : crc.oer4f (.text:CRC_isTransactionIdValid)
                  00012004    0000003c     libmmwave_xwr16xx.aer4f : mmwave_listlib.oer4f (.text:MMWave_listCat)
                  00012040    0000003c                             : mmwave_listlib.oer4f (.text:MMWave_listRemove)
                  0001207c    0000003c     sysbios.aer4f : vim_Hwi_asm.obj (.text:ti_sysbios_family_arm_v7r_vim_Hwi_init__I)
                  000120b8    0000003c     ti.targets.arm.rtsarm.aer4f : System.oer4f (.text:xdc_runtime_System_vprintf__E)
                  000120f4    00000038     libgpio_xwr16xx.aer4f : gpio.oer4f (.text:GPIO_processInterrupt)
                  0001212c    00000038     libmmwavelink_xwr16xx.aer4f : rl_protocol.oer4f (.text:rlMsgSetSubBlockInfo)
                  00012164    00000038     mss_mmw_per4f.oer4f (.text:ti_sysbios_BIOS_startFunc__I)
                  0001219c    00000036     rtsv7R4_T_le_v3D16_eabi.lib : strncpy.obj (.text)
                  000121d2    00000002     --HOLE-- [fill = 0]
                  000121d4    00000034     libmailbox_xwr16xx.aer4f : mailbox.oer4f (.text:Mailbox_Config_init)
                  00012208    00000034     libmmwavelink_xwr16xx.aer4f : rl_protocol.oer4f (.text:rlMsgGetSubBlockInfo)
                  0001223c    00000034     mss_mmw_per4f.oer4f (.text:ti_sysbios_BIOS_errorRaiseHook__I)
                  00012270    00000034     mss_mmw_per4f.oer4f (.text:ti_sysbios_BIOS_registerRTSLock__I)
                  000122a4    00000034     mss_mmw_per4f.oer4f (.text:ti_sysbios_BIOS_removeRTSLock__I)
                  000122d8    00000034     mss_mmw_per4f.oer4f (.text:ti_sysbios_family_arm_v7r_vim_Hwi_Object__delete__S)
                  0001230c    00000034     mss_mmw_per4f.oer4f (.text:ti_sysbios_gates_GateMutex_Object__delete__S)
                  00012340    00000034     sysbios.aer4f : BIOS.obj (.text:ti_sysbios_knl_Clock_Module_startup__E)
                  00012374    0000000c     --HOLE-- [fill = 0]
                  00012380    00000034                   : BIOS.obj (.text:ti_sysbios_knl_Idle_run__E)
                  000123b4    00000034     mss_mmw_per4f.oer4f (.text:ti_sysbios_knl_Semaphore_Object__delete__S)
                  000123e8    00000034     ti.targets.arm.rtsarm.aer4f : Registry.oer4f (.text:xdc_runtime_Registry_findById__E)
                  0001241c    00000034                                 : SysStd.oer4f (.text:xdc_runtime_SysStd_abort__E)
                  00012450    00000030     libmmwave_xwr16xx.aer4f : mmwave_xwr16xx.oer4f (.text:MMWave_deviceSyncFxn)
                  00012480    00000030     mss_main.obj (.text:MmwDemo_mboxReadTask)
                  000124b0    00000030     libsoc_xwr16xx.aer4f : soc_xwr16xx.oer4f (.text:SOC_isMMWaveDSSOperational)
                  000124e0    00000030                          : soc_xwr16xx.oer4f (.text:SOC_isMMWaveMSSOperational)
                  00012510    00000030     libmmwave_xwr16xx.aer4f : mmwave_fullcfg.oer4f (.text:_MMWave_delChirp)
                  00012540    00000030     mss_mmw_per4f.oer4f (.text:ti_sysbios_BIOS_rtsLock__I)
                  00012570    00000030     sysbios.aer4f : BIOS.obj (.text:ti_sysbios_family_arm_v7r_vim_Hwi_disableInterrupt__E)
                  000125a0    00000030                   : BIOS.obj (.text:ti_sysbios_family_arm_v7r_vim_Hwi_enableInterrupt__E)
                  000125d0    00000030     mss_mmw_per4f.oer4f (.text:ti_sysbios_gates_GateHwi_Object__delete__S)
                  00012600    00000030     sysbios.aer4f : BIOS.obj (.text:ti_sysbios_gates_GateMutex_Instance_init__E)
                  00012630    00000030     mss_mmw_per4f.oer4f (.text:ti_sysbios_heaps_HeapMem_Object__delete__S)
                  00012660    00000030     ti.targets.arm.rtsarm.aer4f : Error.oer4f (.text:xdc_runtime_Error_check__E)
                  00012690    00000030                                 : Error.oer4f (.text:xdc_runtime_Error_raiseX__E)
                  000126c0    00000030                                 : Memory.oer4f (.text:xdc_runtime_Memory_valloc__E)
                  000126f0    0000002c     libsoc_xwr16xx.aer4f : soc_xwr16xx.oer4f (.text:CSL_FEXTR)
                  0001271c    0000002c                          : soc_xwr16xx_mss.oer4f (.text:CSL_FEXTR)
                  00012748    0000002c     libspi_xwr16xx.aer4f : mibspi_dma.oer4f (.text:CSL_FEXTR)
                  00012774    0000002c     mss_mmw_per4f.oer4f (.text:ti_sysbios_gates_GateHwi_Handle__label__S)
                  000127a0    0000002c     mss_mmw_per4f.oer4f (.text:ti_sysbios_gates_GateMutex_Handle__label__S)
                  000127cc    0000002c     mss_mmw_per4f.oer4f (.text:ti_sysbios_heaps_HeapMem_Handle__label__S)
                  000127f8    0000002c     mss_mmw_per4f.oer4f (.text:ti_sysbios_knl_Semaphore_destruct)
                  00012824    0000000c     --HOLE-- [fill = 0]
                  00012830    0000002c     sysbios.aer4f : BIOS.obj (.text:ti_sysbios_knl_Task_enter__I)
                  0001285c    00000028     libcrc_xwr16xx.aer4f : crc.oer4f (.text:CRC_releaseTransactionId)
                  00012884    00000028     libsoc_xwr16xx.aer4f : soc.oer4f (.text:CSL_FEXTR)
                  000128ac    00000028     libmmwave_xwr16xx.aer4f : mmwave_listlib.oer4f (.text:MMWave_listAdd)
                  000128d4    00000028     libmailbox_xwr16xx.aer4f : mailbox.oer4f (.text:Mailbox_boxEmptyISRMssDss)
                  000128fc    00000028     libpinmux_xwr16xx.aer4f : pinmux.oer4f (.text:Pinmux_Unlock)
                  00012924    00000028     mss_mmw_per4f.oer4f (.text:free)
                  0001294c    00000028     libmmwavelink_xwr16xx.aer4f : rl_driver.oer4f (.text:rlDriverCalCRC)
                  00012974    00000028     mss_mmw_per4f.oer4f (.text:ti_sysbios_BIOS_rtsUnlock__I)
                  0001299c    00000004     --HOLE-- [fill = 0]
                  000129a0    00000028     sysbios.aer4f : BIOS.obj (.text:ti_sysbios_family_arm_v7a_Pmu_Module_startup__E)
                  000129c8    00000028     mss_mmw_per4f.oer4f (.text:ti_sysbios_family_arm_v7r_vim_Hwi_Module__startupDone__F)
                  000129f0    00000028     sysbios.aer4f : BIOS.obj (.text:ti_sysbios_gates_GateMutex_leave__E)
                  00012a18    00000028     mss_mmw_per4f.oer4f (.text:ti_sysbios_knl_Queue_destruct)
                  00012a40    00000028     mss_mmw_per4f.oer4f (.text:ti_sysbios_timers_rti_Timer_Module__startupDone__F)
                  00012a68    00000028     ti.targets.arm.rtsarm.aer4f : Error.oer4f (.text:xdc_runtime_Error_init__E)
                  00012a90    00000028                                 : System.oer4f (.text:xdc_runtime_System_abort__E)
                  00012ab8    00000028     mss_mmw_per4f.oer4f (.text:xdc_runtime_System_aprintf__E)
                  00012ae0    00000028     mss_mmw_per4f.oer4f (.text:xdc_runtime_System_printf__E)
                  00012b08    00000024     libcrc_xwr16xx.aer4f : crc.oer4f (.text:CRC_initConfigParams)
                  00012b2c    00000024     libosal_xwr16xx.aer4f : HwiP_tirtos.oer4f (.text:HwiP_Params_init)
                  00012b50    00000024     libspi_xwr16xx.aer4f : mibspi_dma.oer4f (.text:MIBSPI_transferGroupEnable)
                  00012b74    00000024                          : mibspi_dma.oer4f (.text:MIBSPI_transferSetPStart)
                  00012b98    00000024     libmmwave_xwr16xx.aer4f : mmwave_link.oer4f (.text:MMWave_translateErrorCode)
                  00012bbc    00000024     libmailbox_xwr16xx.aer4f : mailbox.oer4f (.text:Mailbox_boxEmptyISRBss)
                  00012be0    00000024                              : mailbox.oer4f (.text:Mailbox_boxFullISRBss)
                  00012c04    00000024     mss_main.obj (.text:MmwDemo_mssMmwaveStartCallbackFxn)
                  00012c28    00000024     libmmwavelink_xwr16xx.aer4f : rl_driver.oer4f (.text:rlDriverShiftDWord)
                  00012c4c    00000024     ti.targets.arm.rtsarm.aer4f : System.oer4f (.text:xdc_runtime_System_exit__E)
                  00012c70    00000021     libspi_xwr16xx.aer4f : mibspi_dma.oer4f (.text:MIBSPI_transferCancel)
                  00012c91    00000003     --HOLE-- [fill = 0]
                  00012c94    00000020     libmmwave_xwr16xx.aer4f : mmwave_osal.oer4f (.text:MMWave_osalMutexLock)
                  00012cb4    00000020                             : mmwave_osal.oer4f (.text:MMWave_osalSemWait)
                  00012cd4    00000020     libosal_xwr16xx.aer4f : DebugP_tirtos.oer4f (.text:_DebugP_assert)
                  00012cf4    00000020     libmmwave_xwr16xx.aer4f : mmwave_fullcfg.oer4f (.text:_MMWave_delProfile)
                  00012d14    00000020     libmmwavelink_xwr16xx.aer4f : rl_controller.oer4f (.text:rlAppendDummy)
                  00012d34    00000020     rtsv7R4_T_le_v3D16_eabi.lib : memchr.obj (.text)
                  00012d54    00000020     mss_mmw_per4f.oer4f (.text:ti_sysbios_BIOS_exitFunc__I)
                  00012d74    0000000c     --HOLE-- [fill = 0]
                  00012d80    00000020     sysbios.aer4f : BIOS.obj (.text:ti_sysbios_family_arm_v7r_vim_Hwi_clearInterrupt__E)
                  00012da0    00000020                   : BIOS.obj (.text:ti_sysbios_knl_Task_sleepTimeout__I)
                  00012dc0    0000001c     libcrc_xwr16xx.aer4f : crc.oer4f (.text:CRC_getSignatureRegister)
                  00012ddc    0000001c     libmmwave_xwr16xx.aer4f : mmwave_xwr16xx.oer4f (.text:MMWave_deviceGetDeviceInfo)
                  00012df8    0000001c                             : mmwave_osal.oer4f (.text:MMWave_osalMutexDelete)
                  00012e14    0000001c                             : mmwave_osal.oer4f (.text:MMWave_osalSemDelete)
                  00012e30    0000001c     libpinmux_xwr16xx.aer4f : pinmux.oer4f (.text:Pinmux_Lock)
                  00012e4c    0000001c     sysbios.aer4f : arm_TaskSupport_asm.obj (.text:_ti_sysbios_family_arm_TaskSupport_glue)
                  00012e68    0000001c     rtsv7R4_T_le_v3D16_eabi.lib : memccpy.obj (.text)
                  00012e84    0000001c     mss_mmw_per4f.oer4f (.text:ti_sysbios_heaps_HeapMem_Object__get__S)
                  00012ea0    0000001c     sysbios.aer4f : BIOS.obj (.text:ti_sysbios_knl_Event_Instance_init__E)
                  00012ebc    0000001c     mss_mmw_per4f.oer4f (.text:ti_sysbios_knl_Swi_Object__get__S)
                  00012ed8    0000001c     mss_mmw_per4f.oer4f (.text:xdc_runtime_Startup_exec__I)
                  00012ef4    0000001c     ti.targets.arm.rtsarm.aer4f : System.oer4f (.text:xdc_runtime_System_vsnprintf__E)
                  00012f10    0000001c                                 : Text.oer4f (.text:xdc_runtime_Text_ropeText__E)
                  00012f2c    0000001a     rtsv7R4_T_le_v3D16_eabi.lib : s_copysign.obj (.text)
                  00012f46    00000002     --HOLE-- [fill = 0]
                  00012f48    00000018     mss_main.obj (.text:MmwDemo_mssMmwaveConfigCallbackFxn)
                  00012f60    00000018     mss_main.obj (.text:MmwDemo_mssMmwaveStopCallbackFxn)
                  00012f78    00000018     libosal_xwr16xx.aer4f : SemaphoreP_tirtos.oer4f (.text:SemaphoreP_delete)
                  00012f90    00000018                           : SemaphoreP_tirtos.oer4f (.text:SemaphoreP_pend)
                  00012fa8    00000018     sysbios.aer4f : arm_TaskSupport_asm.obj (.text:_ti_sysbios_family_arm_TaskSupport_swap__E)
                  00012fc0    00000018     rtsv7R4_T_le_v3D16_eabi.lib : args_main.obj (.text)
                  00012fd8    00000018                                 : strcmp.obj (.text)
                  00012ff0    00000018     sysbios.aer4f : BIOS.obj (.text:ti_sysbios_BIOS_setThreadType__E)
                  00013008    00000008     --HOLE-- [fill = 0]
                  00013010    00000018                   : BIOS.obj (.text:ti_sysbios_BIOS_start__E)
                  00013028    00000018                   : BIOS.obj (.text:ti_sysbios_family_arm_v7a_Pmu_initCounters__I)
                  00013040    00000018                   : BIOS.obj (.text:ti_sysbios_hal_Hwi_Module_startup__E)
                  00013058    00000018     mss_mmw_per4f.oer4f (.text:ti_sysbios_heaps_HeapBuf_Object__get__S)
                  00013070    00000018     sysbios.aer4f : BIOS.obj (.text:ti_sysbios_knl_Idle_loop__E)
                  00013088    00000008     --HOLE-- [fill = 0]
                  00013090    00000018                   : BIOS.obj (.text:ti_sysbios_knl_Queue_empty__E)
                  000130a8    00000008     --HOLE-- [fill = 0]
                  000130b0    00000018                   : BIOS.obj (.text:ti_sysbios_knl_Swi_disable__E)
                  000130c8    00000018     mss_mmw_per4f.oer4f (.text:ti_sysbios_knl_Task_Object__get__S)
                  000130e0    00000018     sysbios.aer4f : BIOS.obj (.text:ti_sysbios_knl_Task_disable__E)
                  000130f8    00000018     mss_mmw_per4f.oer4f (.text:xdc_runtime_Text_visitRope__I)
                  00013110    00000016     rtsv7R4_T_le_v3D16_eabi.lib : strchr.obj (.text)
                  00013126    00000016                                 : strlen.obj (.text)
                  0001313c    00000014     libdma_xwr16xx.aer4f : dma.oer4f (.text:DMA_Params_init)
                  00013150    00000014     libmmwave_xwr16xx.aer4f : mmwave_osal.oer4f (.text:MMWave_osalMutexUnlock)
                  00013164    00000014                             : mmwave_osal.oer4f (.text:MMWave_osalSemSignal)
                  00013178    00000014     libosal_xwr16xx.aer4f : MemoryP_tirtos.oer4f (.text:MemoryP_ctrlAlloc)
                  0001318c    00000014                           : MemoryP_tirtos.oer4f (.text:MemoryP_ctrlFree)
                  000131a0    00000014     libspi_xwr16xx.aer4f : SPI.oer4f (.text:SPI_transfer)
                  000131b4    00000014     rtsv7R4_T_le_v3D16_eabi.lib : _lock.obj (.text)
                  000131c8    00000014                                 : strcpy.obj (.text)
                  000131dc    00000004     --HOLE-- [fill = 0]
                  000131e0    00000014     sysbios.aer4f : BIOS.obj (.text:ti_sysbios_family_arm_TaskSupport_checkStack__E)
                  000131f4    0000000c     --HOLE-- [fill = 0]
                  00013200    00000014                   : BIOS.obj (.text:ti_sysbios_family_arm_v7r_vim_Hwi_switchFromBootStack__E)
                  00013214    0000000c     --HOLE-- [fill = 0]
                  00013220    00000014                   : BIOS.obj (.text:ti_sysbios_gates_GateMutex_Instance_finalize__E)
                  00013234    0000000c     --HOLE-- [fill = 0]
                  00013240    00000014                   : BIOS.obj (.text:ti_sysbios_knl_Semaphore_Instance_finalize__E)
                  00013254    00000014     ti.targets.arm.rtsarm.aer4f : Gate.oer4f (.text:xdc_runtime_Gate_leaveSystem__E)
                  00013268    00000014     mss_mmw_per4f.oer4f (.text:xdc_runtime_IHeap_alloc)
                  0001327c    00000014     mss_mmw_per4f.oer4f (.text:xdc_runtime_IHeap_free)
                  00013290    00000014     ti.targets.arm.rtsarm.aer4f : Memory.oer4f (.text:xdc_runtime_Memory_calloc__E)
                  000132a4    00000014                                 : Memory.oer4f (.text:xdc_runtime_Memory_free__E)
                  000132b8    00000010     libmmwave_xwr16xx.aer4f : mmwave_xwr16xx.oer4f (.text:MMWave_deviceMailboxCallbackFxn)
                  000132c8    00000010     mss_main.obj (.text:MmwDemo_mboxCallback)
                  000132d8    00000010     libosal_xwr16xx.aer4f : SemaphoreP_tirtos.oer4f (.text:SemaphoreP_Params_init)
                  000132e8    00000010                           : SemaphoreP_tirtos.oer4f (.text:SemaphoreP_post)
                  000132f8    00000010     libmmwavelink_xwr16xx.aer4f : rl_controller.oer4f (.text:rlGetSubBlockId)
                  00013308    00000010                                 : rl_controller.oer4f (.text:rlGetSubBlockLen)
                  00013318    00000008     --HOLE-- [fill = 0]
                  00013320    00000010     sysbios.aer4f : BIOS.obj (.text:ti_sysbios_family_arm_TaskSupport_getStackAlignment__E)
                  00013330    00000010                   : BIOS.obj (.text:ti_sysbios_family_arm_exc_Exception_Module_startup__E)
                  00013340    00000010                   : BIOS.obj (.text:ti_sysbios_family_arm_v7a_Pmu_disableInterruptI__E)
                  00013350    00000010                   : BIOS.obj (.text:ti_sysbios_family_arm_v7a_Pmu_enableInterruptI__E)
                  00013360    00000010                   : BIOS.obj (.text:ti_sysbios_family_arm_v7a_Pmu_getNumCounters__E)
                  00013370    00000010                   : BIOS.obj (.text:ti_sysbios_family_arm_v7a_Pmu_startCounterI__E)
                  00013380    00000010                   : BIOS.obj (.text:ti_sysbios_family_arm_v7a_Pmu_stopCounterI__E)
                  00013390    00000010     mss_mmw_per4f.oer4f (.text:ti_sysbios_family_arm_v7r_vim_Hwi_Params__init__S)
                  000133a0    00000010     mss_mmw_per4f.oer4f (.text:ti_sysbios_knl_Queue_Object__get__S)
                  000133b0    00000010     mss_mmw_per4f.oer4f (.text:ti_sysbios_knl_Semaphore_Params__init__S)
                  000133c0    00000010     mss_mmw_per4f.oer4f (.text:ti_sysbios_knl_Task_Params__init__S)
                  000133d0    00000010     ti.targets.arm.rtsarm.aer4f : Gate.oer4f (.text:xdc_runtime_Gate_enterSystem__E)
                  000133e0    00000010                                 : Memory.oer4f (.text:xdc_runtime_Memory_getMaxDefaultTypeAlign__E)
                  000133f0    00000010                                 : Startup.oer4f (.text:xdc_runtime_Startup_rtsDone__E)
                  00013400    0000000c     sysbios.aer4f : BIOS.obj (.text:ti_sysbios_family_arm_v7r_vim_Hwi_startup__E)
                  0001340c    00000004     --HOLE-- [fill = 0]
                  00013410    0000000c                   : BIOS.obj (.text:ti_sysbios_gates_GateHwi_enter__E)
                  0001341c    00000004     --HOLE-- [fill = 0]
                  00013420    0000000c                   : BIOS.obj (.text:ti_sysbios_knl_Queue_Instance_init__E)
                  0001342c    00000004     --HOLE-- [fill = 0]
                  00013430    00000008                   : BIOS.obj (.text:ti_sysbios_gates_GateHwi_leave__E)
                  00013438    00000008     --HOLE-- [fill = 0]
                  00013440    00000008                   : BIOS.obj (.text:ti_sysbios_gates_GateHwi_query__E)
                  00013448    00000008     --HOLE-- [fill = 0]
                  00013450    00000008                   : BIOS.obj (.text:ti_sysbios_gates_GateMutex_query__E)
                  00013458    00000008     --HOLE-- [fill = 0]
                  00013460    00000008                   : BIOS.obj (.text:ti_sysbios_heaps_HeapMem_isBlocking__E)
                  00013468    00000008     --HOLE-- [fill = 0]
                  00013470    00000008                   : BIOS.obj (.text:ti_sysbios_timers_rti_Timer_getMaxTicks__E)
                  00013478    00000008     --HOLE-- [fill = 0]
                  00013480    00000004                   : BIOS.obj (.text:ti_sysbios_BIOS_linkedWithIncorrectBootLibrary__E)
                  00013484    0000000c     --HOLE-- [fill = 0]
                  00013490    00000004                   : BIOS.obj (.text:ti_sysbios_gates_GateHwi_Instance_init__E)
                  00013494    0000000c     --HOLE-- [fill = 0]
                  000134a0    00000004                   : BIOS.obj (.text:ti_sysbios_knl_Task_startup__E)

.const     0    000134a8    000024da     
                  000134a8    00001a98     mss_mmw_per4f.oer4f (.const:xdc_runtime_Text_charTab__A)
                  00014f40    00000101     rtsv7R4_T_le_v3D16_eabi.lib : ctype.obj (.const:.string:_ctypes_)
                  00015041    00000001     mss_mmw_per4f.oer4f (.const:xdc_runtime_Error_policy__C)
                  00015042    00000002     mss_mmw_per4f.oer4f (.const:ti_sysbios_family_arm_exc_Exception_Module__id__C)
                  00015044    00000100     libmmwavelink_xwr16xx.aer4f : rl_driver.oer4f (.const:$P$T0$1)
                  00015144    000000d8     mss_mmw_per4f.oer4f (.const:xdc_runtime_Text_nodeTab__A)
                  0001521c    00000080     mss_mmw_per4f.oer4f (.const:ti_sysbios_family_arm_v7r_vim_Hwi_channelMap__A)
                  0001529c    00000054     libspi_xwr16xx.aer4f : SPI.oer4f (.const:SPI_defaultParams)
                  000152f0    00000048     mss_mmw_per4f.oer4f (.const:.string)
                  00015338    0000003c     mss_mmw_per4f.oer4f (.const:ti_sysbios_knl_Task_Object__PARAMS__C)
                  00015374    00000030     mss_mmw_per4f.oer4f (.const:ti_sysbios_family_arm_v7r_vim_Hwi_Object__PARAMS__C)
                  000153a4    0000002c     libspi_xwr16xx.aer4f : SPI.oer4f (.const:SPI_defaultMasterParams)
                  000153d0    0000002c     mss_mmw_per4f.oer4f (.const:xdc_runtime_Startup_sfxnTab__A)
                  000153fc    00000028     mss_mmw_per4f.oer4f (.const:ti_sysbios_heaps_HeapMem_Module__FXNS__C)
                  00015424    00000024     mss_mmw_per4f.oer4f (.const:ti_sysbios_gates_GateHwi_Module__FXNS__C)
                  00015448    00000024     mss_mmw_per4f.oer4f (.const:ti_sysbios_gates_GateMutex_Module__FXNS__C)
                  0001546c    00000024     mss_mmw_per4f.oer4f (.const:ti_sysbios_heaps_HeapMem_Object__PARAMS__C)
                  00015490    00000024     mss_mmw_per4f.oer4f (.const:ti_sysbios_knl_Semaphore_Object__PARAMS__C)
                  000154b4    00000020     mss_mmw_per4f.oer4f (.const:ti_sysbios_family_arm_v7r_vim_Hwi_Object__DESC__C)
                  000154d4    00000020     mss_mmw_per4f.oer4f (.const:ti_sysbios_gates_GateHwi_Object__DESC__C)
                  000154f4    00000020     mss_mmw_per4f.oer4f (.const:ti_sysbios_gates_GateMutex_Object__DESC__C)
                  00015514    00000020     mss_mmw_per4f.oer4f (.const:ti_sysbios_heaps_HeapMem_Object__DESC__C)
                  00015534    00000020     mss_mmw_per4f.oer4f (.const:ti_sysbios_knl_Event_Object__DESC__C)
                  00015554    00000020     mss_mmw_per4f.oer4f (.const:ti_sysbios_knl_Queue_Object__DESC__C)
                  00015574    00000020     mss_mmw_per4f.oer4f (.const:ti_sysbios_knl_Semaphore_Object__DESC__C)
                  00015594    00000020     mss_mmw_per4f.oer4f (.const:ti_sysbios_knl_Task_Object__DESC__C)
                  000155b4    0000001c     libspi_xwr16xx.aer4f : mibspi_dma.oer4f (.const:$P$T0$1)
                  000155d0    00000018     mss_mmw_per4f.oer4f (.const:ti_sysbios_gates_GateHwi_Object__PARAMS__C)
                  000155e8    00000018     mss_mmw_per4f.oer4f (.const:ti_sysbios_gates_GateMutex_Object__PARAMS__C)
                  00015600    00000018     mss_mmw_per4f.oer4f (.const:ti_sysbios_knl_Event_Object__PARAMS__C)
                  00015618    00000018     mss_mmw_per4f.oer4f (.const:ti_sysbios_knl_Queue_Object__PARAMS__C)
                  00015630    00000016     mss_mmw_per4f.oer4f (.const:xdc_runtime_Startup_sfxnRts__A)
                  00015646    00000002     mss_mmw_per4f.oer4f (.const:ti_sysbios_family_arm_v7a_Pmu_Module__id__C)
                  00015648    00000014     libmailbox_xwr16xx.aer4f : mailbox.oer4f (.const:Mailbox_defaultCfg)
                  0001565c    00000010     libmmwavelink_xwr16xx.aer4f : rl_driver.oer4f (.const:$P$T1$2)
                  0001566c    00000010     mss_mmw_per4f.oer4f (.const:ti_sysbios_family_arm_v7r_vim_Hwi_intReqEnaSet__A)
                  0001567c    00000010     mss_mmw_per4f.oer4f (.const:ti_sysbios_family_arm_v7r_vim_Hwi_wakeEnaSet__A)
                  0001568c    0000000c     libmmwavelink_xwr16xx.aer4f : rl_driver.oer4f (.const:.string:$P$T2$3)
                  00015698    0000000c     libspi_xwr16xx.aer4f : SPI.oer4f (.const:SPI_defaultSlaveParams)
                  000156a4    00000008     mss_mmw_per4f.oer4f (.const:ti_sysbios_knl_Idle_funcList__C)
                  000156ac    00000008     mss_mmw_per4f.oer4f (.const:xdc_runtime_Startup_firstFxns__A)
                  000156b4    00000008     mss_mmw_per4f.oer4f (.const:xdc_runtime_Startup_firstFxns__C)
                  000156bc    00000008     mss_mmw_per4f.oer4f (.const:xdc_runtime_Startup_lastFxns__C)
                  000156c4    00000004     mss_mmw_per4f.oer4f (.const:ti_sysbios_family_arm_TaskSupport_stackAlignment__C)
                  000156c8    00000004     mss_mmw_per4f.oer4f (.const:ti_sysbios_family_arm_exc_Exception_E_dataAbort__C)
                  000156cc    00000004     mss_mmw_per4f.oer4f (.const:ti_sysbios_family_arm_exc_Exception_E_prefetchAbort__C)
                  000156d0    00000004     mss_mmw_per4f.oer4f (.const:ti_sysbios_family_arm_exc_Exception_E_swi__C)
                  000156d4    00000004     mss_mmw_per4f.oer4f (.const:ti_sysbios_family_arm_exc_Exception_E_undefinedInstruction__C)
                  000156d8    00000004     mss_mmw_per4f.oer4f (.const:ti_sysbios_family_arm_exc_Exception_excHookFuncs__A)
                  000156dc    00000004     mss_mmw_per4f.oer4f (.const:ti_sysbios_family_arm_exc_Exception_excHookFuncs__C)
                  000156e0    00000004     mss_mmw_per4f.oer4f (.const:ti_sysbios_family_arm_v7a_Pmu_A_invalidCounterId__C)
                  000156e4    00000004     mss_mmw_per4f.oer4f (.const:ti_sysbios_family_arm_v7a_Pmu_Module__diagsEnabled__C)
                  000156e8    00000004     mss_mmw_per4f.oer4f (.const:ti_sysbios_family_arm_v7a_Pmu_Module__diagsIncluded__C)
                  000156ec    00000004     mss_mmw_per4f.oer4f (.const:ti_sysbios_family_arm_v7a_Pmu_Module__diagsMask__C)
                  000156f0    00000004     mss_mmw_per4f.oer4f (.const:ti_sysbios_family_arm_v7r_tms570_Core_E_mismatchedIds__C)
                  000156f4    00000004     mss_mmw_per4f.oer4f (.const:ti_sysbios_family_arm_v7r_tms570_Core_id__C)
                  000156f8    00000004     mss_mmw_per4f.oer4f (.const:ti_sysbios_family_arm_v7r_vim_Hwi_A_badChannelId__C)
                  000156fc    00000004     mss_mmw_per4f.oer4f (.const:ti_sysbios_family_arm_v7r_vim_Hwi_E_alreadyDefined__C)
                  00015700    00000004     mss_mmw_per4f.oer4f (.const:ti_sysbios_family_arm_v7r_vim_Hwi_E_badIntNum__C)
                  00015704    00000004     mss_mmw_per4f.oer4f (.const:ti_sysbios_family_arm_v7r_vim_Hwi_E_phantomInterrupt__C)
                  00015708    00000004     mss_mmw_per4f.oer4f (.const:ti_sysbios_family_arm_v7r_vim_Hwi_E_undefined__C)
                  0001570c    00000004     mss_mmw_per4f.oer4f (.const:ti_sysbios_family_arm_v7r_vim_Hwi_E_unsupportedMaskingOption__C)
                  00015710    00000004     mss_mmw_per4f.oer4f (.const:ti_sysbios_family_arm_v7r_vim_Hwi_LD_end__C)
                  00015714    00000004     mss_mmw_per4f.oer4f (.const:ti_sysbios_family_arm_v7r_vim_Hwi_LM_begin__C)
                  00015718    00000004     mss_mmw_per4f.oer4f (.const:ti_sysbios_family_arm_v7r_vim_Hwi_Module__diagsEnabled__C)
                  0001571c    00000004     mss_mmw_per4f.oer4f (.const:ti_sysbios_family_arm_v7r_vim_Hwi_Module__diagsIncluded__C)
                  00015720    00000004     mss_mmw_per4f.oer4f (.const:ti_sysbios_family_arm_v7r_vim_Hwi_Module__diagsMask__C)
                  00015724    00000004     mss_mmw_per4f.oer4f (.const:ti_sysbios_family_arm_v7r_vim_Hwi_Module__loggerFxn1__C)
                  00015728    00000004     mss_mmw_per4f.oer4f (.const:ti_sysbios_family_arm_v7r_vim_Hwi_Module__loggerFxn8__C)
                  0001572c    00000004     mss_mmw_per4f.oer4f (.const:ti_sysbios_family_arm_v7r_vim_Hwi_Module__loggerObj__C)
                  00015730    00000004     mss_mmw_per4f.oer4f (.const:ti_sysbios_family_arm_v7r_vim_Hwi_NUM_INTERRUPTS__C)
                  00015734    00000004     mss_mmw_per4f.oer4f (.const:ti_sysbios_family_arm_v7r_vim_Hwi_channelMap__C)
                  00015738    00000004     mss_mmw_per4f.oer4f (.const:ti_sysbios_family_arm_v7r_vim_Hwi_intReqEnaSet__C)
                  0001573c    00000004     mss_mmw_per4f.oer4f (.const:ti_sysbios_family_arm_v7r_vim_Hwi_phantomFunc__C)
                  00015740    00000004     mss_mmw_per4f.oer4f (.const:ti_sysbios_family_arm_v7r_vim_Hwi_swiDisable__C)
                  00015744    00000004     mss_mmw_per4f.oer4f (.const:ti_sysbios_family_arm_v7r_vim_Hwi_swiRestoreHwi__C)
                  00015748    00000004     mss_mmw_per4f.oer4f (.const:ti_sysbios_family_arm_v7r_vim_Hwi_taskDisable__C)
                  0001574c    00000004     mss_mmw_per4f.oer4f (.const:ti_sysbios_family_arm_v7r_vim_Hwi_taskRestoreHwi__C)
                  00015750    00000004     mss_mmw_per4f.oer4f (.const:ti_sysbios_family_arm_v7r_vim_Hwi_wakeEnaSet__C)
                  00015754    00000004     mss_mmw_per4f.oer4f (.const:ti_sysbios_gates_GateMutex_A_badContext__C)
                  00015758    00000004     mss_mmw_per4f.oer4f (.const:ti_sysbios_gates_GateMutex_Instance_State_sem__O)
                  0001575c    00000004     mss_mmw_per4f.oer4f (.const:ti_sysbios_gates_GateMutex_Module__diagsEnabled__C)
                  00015760    00000004     mss_mmw_per4f.oer4f (.const:ti_sysbios_gates_GateMutex_Module__diagsIncluded__C)
                  00015764    00000004     mss_mmw_per4f.oer4f (.const:ti_sysbios_gates_GateMutex_Module__diagsMask__C)
                  00015768    00000004     mss_mmw_per4f.oer4f (.const:ti_sysbios_hal_Hwi_E_stackOverflow__C)
                  0001576c    00000004     mss_mmw_per4f.oer4f (.const:ti_sysbios_heaps_HeapBuf_Instance_State_freeList__O)
                  00015770    00000004     mss_mmw_per4f.oer4f (.const:ti_sysbios_heaps_HeapBuf_Object__count__C)
                  00015774    00000004     mss_mmw_per4f.oer4f (.const:ti_sysbios_heaps_HeapBuf_numConstructedHeaps__C)
                  00015778    00000004     mss_mmw_per4f.oer4f (.const:ti_sysbios_heaps_HeapMem_A_align__C)
                  0001577c    00000004     mss_mmw_per4f.oer4f (.const:ti_sysbios_heaps_HeapMem_A_heapSize__C)
                  00015780    00000004     mss_mmw_per4f.oer4f (.const:ti_sysbios_heaps_HeapMem_A_invalidFree__C)
                  00015784    00000004     mss_mmw_per4f.oer4f (.const:ti_sysbios_heaps_HeapMem_A_zeroBlock__C)
                  00015788    00000004     mss_mmw_per4f.oer4f (.const:ti_sysbios_heaps_HeapMem_E_memory__C)
                  0001578c    00000004     mss_mmw_per4f.oer4f (.const:ti_sysbios_heaps_HeapMem_Module__diagsEnabled__C)
                  00015790    00000004     mss_mmw_per4f.oer4f (.const:ti_sysbios_heaps_HeapMem_Module__diagsIncluded__C)
                  00015794    00000004     mss_mmw_per4f.oer4f (.const:ti_sysbios_heaps_HeapMem_Module__diagsMask__C)
                  00015798    00000004     mss_mmw_per4f.oer4f (.const:ti_sysbios_heaps_HeapMem_Module__gateObj__C)
                  0001579c    00000004     mss_mmw_per4f.oer4f (.const:ti_sysbios_heaps_HeapMem_Object__count__C)
                  000157a0    00000004     mss_mmw_per4f.oer4f (.const:ti_sysbios_heaps_HeapMem_reqAlign__C)
                  000157a4    00000004     mss_mmw_per4f.oer4f (.const:ti_sysbios_knl_Clock_LM_begin__C)
                  000157a8    00000004     mss_mmw_per4f.oer4f (.const:ti_sysbios_knl_Clock_LM_tick__C)
                  000157ac    00000004     mss_mmw_per4f.oer4f (.const:ti_sysbios_knl_Clock_LW_delayed__C)
                  000157b0    00000004     mss_mmw_per4f.oer4f (.const:ti_sysbios_knl_Clock_Module_State_clockQ__O)
                  000157b4    00000004     mss_mmw_per4f.oer4f (.const:ti_sysbios_knl_Clock_Module__diagsEnabled__C)
                  000157b8    00000004     mss_mmw_per4f.oer4f (.const:ti_sysbios_knl_Clock_Module__diagsIncluded__C)
                  000157bc    00000004     mss_mmw_per4f.oer4f (.const:ti_sysbios_knl_Clock_Module__diagsMask__C)
                  000157c0    00000004     mss_mmw_per4f.oer4f (.const:ti_sysbios_knl_Clock_Module__loggerFxn1__C)
                  000157c4    00000004     mss_mmw_per4f.oer4f (.const:ti_sysbios_knl_Clock_Module__loggerFxn2__C)
                  000157c8    00000004     mss_mmw_per4f.oer4f (.const:ti_sysbios_knl_Clock_Module__loggerObj__C)
                  000157cc    00000004     mss_mmw_per4f.oer4f (.const:ti_sysbios_knl_Event_A_nullEventId__C)
                  000157d0    00000004     mss_mmw_per4f.oer4f (.const:ti_sysbios_knl_Event_Instance_State_pendQ__O)
                  000157d4    00000004     mss_mmw_per4f.oer4f (.const:ti_sysbios_knl_Event_LM_post__C)
                  000157d8    00000004     mss_mmw_per4f.oer4f (.const:ti_sysbios_knl_Event_Module__diagsEnabled__C)
                  000157dc    00000004     mss_mmw_per4f.oer4f (.const:ti_sysbios_knl_Event_Module__diagsIncluded__C)
                  000157e0    00000004     mss_mmw_per4f.oer4f (.const:ti_sysbios_knl_Event_Module__diagsMask__C)
                  000157e4    00000004     mss_mmw_per4f.oer4f (.const:ti_sysbios_knl_Event_Module__loggerFxn4__C)
                  000157e8    00000004     mss_mmw_per4f.oer4f (.const:ti_sysbios_knl_Event_Module__loggerObj__C)
                  000157ec    00000004     mss_mmw_per4f.oer4f (.const:ti_sysbios_knl_Idle_funcList__A)
                  000157f0    00000004     mss_mmw_per4f.oer4f (.const:ti_sysbios_knl_Semaphore_A_badContext__C)
                  000157f4    00000004     mss_mmw_per4f.oer4f (.const:ti_sysbios_knl_Semaphore_A_noEvents__C)
                  000157f8    00000004     mss_mmw_per4f.oer4f (.const:ti_sysbios_knl_Semaphore_A_overflow__C)
                  000157fc    00000004     mss_mmw_per4f.oer4f (.const:ti_sysbios_knl_Semaphore_A_pendTaskDisabled__C)
                  00015800    00000004     mss_mmw_per4f.oer4f (.const:ti_sysbios_knl_Semaphore_Instance_State_pendQ__O)
                  00015804    00000004     mss_mmw_per4f.oer4f (.const:ti_sysbios_knl_Semaphore_LM_pend__C)
                  00015808    00000004     mss_mmw_per4f.oer4f (.const:ti_sysbios_knl_Semaphore_LM_post__C)
                  0001580c    00000004     mss_mmw_per4f.oer4f (.const:ti_sysbios_knl_Semaphore_Module__diagsEnabled__C)
                  00015810    00000004     mss_mmw_per4f.oer4f (.const:ti_sysbios_knl_Semaphore_Module__diagsIncluded__C)
                  00015814    00000004     mss_mmw_per4f.oer4f (.const:ti_sysbios_knl_Semaphore_Module__diagsMask__C)
                  00015818    00000004     mss_mmw_per4f.oer4f (.const:ti_sysbios_knl_Semaphore_Module__loggerFxn2__C)
                  0001581c    00000004     mss_mmw_per4f.oer4f (.const:ti_sysbios_knl_Semaphore_Module__loggerFxn4__C)
                  00015820    00000004     mss_mmw_per4f.oer4f (.const:ti_sysbios_knl_Semaphore_Module__loggerObj__C)
                  00015824    00000004     mss_mmw_per4f.oer4f (.const:ti_sysbios_knl_Swi_LD_end__C)
                  00015828    00000004     mss_mmw_per4f.oer4f (.const:ti_sysbios_knl_Swi_LM_begin__C)
                  0001582c    00000004     mss_mmw_per4f.oer4f (.const:ti_sysbios_knl_Swi_LM_post__C)
                  00015830    00000004     mss_mmw_per4f.oer4f (.const:ti_sysbios_knl_Swi_Module__diagsEnabled__C)
                  00015834    00000004     mss_mmw_per4f.oer4f (.const:ti_sysbios_knl_Swi_Module__diagsIncluded__C)
                  00015838    00000004     mss_mmw_per4f.oer4f (.const:ti_sysbios_knl_Swi_Module__diagsMask__C)
                  0001583c    00000004     mss_mmw_per4f.oer4f (.const:ti_sysbios_knl_Swi_Module__loggerFxn1__C)
                  00015840    00000004     mss_mmw_per4f.oer4f (.const:ti_sysbios_knl_Swi_Module__loggerFxn4__C)
                  00015844    00000004     mss_mmw_per4f.oer4f (.const:ti_sysbios_knl_Swi_Module__loggerObj__C)
                  00015848    00000004     mss_mmw_per4f.oer4f (.const:ti_sysbios_knl_Swi_Object__count__C)
                  0001584c    00000004     mss_mmw_per4f.oer4f (.const:ti_sysbios_knl_Task_A_badPriority__C)
                  00015850    00000004     mss_mmw_per4f.oer4f (.const:ti_sysbios_knl_Task_A_badTaskState__C)
                  00015854    00000004     mss_mmw_per4f.oer4f (.const:ti_sysbios_knl_Task_A_badThreadType__C)
                  00015858    00000004     mss_mmw_per4f.oer4f (.const:ti_sysbios_knl_Task_A_badTimeout__C)
                  0001585c    00000004     mss_mmw_per4f.oer4f (.const:ti_sysbios_knl_Task_A_noPendElem__C)
                  00015860    00000004     mss_mmw_per4f.oer4f (.const:ti_sysbios_knl_Task_A_sleepTaskDisabled__C)
                  00015864    00000004     mss_mmw_per4f.oer4f (.const:ti_sysbios_knl_Task_E_spOutOfBounds__C)
                  00015868    00000004     mss_mmw_per4f.oer4f (.const:ti_sysbios_knl_Task_E_stackOverflow__C)
                  0001586c    00000004     mss_mmw_per4f.oer4f (.const:ti_sysbios_knl_Task_LD_block__C)
                  00015870    00000004     mss_mmw_per4f.oer4f (.const:ti_sysbios_knl_Task_LD_exit__C)
                  00015874    00000004     mss_mmw_per4f.oer4f (.const:ti_sysbios_knl_Task_LD_ready__C)
                  00015878    00000004     mss_mmw_per4f.oer4f (.const:ti_sysbios_knl_Task_LM_sleep__C)
                  0001587c    00000004     mss_mmw_per4f.oer4f (.const:ti_sysbios_knl_Task_LM_switch__C)
                  00015880    00000004     mss_mmw_per4f.oer4f (.const:ti_sysbios_knl_Task_Module_State_inactiveQ__O)
                  00015884    00000004     mss_mmw_per4f.oer4f (.const:ti_sysbios_knl_Task_Module__diagsEnabled__C)
                  00015888    00000004     mss_mmw_per4f.oer4f (.const:ti_sysbios_knl_Task_Module__diagsIncluded__C)
                  0001588c    00000004     mss_mmw_per4f.oer4f (.const:ti_sysbios_knl_Task_Module__diagsMask__C)
                  00015890    00000004     mss_mmw_per4f.oer4f (.const:ti_sysbios_knl_Task_Module__loggerFxn2__C)
                  00015894    00000004     mss_mmw_per4f.oer4f (.const:ti_sysbios_knl_Task_Module__loggerFxn4__C)
                  00015898    00000004     mss_mmw_per4f.oer4f (.const:ti_sysbios_knl_Task_Module__loggerObj__C)
                  0001589c    00000004     mss_mmw_per4f.oer4f (.const:ti_sysbios_knl_Task_Object__count__C)
                  000158a0    00000004     mss_mmw_per4f.oer4f (.const:ti_sysbios_knl_Task_allBlockedFunc__C)
                  000158a4    00000004     mss_mmw_per4f.oer4f (.const:ti_sysbios_knl_Task_defaultStackHeap__C)
                  000158a8    00000004     mss_mmw_per4f.oer4f (.const:ti_sysbios_knl_Task_defaultStackSize__C)
                  000158ac    00000004     mss_mmw_per4f.oer4f (.const:ti_sysbios_knl_Task_numConstructedTasks__C)
                  000158b0    00000004     mss_mmw_per4f.oer4f (.const:ti_sysbios_timers_rti_Timer_E_cannotSupport__C)
                  000158b4    00000004     mss_mmw_per4f.oer4f (.const:ti_sysbios_timers_rti_Timer_Module__diagsEnabled__C)
                  000158b8    00000004     mss_mmw_per4f.oer4f (.const:ti_sysbios_timers_rti_Timer_Module__diagsIncluded__C)
                  000158bc    00000004     mss_mmw_per4f.oer4f (.const:ti_sysbios_timers_rti_Timer_Module__diagsMask__C)
                  000158c0    00000004     mss_mmw_per4f.oer4f (.const:ti_sysbios_timers_rti_Timer_numTimerDevices__C)
                  000158c4    00000004     mss_mmw_per4f.oer4f (.const:ti_sysbios_timers_rti_Timer_startupNeeded__C)
                  000158c8    00000004     mss_mmw_per4f.oer4f (.const:xdc_runtime_Assert_E_assertFailed__C)
                  000158cc    00000004     mss_mmw_per4f.oer4f (.const:xdc_runtime_Core_A_initializedParams__C)
                  000158d0    00000004     mss_mmw_per4f.oer4f (.const:xdc_runtime_Core_Module__diagsEnabled__C)
                  000158d4    00000004     mss_mmw_per4f.oer4f (.const:xdc_runtime_Core_Module__diagsIncluded__C)
                  000158d8    00000004     mss_mmw_per4f.oer4f (.const:xdc_runtime_Core_Module__diagsMask__C)
                  000158dc    00000004     mss_mmw_per4f.oer4f (.const:xdc_runtime_Error_E_memory__C)
                  000158e0    00000004     mss_mmw_per4f.oer4f (.const:xdc_runtime_Error_Module__diagsEnabled__C)
                  000158e4    00000004     mss_mmw_per4f.oer4f (.const:xdc_runtime_Error_Module__diagsIncluded__C)
                  000158e8    00000004     mss_mmw_per4f.oer4f (.const:xdc_runtime_Error_Module__diagsMask__C)
                  000158ec    00000004     mss_mmw_per4f.oer4f (.const:xdc_runtime_Error_Module__loggerFxn8__C)
[...]
000157a0  ti_sysbios_heaps_HeapMem_reqAlign__C                                 
000157a4  ti_sysbios_knl_Clock_LM_begin__C                                     
000157a8  ti_sysbios_knl_Clock_LM_tick__C                                      
000157ac  ti_sysbios_knl_Clock_LW_delayed__C                                   
000157b0  ti_sysbios_knl_Clock_Module_State_clockQ__O                          
000157b4  ti_sysbios_knl_Clock_Module__diagsEnabled__C                         
000157b8  ti_sysbios_knl_Clock_Module__diagsIncluded__C                        
000157bc  ti_sysbios_knl_Clock_Module__diagsMask__C                            
000157c0  ti_sysbios_knl_Clock_Module__loggerFxn1__C                           
000157c4  ti_sysbios_knl_Clock_Module__loggerFxn2__C                           
000157c8  ti_sysbios_knl_Clock_Module__loggerObj__C                            
000157cc  ti_sysbios_knl_Event_A_nullEventId__C                                
000157d0  ti_sysbios_knl_Event_Instance_State_pendQ__O                         
000157d4  ti_sysbios_knl_Event_LM_post__C                                      
000157d8  ti_sysbios_knl_Event_Module__diagsEnabled__C                         
000157dc  ti_sysbios_knl_Event_Module__diagsIncluded__C                        
000157e0  ti_sysbios_knl_Event_Module__diagsMask__C                            
000157e4  ti_sysbios_knl_Event_Module__loggerFxn4__C                           
000157e8  ti_sysbios_knl_Event_Module__loggerObj__C                            
000157ec  ti_sysbios_knl_Idle_funcList__A                                      
000157f0  ti_sysbios_knl_Semaphore_A_badContext__C                             
000157f4  ti_sysbios_knl_Semaphore_A_noEvents__C                               
000157f8  ti_sysbios_knl_Semaphore_A_overflow__C                               
000157fc  ti_sysbios_knl_Semaphore_A_pendTaskDisabled__C                       
00015800  ti_sysbios_knl_Semaphore_Instance_State_pendQ__O                     
00015804  ti_sysbios_knl_Semaphore_LM_pend__C                                  
00015808  ti_sysbios_knl_Semaphore_LM_post__C                                  
0001580c  ti_sysbios_knl_Semaphore_Module__diagsEnabled__C                     
00015810  ti_sysbios_knl_Semaphore_Module__diagsIncluded__C                    
00015814  ti_sysbios_knl_Semaphore_Module__diagsMask__C                        
00015818  ti_sysbios_knl_Semaphore_Module__loggerFxn2__C                       
0001581c  ti_sysbios_knl_Semaphore_Module__loggerFxn4__C                       
00015820  ti_sysbios_knl_Semaphore_Module__loggerObj__C                        
00015824  ti_sysbios_knl_Swi_LD_end__C                                         
00015828  ti_sysbios_knl_Swi_LM_begin__C                                       
0001582c  ti_sysbios_knl_Swi_LM_post__C                                        
00015830  ti_sysbios_knl_Swi_Module__diagsEnabled__C                           
00015834  ti_sysbios_knl_Swi_Module__diagsIncluded__C                          
00015838  ti_sysbios_knl_Swi_Module__diagsMask__C                              
0001583c  ti_sysbios_knl_Swi_Module__loggerFxn1__C                             
00015840  ti_sysbios_knl_Swi_Module__loggerFxn4__C                             
00015844  ti_sysbios_knl_Swi_Module__loggerObj__C                              
00015848  ti_sysbios_knl_Swi_Object__count__C                                  
0001584c  ti_sysbios_knl_Task_A_badPriority__C                                 
00015850  ti_sysbios_knl_Task_A_badTaskState__C                                
00015854  ti_sysbios_knl_Task_A_badThreadType__C                               
00015858  ti_sysbios_knl_Task_A_badTimeout__C                                  
0001585c  ti_sysbios_knl_Task_A_noPendElem__C                                  
00015860  ti_sysbios_knl_Task_A_sleepTaskDisabled__C                           
00015864  ti_sysbios_knl_Task_E_spOutOfBounds__C                               
00015868  ti_sysbios_knl_Task_E_stackOverflow__C                               
0001586c  ti_sysbios_knl_Task_LD_block__C                                      
00015870  ti_sysbios_knl_Task_LD_exit__C                                       
00015874  ti_sysbios_knl_Task_LD_ready__C                                      
00015878  ti_sysbios_knl_Task_LM_sleep__C                                      
0001587c  ti_sysbios_knl_Task_LM_switch__C                                     
00015880  ti_sysbios_knl_Task_Module_State_inactiveQ__O                        
00015884  ti_sysbios_knl_Task_Module__diagsEnabled__C                          
00015888  ti_sysbios_knl_Task_Module__diagsIncluded__C                         
0001588c  ti_sysbios_knl_Task_Module__diagsMask__C                             
00015890  ti_sysbios_knl_Task_Module__loggerFxn2__C                            
00015894  ti_sysbios_knl_Task_Module__loggerFxn4__C                            
00015898  ti_sysbios_knl_Task_Module__loggerObj__C                             
0001589c  ti_sysbios_knl_Task_Object__count__C                                 
000158a0  ti_sysbios_knl_Task_allBlockedFunc__C                                
000158a4  ti_sysbios_knl_Task_defaultStackHeap__C                              
000158a8  ti_sysbios_knl_Task_defaultStackSize__C                              
000158ac  ti_sysbios_knl_Task_numConstructedTasks__C                           
000158b0  ti_sysbios_timers_rti_Timer_E_cannotSupport__C                       
000158b4  ti_sysbios_timers_rti_Timer_Module__diagsEnabled__C                  
000158b8  ti_sysbios_timers_rti_Timer_Module__diagsIncluded__C                 
000158bc  ti_sysbios_timers_rti_Timer_Module__diagsMask__C                     
000158c0  ti_sysbios_timers_rti_Timer_numTimerDevices__C                       
000158c4  ti_sysbios_timers_rti_Timer_startupNeeded__C                         
000158c8  xdc_runtime_Assert_E_assertFailed__C                                 
000158cc  xdc_runtime_Core_A_initializedParams__C                              
000158d0  xdc_runtime_Core_Module__diagsEnabled__C                             
000158d4  xdc_runtime_Core_Module__diagsIncluded__C                            
000158d8  xdc_runtime_Core_Module__diagsMask__C                                
000158dc  xdc_runtime_Error_E_memory__C                                        
000158e0  xdc_runtime_Error_Module__diagsEnabled__C                            
000158e4  xdc_runtime_Error_Module__diagsIncluded__C                           
000158e8  xdc_runtime_Error_Module__diagsMask__C                               
000158ec  xdc_runtime_Error_Module__loggerFxn8__C                              
000158f0  xdc_runtime_Error_Module__loggerObj__C                               
000158f4  xdc_runtime_Error_policyFxn__C                                       
000158f8  xdc_runtime_Error_raiseHook__C                                       
000158fc  xdc_runtime_IGateProvider_Interface__BASE__C                         
00015900  xdc_runtime_IHeap_Interface__BASE__C                                 
00015904  xdc_runtime_IModule_Interface__BASE__C                               
00015908  xdc_runtime_Log_L_error__C                                           
0001590c  xdc_runtime_Memory_defaultHeapInstance__C                            
00015910  xdc_runtime_Startup_execImpl__C                                      
00015914  xdc_runtime_Startup_maxPasses__C                                     
00015918  xdc_runtime_Startup_sfxnRts__C                                       
0001591c  xdc_runtime_Startup_sfxnTab__C                                       
00015920  xdc_runtime_System_Module__gateObj__C                                
00015924  xdc_runtime_System_abortFxn__C                                       
00015928  xdc_runtime_System_exitFxn__C                                        
0001592c  xdc_runtime_System_extendFxn__C                                      
00015930  xdc_runtime_System_maxAtexitHandlers__C                              
00015934  xdc_runtime_Text_charTab__C                                          
00015938  xdc_runtime_Text_nameEmpty__C                                        
0001593c  xdc_runtime_Text_nameStatic__C                                       
00015940  xdc_runtime_Text_nameUnknown__C                                      
00015944  xdc_runtime_Text_nodeTab__C                                          
00015948  xdc_runtime_Text_visitRopeFxn__C                                     
0001594c  ti_sysbios_family_arm_v7r_tms570_Core_Module__id__C                  
0001594e  ti_sysbios_family_arm_v7r_vim_Hwi_Module__id__C                      
00015950  ti_sysbios_family_arm_v7r_vim_Hwi_Module__loggerDefined__C           
00015952  ti_sysbios_gates_GateMutex_Module__id__C                             
00015954  ti_sysbios_hal_Hwi_Module__id__C                                     
00015956  ti_sysbios_heaps_HeapMem_Module__id__C                               
00015958  ti_sysbios_knl_Clock_Module__id__C                                   
0001595a  ti_sysbios_knl_Clock_Module__loggerDefined__C                        
0001595c  ti_sysbios_knl_Event_Module__id__C                                   
0001595e  ti_sysbios_knl_Event_Module__loggerDefined__C                        
00015960  ti_sysbios_knl_Semaphore_Module__id__C                               
00015962  ti_sysbios_knl_Semaphore_Module__loggerDefined__C                    
00015964  ti_sysbios_knl_Swi_Module__id__C                                     
00015966  ti_sysbios_knl_Swi_Module__loggerDefined__C                          
00015968  ti_sysbios_knl_Task_Module__id__C                                    
0001596a  ti_sysbios_knl_Task_Module__loggerDefined__C                         
0001596c  ti_sysbios_timers_rti_Timer_Module__id__C                            
0001596e  ti_sysbios_timers_rti_Timer_continueOnSuspend__C                     
00015970  xdc_runtime_Core_Module__id__C                                       
00015972  xdc_runtime_Error_Module__loggerDefined__C                           
00015974  xdc_runtime_Error_maxDepth__C                                        
00015976  xdc_runtime_Main_Module__id__C                                       
00015978  xdc_runtime_Memory_Module__id__C                                     
0001597a  xdc_runtime_Text_charCnt__C                                          
0001597c  xdc_runtime_Text_isLoaded__C                                         
0001597e  xdc_runtime_Text_registryModsLastId__C                               
00015980  xdc_runtime_Text_unnamedModsLastId__C                                
00015988  ti_sysbios_heaps_HeapMem_Instance_State_0_buf__A                     
0001d988  __TI_static_base__                                                   
0001dcdc  __TI_Handler_Table_Base                                              
0001dce8  __TI_Handler_Table_Limit                                             
0001dd00  __TI_CINIT_Base                                                      
0001dd20  __TI_CINIT_Limit                                                     
08000000  ti_sysbios_family_arm_exc_Exception_Module_State_0_excStack_0__A     
08001000  ti_sysbios_knl_Task_Instance_State_0_stack__A                        
08001800  gGPIOMCB                                                             
08001994  __CIOBUF_                                                            
08001ab4  gMMWave_MCB                                                          
08001b68  __TI_tmpnams                                                         
08001c10  gDMADriverPtr                                                        
08001c18  gMMWave_XWR16xxMCB                                                   
08001c20  __stack                                                              
08002c20  D2H_SYNC_PATTERN                                                     
08002c20  __STACK_END                                                          
08002c24  H2D_SYNC_PATTERN                                                     
08002c28  H2D_CNYS_PATTERN                                                     
08002c2c  rl_txMsg                                                             
08002d2c  rl_rxMsg                                                             
08002e2c  rl_driverData                                                        
08003000  ti_sysbios_family_arm_v7r_vim_Hwi_Module_State_0_dispatchTable__A    
08003200  handle                                                               
08003204  SPISem                                                               
08003208  gDmaHandle                                                           
0800320c  spiTransaction                                                       
08003220  msg                                                                  
0800327d  rx                                                                   
080032dc  gMmwMssMCB                                                           
080033a0  _ftable                                                              
08003560  ti_sysbios_knl_Swi_Module_State_0_readyQ__A                          
080035e0  ti_sysbios_knl_Task_Module_State_0_readyQ__A                         
08003660  gDMAHwCfg                                                            
080036b8  ti_sysbios_knl_Task_Object__table__V                                 
08003704  gFuncPtrDetailIndex                                                  
08003706  apiErrorStatus                                                       
0800370c  funcPtrDetails                                                       
0800374c  gMailboxMCB                                                          
08003794  ti_sysbios_knl_Task_Module__state__V                                 
080037d8  gSpiHwCfg                                                            
08003810  ti_sysbios_gates_GateMutex_Object__table__V                          
08003848  ti_sysbios_timers_rti_Timer_Object__table__V                         
08003880  ti_sysbios_family_arm_v7r_vim_Hwi_Module__state__V                   
080038b4  ti_sysbios_knl_Swi_Object__table__V                                  
080038e4  gESMHwCfg                                                            
080038e8  pESMHwiHandle                                                        
080038ec  dbg_esm_isr_cnt                                                      
080038fc  gESMInitStatus                                                       
08003910  ti_sysbios_family_arm_v7r_vim_Hwi_Object__table__V                   
0800393c  ti_sysbios_knl_Clock_Module__state__V                                
08003968  SPI_config                                                           
0800398c  gMMWaveHwAttributes                                                  
080039b0  ti_sysbios_BIOS_Module__state__V                                     
080039d4  xdc_runtime_Error_IgnoreBlock                                        
080039f4  xdc_runtime_System_Module_State_0_atexitHandlers__A                  
08003a14  gSpiFxnTable                                                         
08003a30  ti_sysbios_knl_Swi_Module__state__V                                  
08003a4c  gMailboxMssBssHwCfg                                                  
08003a64  gMailboxMssDssHwCfg                                                  
08003a7c  ti_sysbios_heaps_HeapMem_Object__table__V                            
08003a94  ti_sysbios_timers_rti_Timer_Module_State_0_device__A                 
08003aac  gSOCHwAttrib                                                         
08003ac0  ti_sysbios_family_arm_exc_Exception_Module__state__V                 
08003ad4  __TI_ft_end                                                          
08003ad8  __aeabi_stdin                                                        
08003adc  __aeabi_stdout                                                       
08003ae0  __aeabi_stderr                                                       
08003ae4  ti_sysbios_timers_rti_Timer_Module_State_0_intFreqs__A               
08003af4  ti_sysbios_timers_rti_Timer_Module__state__V                         
08003b04  __TI_cleanup_ptr                                                     
08003b08  __TI_dtors_ptr                                                       
08003b0c  __TI_enable_exit_profile_output                                      
08003b10  ti_sysbios_family_arm_v7a_Pmu_Module__state__V                       
08003b1c  _lock                                                                
08003b20  _unlock                                                              
08003b24  gESMHwCfgAttrs                                                       
08003b2c  gGPIOHwAtrrib                                                        
08003b34  ti_sysbios_family_arm_v7r_vim_Hwi_Module__root__V                    
08003b3c  ti_sysbios_gates_GateHwi_Module__root__V                             
08003b44  ti_sysbios_gates_GateMutex_Module__root__V                           
08003b4c  ti_sysbios_hal_Hwi_Object__table__V                                  
08003b54  ti_sysbios_heaps_HeapMem_Module__root__V                             
08003b5c  ti_sysbios_knl_Event_Module__root__V                                 
08003b64  ti_sysbios_knl_Queue_Module__root__V                                 
08003b6c  ti_sysbios_knl_Semaphore_Module__root__V                             
08003b74  ti_sysbios_knl_Task_Module__root__V                                  
08003b7c  ti_sysbios_timers_rti_Timer_Module_State_0_handles__A                
08003b84  xdc_runtime_Registry_Module__state__V                                
08003b8c  xdc_runtime_Startup_Module__state__V                                 
08003b94  xdc_runtime_System_Module__state__V                                  
08003b9c  DMA_defaultParams                                                    
08003ba0  gCRCRegister                                                         
08003ba4  gPinmuxRegs                                                          
08003bac  errno                                                                
08003bb4  main_func_sp                                                         
08003bb8  ti_sysbios_family_arm_exc_Exception_Module_State_0_excContext__A     
08003bbc  ti_sysbios_family_arm_exc_Exception_Module_State_0_excStackBuffers__A
08003bc0  ti_sysbios_family_arm_exc_Exception_Module_State_0_excStack__A       
08003bc4  ti_sysbios_gates_GateHwi_Object__table__V                            
08003bc8  ti_sysbios_heaps_HeapBuf_Module__state__V                            
08003bcc  ti_sysbios_knl_Task_Module_State_0_idleTask__A                       
08003bd0  xdc_runtime_Memory_Module__state__V                                  
08003bd4  ti_sysbios_family_arm_exc_Exception_Module_State_0_excActive__A      
08003bd6  xdc_runtime_Error_Module__state__V                                   
08003bd8  ti_sysbios_family_arm_v7r_vim_Hwi_Module_State_0_fiqStack__A         
fffffdec  ti_sysbios_family_arm_v7r_vim_Hwi_vim                                
ffffffff  __TI_pprof_out_hndl                                                  
ffffffff  __TI_prof_data_size                                                  
ffffffff  __TI_prof_data_start                                                 
ffffffff  __binit__                                                            
ffffffff  __c_args__                                                           
ffffffff  binit                                                                
UNDEFED   SHT$$INIT_ARRAY$$Base                                                
UNDEFED   SHT$$INIT_ARRAY$$Limit                                               

[842 symbols]
